Component: ARM Compiler 5.06 update 7 (build 960) Tool: armlink [4d3601]

==============================================================================

Section Cross References

    startup_stm32f10x_md.o(RESET) refers to startup_stm32f10x_md.o(STACK) for __initial_sp
    startup_stm32f10x_md.o(RESET) refers to startup_stm32f10x_md.o(.text) for Reset_Handler
    startup_stm32f10x_md.o(RESET) refers to stm32f10x_it.o(i.NMI_Handler) for NMI_Handler
    startup_stm32f10x_md.o(RESET) refers to stm32f10x_it.o(i.HardFault_Handler) for HardFault_Handler
    startup_stm32f10x_md.o(RESET) refers to stm32f10x_it.o(i.MemManage_Handler) for MemManage_Handler
    startup_stm32f10x_md.o(RESET) refers to stm32f10x_it.o(i.BusFault_Handler) for BusFault_Handler
    startup_stm32f10x_md.o(RESET) refers to stm32f10x_it.o(i.UsageFault_Handler) for UsageFault_Handler
    startup_stm32f10x_md.o(RESET) refers to port.o(.emb_text) for SVC_Handler
    startup_stm32f10x_md.o(RESET) refers to stm32f10x_it.o(i.DebugMon_Handler) for DebugMon_Handler
    startup_stm32f10x_md.o(RESET) refers to port.o(i.SysTick_Handler) for SysTick_Handler
    startup_stm32f10x_md.o(RESET) refers to uart.o(i.USART1_IRQHandler) for USART1_IRQHandler
    startup_stm32f10x_md.o(.text) refers to system_stm32f10x.o(i.SystemInit) for SystemInit
    startup_stm32f10x_md.o(.text) refers to entry.o(.ARM.Collect$$$$00000000) for __main
    system_stm32f10x.o(i.SetSysClock) refers to system_stm32f10x.o(i.SetSysClockTo72) for SetSysClockTo72
    system_stm32f10x.o(i.SystemCoreClockUpdate) refers to system_stm32f10x.o(.data) for SystemCoreClock
    system_stm32f10x.o(i.SystemInit) refers to system_stm32f10x.o(i.SetSysClock) for SetSysClock
    oled.o(i.OLED_Clear) refers to oled.o(.bss) for OLED_DisplayBuf
    oled.o(i.OLED_ClearArea) refers to oled.o(.bss) for OLED_DisplayBuf
    oled.o(i.OLED_DrawLine) refers to oled.o(i.OLED_DrawPoint) for OLED_DrawPoint
    oled.o(i.OLED_DrawPoint) refers to oled.o(.bss) for OLED_DisplayBuf
    oled.o(i.OLED_DrawRectangle) refers to oled.o(i.OLED_DrawPoint) for OLED_DrawPoint
    oled.o(i.OLED_GPIO_Init) refers to stm32f10x_rcc.o(i.RCC_APB2PeriphClockCmd) for RCC_APB2PeriphClockCmd
    oled.o(i.OLED_GPIO_Init) refers to stm32f10x_gpio.o(i.GPIO_Init) for GPIO_Init
    oled.o(i.OLED_GPIO_Init) refers to oled.o(i.OLED_W_SCL) for OLED_W_SCL
    oled.o(i.OLED_GPIO_Init) refers to oled.o(i.OLED_W_SDA) for OLED_W_SDA
    oled.o(i.OLED_GetPoint) refers to oled.o(.bss) for OLED_DisplayBuf
    oled.o(i.OLED_I2C_SendByte) refers to oled.o(i.OLED_W_SDA) for OLED_W_SDA
    oled.o(i.OLED_I2C_SendByte) refers to oled.o(i.OLED_W_SCL) for OLED_W_SCL
    oled.o(i.OLED_I2C_Start) refers to oled.o(i.OLED_W_SDA) for OLED_W_SDA
    oled.o(i.OLED_I2C_Start) refers to oled.o(i.OLED_W_SCL) for OLED_W_SCL
    oled.o(i.OLED_I2C_Stop) refers to oled.o(i.OLED_W_SDA) for OLED_W_SDA
    oled.o(i.OLED_I2C_Stop) refers to oled.o(i.OLED_W_SCL) for OLED_W_SCL
    oled.o(i.OLED_Init) refers to oled.o(i.OLED_GPIO_Init) for OLED_GPIO_Init
    oled.o(i.OLED_Init) refers to oled.o(i.OLED_WriteCommand) for OLED_WriteCommand
    oled.o(i.OLED_Init) refers to oled.o(i.OLED_Clear) for OLED_Clear
    oled.o(i.OLED_Init) refers to oled.o(i.OLED_Update) for OLED_Update
    oled.o(i.OLED_IsInAngle) refers to dflti.o(.text) for __aeabi_i2d
    oled.o(i.OLED_IsInAngle) refers to atan2.o(i.atan2) for atan2
    oled.o(i.OLED_IsInAngle) refers to ddiv.o(.text) for __aeabi_ddiv
    oled.o(i.OLED_IsInAngle) refers to dmul.o(.text) for __aeabi_dmul
    oled.o(i.OLED_IsInAngle) refers to dfixi.o(.text) for __aeabi_d2iz
    oled.o(i.OLED_Printf) refers to printfa.o(i.__0vsprintf) for vsprintf
    oled.o(i.OLED_Printf) refers to oled.o(i.OLED_ShowString) for OLED_ShowString
    oled.o(i.OLED_Reverse) refers to oled.o(.bss) for OLED_DisplayBuf
    oled.o(i.OLED_ReverseArea) refers to oled.o(.bss) for OLED_DisplayBuf
    oled.o(i.OLED_SetCursor) refers to oled.o(i.OLED_WriteCommand) for OLED_WriteCommand
    oled.o(i.OLED_ShowBinNum) refers to oled.o(i.OLED_Pow) for OLED_Pow
    oled.o(i.OLED_ShowBinNum) refers to oled.o(i.OLED_ShowChar) for OLED_ShowChar
    oled.o(i.OLED_ShowChar) refers to oled.o(i.OLED_ShowImage) for OLED_ShowImage
    oled.o(i.OLED_ShowChar) refers to oled_data.o(.constdata) for OLED_F8x16
    oled.o(i.OLED_ShowChinese) refers to strcmp.o(.text) for strcmp
    oled.o(i.OLED_ShowChinese) refers to oled.o(i.OLED_ShowImage) for OLED_ShowImage
    oled.o(i.OLED_ShowChinese) refers to oled_data.o(.constdata) for OLED_CF16x16
    oled.o(i.OLED_ShowFloatNum) refers to cdrcmple.o(.text) for __aeabi_cdrcmple
    oled.o(i.OLED_ShowFloatNum) refers to oled.o(i.OLED_ShowChar) for OLED_ShowChar
    oled.o(i.OLED_ShowFloatNum) refers to dfixui.o(.text) for __aeabi_d2uiz
    oled.o(i.OLED_ShowFloatNum) refers to dfltui.o(.text) for __aeabi_ui2d
    oled.o(i.OLED_ShowFloatNum) refers to dadd.o(.text) for __aeabi_drsub
[...]
    User\Menu.c                              0x00000000   Number         0  menu.o ABSOLUTE
    User\RFID.c                              0x00000000   Number         0  rfid.o ABSOLUTE
    User\main.c                              0x00000000   Number         0  main.o ABSOLUTE
    User\stm32f10x_it.c                      0x00000000   Number         0  stm32f10x_it.o ABSOLUTE
    cdcmple.s                                0x00000000   Number         0  cdcmple.o ABSOLUTE
    cdrcmple.s                               0x00000000   Number         0  cdrcmple.o ABSOLUTE
    dc.s                                     0x00000000   Number         0  dc.o ABSOLUTE
    handlers.s                               0x00000000   Number         0  handlers.o ABSOLUTE
    init.s                                   0x00000000   Number         0  init.o ABSOLUTE
    RESET                                    0x08000000   Section      236  startup_stm32f10x_md.o(RESET)
    .ARM.Collect$$$$00000000                 0x080000ec   Section        0  entry.o(.ARM.Collect$$$$00000000)
    .ARM.Collect$$$$00000001                 0x080000ec   Section        4  entry2.o(.ARM.Collect$$$$00000001)
    .ARM.Collect$$$$00000004                 0x080000f0   Section        4  entry5.o(.ARM.Collect$$$$00000004)
    .ARM.Collect$$$$00000008                 0x080000f4   Section        0  entry7b.o(.ARM.Collect$$$$00000008)
    .ARM.Collect$$$$0000000A                 0x080000f4   Section        0  entry8b.o(.ARM.Collect$$$$0000000A)
    .ARM.Collect$$$$0000000B                 0x080000f4   Section        8  entry9a.o(.ARM.Collect$$$$0000000B)
    .ARM.Collect$$$$0000000E                 0x080000fc   Section        4  entry12b.o(.ARM.Collect$$$$0000000E)
    .ARM.Collect$$$$0000000F                 0x08000100   Section        0  entry10a.o(.ARM.Collect$$$$0000000F)
    .ARM.Collect$$$$00000011                 0x08000100   Section        0  entry11a.o(.ARM.Collect$$$$00000011)
    .ARM.Collect$$$$00002712                 0x08000100   Section        4  entry2.o(.ARM.Collect$$$$00002712)
    __lit__00000000                          0x08000100   Data           4  entry2.o(.ARM.Collect$$$$00002712)
    .emb_text                                0x08000104   Section      150  port.o(.emb_text)
    .text                                    0x0800019c   Section       36  startup_stm32f10x_md.o(.text)
    .text                                    0x080001c0   Section        0  memcpya.o(.text)
    .text                                    0x080001e4   Section        0  memseta.o(.text)
    .text                                    0x08000208   Section        0  dadd.o(.text)
    .text                                    0x08000356   Section        0  dmul.o(.text)
    .text                                    0x0800043a   Section        0  ddiv.o(.text)
    .text                                    0x08000518   Section       48  cdrcmple.o(.text)
    .text                                    0x08000548   Section        0  uidiv.o(.text)
    .text                                    0x08000574   Section        0  uldiv.o(.text)
    .text                                    0x080005d6   Section        0  llshl.o(.text)
    .text                                    0x080005f4   Section        0  llushr.o(.text)
    .text                                    0x08000614   Section        0  llsshr.o(.text)
    .text                                    0x08000638   Section        0  depilogue.o(.text)
    .text                                    0x08000638   Section        0  iusefp.o(.text)
    .text                                    0x080006f2   Section        0  dfixul.o(.text)
    .text                                    0x08000724   Section       36  init.o(.text)
    i.BusFault_Handler                       0x08000748   Section        0  stm32f10x_it.o(i.BusFault_Handler)
    i.CalulateCRC                            0x0800074c   Section        0  driver_rc522.o(i.CalulateCRC)
    i.DebugMon_Handler                       0x080007b8   Section        0  stm32f10x_it.o(i.DebugMon_Handler)
    i.Delay_ms                               0x080007ba   Section        0  delay.o(i.Delay_ms)
    i.Delay_us                               0x080007d2   Section        0  delay.o(i.Delay_us)
    i.Display_Refresh                        0x080007e0   Section        0  menu.o(i.Display_Refresh)
    i.Exit_Func                              0x0800085c   Section        0  menu.o(i.Exit_Func)
    i.GPIO_Init                              0x08000888   Section        0  stm32f10x_gpio.o(i.GPIO_Init)
    i.GPIO_ReadInputDataBit                  0x0800099e   Section        0  stm32f10x_gpio.o(i.GPIO_ReadInputDataBit)
    i.GPIO_ResetBits                         0x080009b0   Section        0  stm32f10x_gpio.o(i.GPIO_ResetBits)
    i.GPIO_SetBits                           0x080009b4   Section        0  stm32f10x_gpio.o(i.GPIO_SetBits)
    i.GPIO_WriteBit                          0x080009b8   Section        0  stm32f10x_gpio.o(i.GPIO_WriteBit)
    i.HardFault_Handler                      0x080009c2   Section        0  stm32f10x_it.o(i.HardFault_Handler)
    i.KeyNum_Get                             0x080009c8   Section        0  key.o(i.KeyNum_Get)
    i.KeyNum_Get_Callback                    0x080009e0   Section        0  key.o(i.KeyNum_Get_Callback)
    i.KeyScanTimer_Create                    0x08000a28   Section        0  key.o(i.KeyScanTimer_Create)
    i.Key_Handler                            0x08000a78   Section        0  menu.o(i.Key_Handler)
    i.Key_Init                               0x08000b08   Section        0  key.o(i.Key_Init)
    i.MemManage_Handler                      0x08000b3c   Section        0  stm32f10x_it.o(i.MemManage_Handler)
    i.MenuTask                               0x08000b40   Section        0  main.o(i.MenuTask)
    i.Menu_Init                              0x08000bd0   Section        0  menu.o(i.Menu_Init)
    i.NMI_Handler                            0x08000d4c   Section        0  stm32f10x_it.o(i.NMI_Handler)
    i.NVIC_Init                              0x08000d50   Section        0  misc.o(i.NVIC_Init)
    i.NVIC_PriorityGroupConfig               0x08000dc0   Section        0  misc.o(i.NVIC_PriorityGroupConfig)
    i.OLED_Clear                             0x08000dd4   Section        0  oled.o(i.OLED_Clear)
    i.OLED_ClearArea                         0x08000dfc   Section        0  oled.o(i.OLED_ClearArea)
    i.OLED_GPIO_Init                         0x08000e8c   Section        0  oled.o(i.OLED_GPIO_Init)
    i.OLED_I2C_SendByte                      0x08000eec   Section        0  oled.o(i.OLED_I2C_SendByte)
    i.OLED_I2C_Start                         0x08000f2a   Section        0  oled.o(i.OLED_I2C_Start)
    i.OLED_I2C_Stop                          0x08000f46   Section        0  oled.o(i.OLED_I2C_Stop)
    i.OLED_Init                              0x08000f5c   Section        0  oled.o(i.OLED_Init)
    i.OLED_Pow                               0x08000ff6   Section        0  oled.o(i.OLED_Pow)
    i.OLED_SetCursor                         0x0800100a   Section        0  oled.o(i.OLED_SetCursor)
    i.OLED_ShowChar                          0x0800102c   Section        0  oled.o(i.OLED_ShowChar)
    i.OLED_ShowImage                         0x08001080   Section        0  oled.o(i.OLED_ShowImage)
    i.OLED_ShowNum                           0x0800117c   Section        0  oled.o(i.OLED_ShowNum)
    i.OLED_ShowString                        0x080011c8   Section        0  oled.o(i.OLED_ShowString)
    i.OLED_Update                            0x080011f8   Section        0  oled.o(i.OLED_Update)
    i.OLED_UpdateArea                        0x08001220   Section        0  oled.o(i.OLED_UpdateArea)
    i.OLED_W_SCL                             0x0800129c   Section        0  oled.o(i.OLED_W_SCL)
    i.OLED_W_SDA                             0x080012b4   Section        0  oled.o(i.OLED_W_SDA)
    i.OLED_WriteCommand                      0x080012cc   Section        0  oled.o(i.OLED_WriteCommand)
    i.OLED_WriteData                         0x080012ec   Section        0  oled.o(i.OLED_WriteData)
    i.Operation_Func                         0x0800131c   Section        0  menu.o(i.Operation_Func)
    i.PcdAnticoll                            0x08001408   Section        0  driver_rc522.o(i.PcdAnticoll)
    i.PcdAuthState                           0x0800147a   Section        0  driver_rc522.o(i.PcdAuthState)
    i.PcdComMF522                            0x080014ea   Section        0  driver_rc522.o(i.PcdComMF522)
    i.PcdRead                                0x0800161c   Section        0  driver_rc522.o(i.PcdRead)
    i.PcdRequest                             0x08001672   Section        0  driver_rc522.o(i.PcdRequest)
    i.PcdSelect                              0x080016c8   Section        0  driver_rc522.o(i.PcdSelect)
    i.PcdWrite                               0x0800173a   Section        0  driver_rc522.o(i.PcdWrite)
    i.RC522Task                              0x080017d4   Section        0  main.o(i.RC522Task)
    i.RC522_ClearBit_Register                0x08001918   Section        0  driver_rc522.o(i.RC522_ClearBit_Register)
    i.RC522_GPIO_Init                        0x08001934   Section        0  driver_rc522.o(i.RC522_GPIO_Init)
    i.RC522_Init                             0x080019a4   Section        0  driver_rc522.o(i.RC522_Init)
    i.RC522_Read_Register                    0x080019b0   Section        0  driver_rc522.o(i.RC522_Read_Register)
    i.RC522_Reset                            0x080019e4   Section        0  driver_rc522.o(i.RC522_Reset)
    i.RC522_SPI_ReadByte                     0x08001a6c   Section        0  driver_rc522.o(i.RC522_SPI_ReadByte)
    i.RC522_SPI_SendByte                     0x08001ab8   Section        0  driver_rc522.o(i.RC522_SPI_SendByte)
    i.RC522_SetBit_Register                  0x08001b0c   Section        0  driver_rc522.o(i.RC522_SetBit_Register)
    i.RC522_Write_Register                   0x08001b28   Section        0  driver_rc522.o(i.RC522_Write_Register)
    i.RCC_APB2PeriphClockCmd                 0x08001b58   Section        0  stm32f10x_rcc.o(i.RCC_APB2PeriphClockCmd)
    i.RCC_GetClocksFreq                      0x08001b78   Section        0  stm32f10x_rcc.o(i.RCC_GetClocksFreq)
    i.RFID_Init                              0x08001c4c   Section        0  rfid.o(i.RFID_Init)
    i.RFID_ReadBlock                         0x08001c54   Section        0  rfid.o(i.RFID_ReadBlock)
    i.RFID_Register                          0x08001cc4   Section        0  rfid.o(i.RFID_Register)
    i.RFID_Remove                            0x08001d7c   Section        0  rfid.o(i.RFID_Remove)
    i.RFID_Scan                              0x08001e70   Section        0  rfid.o(i.RFID_Scan)
    i.RFID_Test                              0x08001e90   Section        0  rfid.o(i.RFID_Test)
    i.Register_Func                          0x08001ed8   Section        0  menu.o(i.Register_Func)
    i.Remove_Func                            0x08001ee4   Section        0  menu.o(i.Remove_Func)
    i.Serial_Init                            0x08001ef0   Section        0  uart.o(i.Serial_Init)
    i.SetSysClock                            0x08001fa8   Section        0  system_stm32f10x.o(i.SetSysClock)
    SetSysClock                              0x08001fa9   Thumb Code     8  system_stm32f10x.o(i.SetSysClock)
    i.SetSysClockTo72                        0x08001fb0   Section        0  system_stm32f10x.o(i.SetSysClockTo72)
    SetSysClockTo72                          0x08001fb1   Thumb Code   214  system_stm32f10x.o(i.SetSysClockTo72)
    i.Settings_Func                          0x08002090   Section        0  menu.o(i.Settings_Func)
    i.Show_SystemInfo                        0x0800209c   Section        0  menu.o(i.Show_SystemInfo)
    i.SysTick_Handler                        0x080020d0   Section        0  port.o(i.SysTick_Handler)
    i.SystemInit                             0x08002104   Section        0  system_stm32f10x.o(i.SystemInit)
    i.USART1_IRQHandler                      0x08002164   Section        0  uart.o(i.USART1_IRQHandler)
    i.USART_ClearITPendingBit                0x080021d0   Section        0  stm32f10x_usart.o(i.USART_ClearITPendingBit)
    i.USART_Cmd                              0x080021ee   Section        0  stm32f10x_usart.o(i.USART_Cmd)
    i.USART_GetFlagStatus                    0x08002206   Section        0  stm32f10x_usart.o(i.USART_GetFlagStatus)
    i.USART_GetITStatus                      0x08002220   Section        0  stm32f10x_usart.o(i.USART_GetITStatus)
    i.USART_ITConfig                         0x08002274   Section        0  stm32f10x_usart.o(i.USART_ITConfig)
    i.USART_Init                             0x080022c0   Section        0  stm32f10x_usart.o(i.USART_Init)
    i.USART_ReceiveData                      0x08002398   Section        0  stm32f10x_usart.o(i.USART_ReceiveData)
    i.USART_SendData                         0x080023a2   Section        0  stm32f10x_usart.o(i.USART_SendData)
    i.UsageFault_Handler                     0x080023aa   Section        0  stm32f10x_it.o(i.UsageFault_Handler)
    i.__0printf                              0x080023b0   Section        0  printfa.o(i.__0printf)
    i.__scatterload_copy                     0x080023d0   Section       14  handlers.o(i.__scatterload_copy)
    i.__scatterload_null                     0x080023de   Section        2  handlers.o(i.__scatterload_null)
    i.__scatterload_zeroinit                 0x080023e0   Section       14  handlers.o(i.__scatterload_zeroinit)
    i._fp_digits                             0x080023f0   Section        0  printfa.o(i._fp_digits)
    _fp_digits                               0x080023f1   Thumb Code   366  printfa.o(i._fp_digits)
    i._printf_core                           0x08002574   Section        0  printfa.o(i._printf_core)
    _printf_core                             0x08002575   Thumb Code  1704  printfa.o(i._printf_core)
    i._printf_post_padding                   0x08002c28   Section        0  printfa.o(i._printf_post_padding)
    _printf_post_padding                     0x08002c29   Thumb Code    36  printfa.o(i._printf_post_padding)
    i._printf_pre_padding                    0x08002c4c   Section        0  printfa.o(i._printf_pre_padding)
    _printf_pre_padding                      0x08002c4d   Thumb Code    46  printfa.o(i._printf_pre_padding)
    i.fputc                                  0x08002c7c   Section        0  uart.o(i.fputc)
    i.main                                   0x08002ca0   Section        0  main.o(i.main)
    i.prvAddCurrentTaskToDelayedList         0x08002d08   Section        0  tasks.o(i.prvAddCurrentTaskToDelayedList)
    prvAddCurrentTaskToDelayedList           0x08002d09   Thumb Code   164  tasks.o(i.prvAddCurrentTaskToDelayedList)
    i.prvAddNewTaskToReadyList               0x08002dc8   Section        0  tasks.o(i.prvAddNewTaskToReadyList)
    prvAddNewTaskToReadyList                 0x08002dc9   Thumb Code   206  tasks.o(i.prvAddNewTaskToReadyList)
    i.prvCheckForValidListAndQueue           0x08002eb4   Section        0  timers.o(i.prvCheckForValidListAndQueue)
    prvCheckForValidListAndQueue             0x08002eb5   Thumb Code    72  timers.o(i.prvCheckForValidListAndQueue)
    i.prvCheckTasksWaitingTermination        0x08002f18   Section        0  tasks.o(i.prvCheckTasksWaitingTermination)
    prvCheckTasksWaitingTermination          0x08002f19   Thumb Code    60  tasks.o(i.prvCheckTasksWaitingTermination)
    i.prvCopyDataFromQueue                   0x08002f60   Section        0  queue.o(i.prvCopyDataFromQueue)
    prvCopyDataFromQueue                     0x08002f61   Thumb Code    42  queue.o(i.prvCopyDataFromQueue)
    i.prvCopyDataToQueue                     0x08002f8a   Section        0  queue.o(i.prvCopyDataToQueue)
    prvCopyDataToQueue                       0x08002f8b   Thumb Code   126  queue.o(i.prvCopyDataToQueue)
    i.prvDeleteTCB                           0x08003008   Section        0  tasks.o(i.prvDeleteTCB)
    prvDeleteTCB                             0x08003009   Thumb Code    18  tasks.o(i.prvDeleteTCB)
    i.prvGetNextExpireTime                   0x0800301c   Section        0  timers.o(i.prvGetNextExpireTime)
    prvGetNextExpireTime                     0x0800301d   Thumb Code    36  timers.o(i.prvGetNextExpireTime)
    i.prvHeapInit                            0x08003044   Section        0  heap_4.o(i.prvHeapInit)
    prvHeapInit                              0x08003045   Thumb Code    90  heap_4.o(i.prvHeapInit)
    i.prvIdleTask                            0x080030b4   Section        0  tasks.o(i.prvIdleTask)
    prvIdleTask                              0x080030b5   Thumb Code    32  tasks.o(i.prvIdleTask)
    i.prvInitialiseNewQueue                  0x080030dc   Section        0  queue.o(i.prvInitialiseNewQueue)
    prvInitialiseNewQueue                    0x080030dd   Thumb Code    46  queue.o(i.prvInitialiseNewQueue)
    i.prvInitialiseNewTask                   0x0800310a   Section        0  tasks.o(i.prvInitialiseNewTask)
    prvInitialiseNewTask                     0x0800310b   Thumb Code   134  tasks.o(i.prvInitialiseNewTask)
    i.prvInitialiseNewTimer                  0x08003190   Section        0  timers.o(i.prvInitialiseNewTimer)
    prvInitialiseNewTimer                    0x08003191   Thumb Code    56  timers.o(i.prvInitialiseNewTimer)
    i.prvInitialiseTaskLists                 0x080031c8   Section        0  tasks.o(i.prvInitialiseTaskLists)
    prvInitialiseTaskLists                   0x080031c9   Thumb Code    70  tasks.o(i.prvInitialiseTaskLists)
    i.prvInsertBlockIntoFreeList             0x08003230   Section        0  heap_4.o(i.prvInsertBlockIntoFreeList)
    prvInsertBlockIntoFreeList               0x08003231   Thumb Code    96  heap_4.o(i.prvInsertBlockIntoFreeList)
    i.prvInsertTimerInActiveList             0x08003298   Section        0  timers.o(i.prvInsertTimerInActiveList)
    prvInsertTimerInActiveList               0x08003299   Thumb Code    80  timers.o(i.prvInsertTimerInActiveList)
    i.prvIsQueueEmpty                        0x080032f0   Section        0  queue.o(i.prvIsQueueEmpty)
    prvIsQueueEmpty                          0x080032f1   Thumb Code    26  queue.o(i.prvIsQueueEmpty)
    i.prvIsQueueFull                         0x0800330a   Section        0  queue.o(i.prvIsQueueFull)
    prvIsQueueFull                           0x0800330b   Thumb Code    30  queue.o(i.prvIsQueueFull)
    i.prvNotifyQueueSetContainer             0x08003328   Section        0  queue.o(i.prvNotifyQueueSetContainer)
    prvNotifyQueueSetContainer               0x08003329   Thumb Code    88  queue.o(i.prvNotifyQueueSetContainer)
    i.prvProcessExpiredTimer                 0x08003380   Section        0  timers.o(i.prvProcessExpiredTimer)
    prvProcessExpiredTimer                   0x08003381   Thumb Code    62  timers.o(i.prvProcessExpiredTimer)
    i.prvProcessReceivedCommands             0x080033c4   Section        0  timers.o(i.prvProcessReceivedCommands)
    prvProcessReceivedCommands               0x080033c5   Thumb Code   268  timers.o(i.prvProcessReceivedCommands)
    i.prvProcessTimerOrBlockTask             0x080034d4   Section        0  timers.o(i.prvProcessTimerOrBlockTask)
    prvProcessTimerOrBlockTask               0x080034d5   Thumb Code   102  timers.o(i.prvProcessTimerOrBlockTask)
    i.prvReloadTimer                         0x08003548   Section        0  timers.o(i.prvReloadTimer)
    prvReloadTimer                           0x08003549   Thumb Code    40  timers.o(i.prvReloadTimer)
    i.prvResetNextTaskUnblockTime            0x08003570   Section        0  tasks.o(i.prvResetNextTaskUnblockTime)
    prvResetNextTaskUnblockTime              0x08003571   Thumb Code    40  tasks.o(i.prvResetNextTaskUnblockTime)
    i.prvSampleTimeNow                       0x080035a0   Section        0  timers.o(i.prvSampleTimeNow)
    prvSampleTimeNow                         0x080035a1   Thumb Code    40  timers.o(i.prvSampleTimeNow)
    i.prvSwitchTimerLists                    0x080035cc   Section        0  timers.o(i.prvSwitchTimerLists)
    prvSwitchTimerLists                      0x080035cd   Thumb Code    58  timers.o(i.prvSwitchTimerLists)
    i.prvTaskExitError                       0x08003610   Section        0  port.o(i.prvTaskExitError)
    prvTaskExitError                         0x08003611   Thumb Code    22  port.o(i.prvTaskExitError)
    i.prvTaskIsTaskSuspended                 0x08003628   Section        0  tasks.o(i.prvTaskIsTaskSuspended)
    prvTaskIsTaskSuspended                   0x08003629   Thumb Code    56  tasks.o(i.prvTaskIsTaskSuspended)
    i.prvTimerTask                           0x08003668   Section        0  timers.o(i.prvTimerTask)
    prvTimerTask                             0x08003669   Thumb Code    26  timers.o(i.prvTimerTask)
    i.prvUnlockQueue                         0x08003682   Section        0  queue.o(i.prvUnlockQueue)
    prvUnlockQueue                           0x08003683   Thumb Code   144  queue.o(i.prvUnlockQueue)
    i.pvPortMalloc                           0x08003714   Section        0  heap_4.o(i.pvPortMalloc)
    i.pxPortInitialiseStack                  0x080037f8   Section        0  port.o(i.pxPortInitialiseStack)
    i.uxListRemove                           0x0800381c   Section        0  list.o(i.uxListRemove)
    i.uxTaskGetNumberOfTasks                 0x08003844   Section        0  tasks.o(i.uxTaskGetNumberOfTasks)
    i.vApplicationStackOverflowHook          0x08003850   Section        0  stm32f10x_it.o(i.vApplicationStackOverflowHook)
    i.vKeyScan                               0x08003854   Section        0  key.o(i.vKeyScan)
    i.vKeyTimerCallback                      0x080038b8   Section        0  key.o(i.vKeyTimerCallback)
    i.vListInitialise                        0x080038c2   Section        0  list.o(i.vListInitialise)
    i.vListInitialiseItem                    0x080038dc   Section        0  list.o(i.vListInitialiseItem)
    i.vListInsert                            0x080038e2   Section        0  list.o(i.vListInsert)
    i.vListInsertEnd                         0x08003916   Section        0  list.o(i.vListInsertEnd)
    i.vPortEnterCritical                     0x08003930   Section        0  port.o(i.vPortEnterCritical)
    i.vPortExitCritical                      0x08003954   Section        0  port.o(i.vPortExitCritical)
    i.vPortFree                              0x08003974   Section        0  heap_4.o(i.vPortFree)
    i.vPortSetupTimerInterrupt               0x080039c0   Section        0  port.o(i.vPortSetupTimerInterrupt)
    i.vQueueAddToRegistry                    0x080039d8   Section        0  queue.o(i.vQueueAddToRegistry)
    i.vQueueWaitForMessageRestricted         0x08003a20   Section        0  queue.o(i.vQueueWaitForMessageRestricted)
    i.vTaskDelay                             0x08003a6c   Section        0  tasks.o(i.vTaskDelay)
    i.vTaskInternalSetTimeOutState           0x08003aa0   Section        0  tasks.o(i.vTaskInternalSetTimeOutState)
    i.vTaskMissedYield                       0x08003ab8   Section        0  tasks.o(i.vTaskMissedYield)
    i.vTaskPlaceOnEventList                  0x08003ac4   Section        0  tasks.o(i.vTaskPlaceOnEventList)
    i.vTaskPlaceOnEventListRestricted        0x08003ae4   Section        0  tasks.o(i.vTaskPlaceOnEventListRestricted)
    i.vTaskResume                            0x08003b30   Section        0  tasks.o(i.vTaskResume)
    i.vTaskStartScheduler                    0x08003bdc   Section        0  tasks.o(i.vTaskStartScheduler)
    i.vTaskSuspend                           0x08003c54   Section        0  tasks.o(i.vTaskSuspend)
    i.vTaskSuspendAll                        0x08003d2c   Section        0  tasks.o(i.vTaskSuspendAll)
    i.vTaskSwitchContext                     0x08003d3c   Section        0  tasks.o(i.vTaskSwitchContext)
    i.xPortStartScheduler                    0x08003dbc   Section        0  port.o(i.xPortStartScheduler)
    i.xQueueGenericCreate                    0x08003df0   Section        0  queue.o(i.xQueueGenericCreate)
    i.xQueueGenericReset                     0x08003e3c   Section        0  queue.o(i.xQueueGenericReset)
    i.xQueueGenericSend                      0x08003edc   Section        0  queue.o(i.xQueueGenericSend)
    i.xQueueGenericSendFromISR               0x08004024   Section        0  queue.o(i.xQueueGenericSendFromISR)
    i.xQueueReceive                          0x080040d8   Section        0  queue.o(i.xQueueReceive)
    i.xTaskCheckForTimeOut                   0x080041dc   Section        0  tasks.o(i.xTaskCheckForTimeOut)
    i.xTaskCreate                            0x0800423c   Section        0  tasks.o(i.xTaskCreate)
    i.xTaskGenericNotify                     0x080042a4   Section        0  tasks.o(i.xTaskGenericNotify)
    i.xTaskGenericNotifyWait                 0x080043f0   Section        0  tasks.o(i.xTaskGenericNotifyWait)
    i.xTaskGetSchedulerState                 0x0800449c   Section        0  tasks.o(i.xTaskGetSchedulerState)
    i.xTaskGetTickCount                      0x080044bc   Section        0  tasks.o(i.xTaskGetTickCount)
    i.xTaskIncrementTick                     0x080044c8   Section        0  tasks.o(i.xTaskIncrementTick)
    i.xTaskPriorityDisinherit                0x08004658   Section        0  tasks.o(i.xTaskPriorityDisinherit)
    i.xTaskRemoveFromEventList               0x08004704   Section        0  tasks.o(i.xTaskRemoveFromEventList)
    i.xTaskResumeAll                         0x0800480c   Section        0  tasks.o(i.xTaskResumeAll)
    i.xTimerCreate                           0x08004968   Section        0  timers.o(i.xTimerCreate)
    i.xTimerCreateTimerTask                  0x080049a0   Section        0  timers.o(i.xTimerCreateTimerTask)
    i.xTimerGenericCommand                   0x080049dc   Section        0  timers.o(i.xTimerGenericCommand)
    .constdata                               0x08004a48   Section     2374  oled_data.o(.constdata)
    .data                                    0x20000000   Section        7  key.o(.data)
    lastState                                0x20000005   Data           1  key.o(.data)
    currentState                             0x20000006   Data           1  key.o(.data)
    .data                                    0x20000007   Section       20  stm32f10x_rcc.o(.data)
    APBAHBPrescTable                         0x20000007   Data          16  stm32f10x_rcc.o(.data)
    ADCPrescTable                            0x20000017   Data           4  stm32f10x_rcc.o(.data)
    .data                                    0x2000001b   Section        3  uart.o(.data)
    .data                                    0x20000020   Section        9  main.o(.data)
    .data                                    0x2000002c   Section       10  menu.o(.data)
    .data                                    0x20000036   Section       48  rfid.o(.data)
    .data                                    0x20000068   Section       64  tasks.o(.data)
    pxDelayedTaskList                        0x2000006c   Data           4  tasks.o(.data)
    pxOverflowDelayedTaskList                0x20000070   Data           4  tasks.o(.data)
    uxDeletedTasksWaitingCleanUp             0x20000074   Data           4  tasks.o(.data)
    uxCurrentNumberOfTasks                   0x20000078   Data           4  tasks.o(.data)
    xTickCount                               0x2000007c   Data           4  tasks.o(.data)
    uxTopReadyPriority                       0x20000080   Data           4  tasks.o(.data)
    xSchedulerRunning                        0x20000084   Data           4  tasks.o(.data)
    xPendedTicks                             0x20000088   Data           4  tasks.o(.data)
    xYieldPending                            0x2000008c   Data           4  tasks.o(.data)
    xNumOfOverflows                          0x20000090   Data           4  tasks.o(.data)
    uxTaskNumber                             0x20000094   Data           4  tasks.o(.data)
    xNextTaskUnblockTime                     0x20000098   Data           4  tasks.o(.data)
    xIdleTaskHandle                          0x2000009c   Data           4  tasks.o(.data)
    uxSchedulerSuspended                     0x200000a4   Data           4  tasks.o(.data)
    .data                                    0x200000a8   Section       20  timers.o(.data)
    pxCurrentTimerList                       0x200000a8   Data           4  timers.o(.data)
    pxOverflowTimerList                      0x200000ac   Data           4  timers.o(.data)
    xTimerQueue                              0x200000b0   Data           4  timers.o(.data)
    xTimerTaskHandle                         0x200000b4   Data           4  timers.o(.data)
    xLastTime                                0x200000b8   Data           4  timers.o(.data)
    .data                                    0x200000bc   Section       28  heap_4.o(.data)
    xStart                                   0x200000bc   Data           8  heap_4.o(.data)
    pxEnd                                    0x200000c4   Data           4  heap_4.o(.data)
    xFreeBytesRemaining                      0x200000c8   Data           4  heap_4.o(.data)
    xMinimumEverFreeBytesRemaining           0x200000cc   Data           4  heap_4.o(.data)
    xNumberOfSuccessfulAllocations           0x200000d0   Data           4  heap_4.o(.data)
    xNumberOfSuccessfulFrees                 0x200000d4   Data           4  heap_4.o(.data)
    .data                                    0x200000d8   Section        4  port.o(.data)
    uxCriticalNesting                        0x200000d8   Data           4  port.o(.data)
    .data                                    0x200000dc   Section        4  stdout.o(.data)
    .bss                                     0x200000e0   Section     1024  oled.o(.bss)
    .bss                                     0x200004e0   Section       50  uart.o(.bss)
    .bss                                     0x20000514   Section      216  menu.o(.bss)
    .bss                                     0x200005ec   Section       16  rfid.o(.bss)
    .bss                                     0x200005fc   Section       80  queue.o(.bss)
    .bss                                     0x2000064c   Section      200  tasks.o(.bss)
    pxReadyTasksLists                        0x2000064c   Data         100  tasks.o(.bss)
    xDelayedTaskList1                        0x200006b0   Data          20  tasks.o(.bss)
    xDelayedTaskList2                        0x200006c4   Data          20  tasks.o(.bss)
    xPendingReadyList                        0x200006d8   Data          20  tasks.o(.bss)
    xTasksWaitingTermination                 0x200006ec   Data          20  tasks.o(.bss)
    xSuspendedTaskList                       0x20000700   Data          20  tasks.o(.bss)
    .bss                                     0x20000714   Section       40  timers.o(.bss)
    xActiveTimerList1                        0x20000714   Data          20  timers.o(.bss)
    xActiveTimerList2                        0x20000728   Data          20  timers.o(.bss)
    .bss                                     0x2000073c   Section    10240  heap_4.o(.bss)
    ucHeap                                   0x2000073c   Data       10240  heap_4.o(.bss)
    STACK                                    0x20002f40   Section     1024  startup_stm32f10x_md.o(STACK)

    Global Symbols

    Symbol Name                              Value     Ov Type        Size  Object(Section)

    BuildAttributes$$THM_ISAv4$P$D$K$B$S$PE$A:L22UL41UL21$X:L11$S22US41US21$IEEE1$IW$USESV6$~STKCKD$USESV7$~SHL$OTIME$ROPI$IEEEX$EBA8$MICROLIB$REQ8$PRES8$EABIv2 0x00000000   Number         0  anon$$obj.o ABSOLUTE
    __ARM_use_no_argv                        0x00000000   Number         0  main.o ABSOLUTE
    _printf_a                                0x00000000   Number         0  stubs.o ABSOLUTE
    _printf_c                                0x00000000   Number         0  stubs.o ABSOLUTE
    _printf_charcount                        0x00000000   Number         0  stubs.o ABSOLUTE
    _printf_d                                0x00000000   Number         0  stubs.o ABSOLUTE
    _printf_e                                0x00000000   Number         0  stubs.o ABSOLUTE
    _printf_f                                0x00000000   Number         0  stubs.o ABSOLUTE
    _printf_flags                            0x00000000   Number         0  stubs.o ABSOLUTE
    _printf_fp_dec                           0x00000000   Number         0  stubs.o ABSOLUTE
    _printf_fp_hex                           0x00000000   Number         0  stubs.o ABSOLUTE
    _printf_g                                0x00000000   Number         0  stubs.o ABSOLUTE
    _printf_i                                0x00000000   Number         0  stubs.o ABSOLUTE
    _printf_int_dec                          0x00000000   Number         0  stubs.o ABSOLUTE
    _printf_l                                0x00000000   Number         0  stubs.o ABSOLUTE
    _printf_lc                               0x00000000   Number         0  stubs.o ABSOLUTE
    _printf_ll                               0x00000000   Number         0  stubs.o ABSOLUTE
    _printf_lld                              0x00000000   Number         0  stubs.o ABSOLUTE
    _printf_lli                              0x00000000   Number         0  stubs.o ABSOLUTE
    _printf_llo                              0x00000000   Number         0  stubs.o ABSOLUTE
    _printf_llu                              0x00000000   Number         0  stubs.o ABSOLUTE
    _printf_llx                              0x00000000   Number         0  stubs.o ABSOLUTE
    _printf_longlong_dec                     0x00000000   Number         0  stubs.o ABSOLUTE
    _printf_longlong_hex                     0x00000000   Number         0  stubs.o ABSOLUTE
    _printf_longlong_oct                     0x00000000   Number         0  stubs.o ABSOLUTE
    _printf_ls                               0x00000000   Number         0  stubs.o ABSOLUTE
    _printf_mbtowc                           0x00000000   Number         0  stubs.o ABSOLUTE
    _printf_n                                0x00000000   Number         0  stubs.o ABSOLUTE
    _printf_o                                0x00000000   Number         0  stubs.o ABSOLUTE
    _printf_p                                0x00000000   Number         0  stubs.o ABSOLUTE
    _printf_percent                          0x00000000   Number         0  stubs.o ABSOLUTE
    _printf_pre_padding                      0x00000000   Number         0  stubs.o ABSOLUTE
    _printf_return_value                     0x00000000   Number         0  stubs.o ABSOLUTE
    _printf_s                                0x00000000   Number         0  stubs.o ABSOLUTE
    _printf_sizespec                         0x00000000   Number         0  stubs.o ABSOLUTE
    _printf_str                              0x00000000   Number         0  stubs.o ABSOLUTE
    _printf_truncate_signed                  0x00000000   Number         0  stubs.o ABSOLUTE
    _printf_truncate_unsigned                0x00000000   Number         0  stubs.o ABSOLUTE
    _printf_u                                0x00000000   Number         0  stubs.o ABSOLUTE
    _printf_wc                               0x00000000   Number         0  stubs.o ABSOLUTE
    _printf_wctomb                           0x00000000   Number         0  stubs.o ABSOLUTE
    _printf_widthprec                        0x00000000   Number         0  stubs.o ABSOLUTE
    _printf_x                                0x00000000   Number         0  stubs.o ABSOLUTE
    __arm_fini_                               - Undefined Weak Reference
    __cpp_initialize__aeabi_                  - Undefined Weak Reference
    __cxa_finalize                            - Undefined Weak Reference
    __decompress                              - Undefined Weak Reference
    _clock_init                               - Undefined Weak Reference
    _microlib_exit                            - Undefined Weak Reference
    __Vectors_Size                           0x000000ec   Number         0  startup_stm32f10x_md.o ABSOLUTE
    __Vectors                                0x08000000   Data           4  startup_stm32f10x_md.o(RESET)
    __Vectors_End                            0x080000ec   Data           0  startup_stm32f10x_md.o(RESET)
    __main                                   0x080000ed   Thumb Code     0  entry.o(.ARM.Collect$$$$00000000)
    _main_stk                                0x080000ed   Thumb Code     0  entry2.o(.ARM.Collect$$$$00000001)
    _main_scatterload                        0x080000f1   Thumb Code     0  entry5.o(.ARM.Collect$$$$00000004)
    __main_after_scatterload                 0x080000f5   Thumb Code     0  entry5.o(.ARM.Collect$$$$00000004)
    _main_clock                              0x080000f5   Thumb Code     0  entry7b.o(.ARM.Collect$$$$00000008)
    _main_cpp_init                           0x080000f5   Thumb Code     0  entry8b.o(.ARM.Collect$$$$0000000A)
    _main_init                               0x080000f5   Thumb Code     0  entry9a.o(.ARM.Collect$$$$0000000B)
    __rt_lib_shutdown_fini                   0x080000fd   Thumb Code     0  entry12b.o(.ARM.Collect$$$$0000000E)
    __rt_final_cpp                           0x08000101   Thumb Code     0  entry10a.o(.ARM.Collect$$$$0000000F)
    __rt_final_exit                          0x08000101   Thumb Code     0  entry11a.o(.ARM.Collect$$$$00000011)
    SVC_Handler                              0x08000105   Thumb Code    32  port.o(.emb_text)
    __asm___6_port_c_39a90d8d__prvStartFirstTask 0x08000129   Thumb Code    28  port.o(.emb_text)
    PendSV_Handler                           0x08000149   Thumb Code    72  port.o(.emb_text)
    vPortGetIPSR                             0x08000195   Thumb Code     6  port.o(.emb_text)
    Reset_Handler                            0x0800019d   Thumb Code     8  startup_stm32f10x_md.o(.text)
    ADC1_2_IRQHandler                        0x080001b7   Thumb Code     0  startup_stm32f10x_md.o(.text)
    CAN1_RX1_IRQHandler                      0x080001b7   Thumb Code     0  startup_stm32f10x_md.o(.text)
    CAN1_SCE_IRQHandler                      0x080001b7   Thumb Code     0  startup_stm32f10x_md.o(.text)
    DMA1_Channel1_IRQHandler                 0x080001b7   Thumb Code     0  startup_stm32f10x_md.o(.text)
    DMA1_Channel2_IRQHandler                 0x080001b7   Thumb Code     0  startup_stm32f10x_md.o(.text)
    DMA1_Channel3_IRQHandler                 0x080001b7   Thumb Code     0  startup_stm32f10x_md.o(.text)
    DMA1_Channel4_IRQHandler                 0x080001b7   Thumb Code     0  startup_stm32f10x_md.o(.text)
    DMA1_Channel5_IRQHandler                 0x080001b7   Thumb Code     0  startup_stm32f10x_md.o(.text)
    DMA1_Channel6_IRQHandler                 0x080001b7   Thumb Code     0  startup_stm32f10x_md.o(.text)
    DMA1_Channel7_IRQHandler                 0x080001b7   Thumb Code     0  startup_stm32f10x_md.o(.text)
    EXTI0_IRQHandler                         0x080001b7   Thumb Code     0  startup_stm32f10x_md.o(.text)
    EXTI15_10_IRQHandler                     0x080001b7   Thumb Code     0  startup_stm32f10x_md.o(.text)
    EXTI1_IRQHandler                         0x080001b7   Thumb Code     0  startup_stm32f10x_md.o(.text)
    EXTI2_IRQHandler                         0x080001b7   Thumb Code     0  startup_stm32f10x_md.o(.text)
    EXTI3_IRQHandler                         0x080001b7   Thumb Code     0  startup_stm32f10x_md.o(.text)
    EXTI4_IRQHandler                         0x080001b7   Thumb Code     0  startup_stm32f10x_md.o(.text)
    EXTI9_5_IRQHandler                       0x080001b7   Thumb Code     0  startup_stm32f10x_md.o(.text)
    FLASH_IRQHandler                         0x080001b7   Thumb Code     0  startup_stm32f10x_md.o(.text)
    I2C1_ER_IRQHandler                       0x080001b7   Thumb Code     0  startup_stm32f10x_md.o(.text)
    I2C1_EV_IRQHandler                       0x080001b7   Thumb Code     0  startup_stm32f10x_md.o(.text)
    I2C2_ER_IRQHandler                       0x080001b7   Thumb Code     0  startup_stm32f10x_md.o(.text)
    I2C2_EV_IRQHandler                       0x080001b7   Thumb Code     0  startup_stm32f10x_md.o(.text)
    PVD_IRQHandler                           0x080001b7   Thumb Code     0  startup_stm32f10x_md.o(.text)
    RCC_IRQHandler                           0x080001b7   Thumb Code     0  startup_stm32f10x_md.o(.text)
    RTCAlarm_IRQHandler                      0x080001b7   Thumb Code     0  startup_stm32f10x_md.o(.text)
    RTC_IRQHandler                           0x080001b7   Thumb Code     0  startup_stm32f10x_md.o(.text)
    SPI1_IRQHandler                          0x080001b7   Thumb Code     0  startup_stm32f10x_md.o(.text)
    SPI2_IRQHandler                          0x080001b7   Thumb Code     0  startup_stm32f10x_md.o(.text)
    TAMPER_IRQHandler                        0x080001b7   Thumb Code     0  startup_stm32f10x_md.o(.text)
    TIM1_BRK_IRQHandler                      0x080001b7   Thumb Code     0  startup_stm32f10x_md.o(.text)
    TIM1_CC_IRQHandler                       0x080001b7   Thumb Code     0  startup_stm32f10x_md.o(.text)
    TIM1_TRG_COM_IRQHandler                  0x080001b7   Thumb Code     0  startup_stm32f10x_md.o(.text)
    TIM1_UP_IRQHandler                       0x080001b7   Thumb Code     0  startup_stm32f10x_md.o(.text)
    TIM2_IRQHandler                          0x080001b7   Thumb Code     0  startup_stm32f10x_md.o(.text)
    TIM3_IRQHandler                          0x080001b7   Thumb Code     0  startup_stm32f10x_md.o(.text)
    TIM4_IRQHandler                          0x080001b7   Thumb Code     0  startup_stm32f10x_md.o(.text)
    USART2_IRQHandler                        0x080001b7   Thumb Code     0  startup_stm32f10x_md.o(.text)
    USART3_IRQHandler                        0x080001b7   Thumb Code     0  startup_stm32f10x_md.o(.text)
    USBWakeUp_IRQHandler                     0x080001b7   Thumb Code     0  startup_stm32f10x_md.o(.text)
    USB_HP_CAN1_TX_IRQHandler                0x080001b7   Thumb Code     0  startup_stm32f10x_md.o(.text)
    USB_LP_CAN1_RX0_IRQHandler               0x080001b7   Thumb Code     0  startup_stm32f10x_md.o(.text)
    WWDG_IRQHandler                          0x080001b7   Thumb Code     0  startup_stm32f10x_md.o(.text)
    __aeabi_memcpy                           0x080001c1   Thumb Code    36  memcpya.o(.text)
    __aeabi_memcpy4                          0x080001c1   Thumb Code     0  memcpya.o(.text)
    __aeabi_memcpy8                          0x080001c1   Thumb Code     0  memcpya.o(.text)
    __aeabi_memset                           0x080001e5   Thumb Code    14  memseta.o(.text)
    __aeabi_memset4                          0x080001e5   Thumb Code     0  memseta.o(.text)
    __aeabi_memset8                          0x080001e5   Thumb Code     0  memseta.o(.text)
    __aeabi_memclr                           0x080001f3   Thumb Code     4  memseta.o(.text)
    __aeabi_memclr4                          0x080001f3   Thumb Code     0  memseta.o(.text)
    __aeabi_memclr8                          0x080001f3   Thumb Code     0  memseta.o(.text)
    _memset$wrapper                          0x080001f7   Thumb Code    18  memseta.o(.text)
    __aeabi_dadd                             0x08000209   Thumb Code   322  dadd.o(.text)
    __aeabi_dsub                             0x0800034b   Thumb Code     6  dadd.o(.text)
    __aeabi_drsub                            0x08000351   Thumb Code     6  dadd.o(.text)
    __aeabi_dmul                             0x08000357   Thumb Code   228  dmul.o(.text)
    __aeabi_ddiv                             0x0800043b   Thumb Code   222  ddiv.o(.text)
    __aeabi_cdrcmple                         0x08000519   Thumb Code    48  cdrcmple.o(.text)
    __aeabi_uidiv                            0x08000549   Thumb Code     0  uidiv.o(.text)
    __aeabi_uidivmod                         0x08000549   Thumb Code    44  uidiv.o(.text)
    __aeabi_uldivmod                         0x08000575   Thumb Code    98  uldiv.o(.text)
    __aeabi_llsl                             0x080005d7   Thumb Code    30  llshl.o(.text)
    _ll_shift_l                              0x080005d7   Thumb Code     0  llshl.o(.text)
    __aeabi_llsr                             0x080005f5   Thumb Code    32  llushr.o(.text)
    _ll_ushift_r                             0x080005f5   Thumb Code     0  llushr.o(.text)
    __aeabi_lasr                             0x08000615   Thumb Code    36  llsshr.o(.text)
    _ll_sshift_r                             0x08000615   Thumb Code     0  llsshr.o(.text)
    __I$use$fp                               0x08000639   Thumb Code     0  iusefp.o(.text)
    _double_round                            0x08000639   Thumb Code    30  depilogue.o(.text)
    _double_epilogue                         0x08000657   Thumb Code   156  depilogue.o(.text)
    __aeabi_d2ulz                            0x080006f3   Thumb Code    48  dfixul.o(.text)
    __scatterload                            0x08000725   Thumb Code    28  init.o(.text)
    __scatterload_rt2                        0x08000725   Thumb Code     0  init.o(.text)
    BusFault_Handler                         0x08000749   Thumb Code     4  stm32f10x_it.o(i.BusFault_Handler)
    CalulateCRC                              0x0800074d   Thumb Code   108  driver_rc522.o(i.CalulateCRC)
    DebugMon_Handler                         0x080007b9   Thumb Code     2  stm32f10x_it.o(i.DebugMon_Handler)
    Delay_ms                                 0x080007bb   Thumb Code    24  delay.o(i.Delay_ms)
    Delay_us                                 0x080007d3   Thumb Code    12  delay.o(i.Delay_us)
    Display_Refresh                          0x080007e1   Thumb Code   112  menu.o(i.Display_Refresh)
    Exit_Func                                0x0800085d   Thumb Code    34  menu.o(i.Exit_Func)
    GPIO_Init                                0x08000889   Thumb Code   278  stm32f10x_gpio.o(i.GPIO_Init)
    GPIO_ReadInputDataBit                    0x0800099f   Thumb Code    18  stm32f10x_gpio.o(i.GPIO_ReadInputDataBit)
    GPIO_ResetBits                           0x080009b1   Thumb Code     4  stm32f10x_gpio.o(i.GPIO_ResetBits)
    GPIO_SetBits                             0x080009b5   Thumb Code     4  stm32f10x_gpio.o(i.GPIO_SetBits)
    GPIO_WriteBit                            0x080009b9   Thumb Code    10  stm32f10x_gpio.o(i.GPIO_WriteBit)
    HardFault_Handler                        0x080009c3   Thumb Code     4  stm32f10x_it.o(i.HardFault_Handler)
    KeyNum_Get                               0x080009c9   Thumb Code    20  key.o(i.KeyNum_Get)
    KeyNum_Get_Callback                      0x080009e1   Thumb Code    66  key.o(i.KeyNum_Get_Callback)
    KeyScanTimer_Create                      0x08000a29   Thumb Code    56  key.o(i.KeyScanTimer_Create)
    Key_Handler                              0x08000a79   Thumb Code   138  menu.o(i.Key_Handler)
    Key_Init                                 0x08000b09   Thumb Code    48  key.o(i.Key_Init)
    MemManage_Handler                        0x08000b3d   Thumb Code     4  stm32f10x_it.o(i.MemManage_Handler)
    MenuTask                                 0x08000b41   Thumb Code   100  main.o(i.MenuTask)
    Menu_Init                                0x08000bd1   Thumb Code   212  menu.o(i.Menu_Init)
    NMI_Handler                              0x08000d4d   Thumb Code     2  stm32f10x_it.o(i.NMI_Handler)
    NVIC_Init                                0x08000d51   Thumb Code   100  misc.o(i.NVIC_Init)
    NVIC_PriorityGroupConfig                 0x08000dc1   Thumb Code    10  misc.o(i.NVIC_PriorityGroupConfig)
    OLED_Clear                               0x08000dd5   Thumb Code    36  oled.o(i.OLED_Clear)
    OLED_ClearArea                           0x08000dfd   Thumb Code   140  oled.o(i.OLED_ClearArea)
    OLED_GPIO_Init                           0x08000e8d   Thumb Code    92  oled.o(i.OLED_GPIO_Init)
    OLED_I2C_SendByte                        0x08000eed   Thumb Code    62  oled.o(i.OLED_I2C_SendByte)
    OLED_I2C_Start                           0x08000f2b   Thumb Code    28  oled.o(i.OLED_I2C_Start)
    OLED_I2C_Stop                            0x08000f47   Thumb Code    22  oled.o(i.OLED_I2C_Stop)
    OLED_Init                                0x08000f5d   Thumb Code   154  oled.o(i.OLED_Init)
    OLED_Pow                                 0x08000ff7   Thumb Code    20  oled.o(i.OLED_Pow)
    OLED_SetCursor                           0x0800100b   Thumb Code    34  oled.o(i.OLED_SetCursor)
    OLED_ShowChar                            0x0800102d   Thumb Code    74  oled.o(i.OLED_ShowChar)
    OLED_ShowImage                           0x08001081   Thumb Code   248  oled.o(i.OLED_ShowImage)
    OLED_ShowNum                             0x0800117d   Thumb Code    76  oled.o(i.OLED_ShowNum)
    OLED_ShowString                          0x080011c9   Thumb Code    46  oled.o(i.OLED_ShowString)
    OLED_Update                              0x080011f9   Thumb Code    36  oled.o(i.OLED_Update)
    OLED_UpdateArea                          0x08001221   Thumb Code   120  oled.o(i.OLED_UpdateArea)
    OLED_W_SCL                               0x0800129d   Thumb Code    18  oled.o(i.OLED_W_SCL)
    OLED_W_SDA                               0x080012b5   Thumb Code    18  oled.o(i.OLED_W_SDA)
    OLED_WriteCommand                        0x080012cd   Thumb Code    32  oled.o(i.OLED_WriteCommand)
    OLED_WriteData                           0x080012ed   Thumb Code    46  oled.o(i.OLED_WriteData)
    Operation_Func                           0x0800131d   Thumb Code   168  menu.o(i.Operation_Func)
    PcdAnticoll                              0x08001409   Thumb Code   114  driver_rc522.o(i.PcdAnticoll)
    PcdAuthState                             0x0800147b   Thumb Code   112  driver_rc522.o(i.PcdAuthState)
    PcdComMF522                              0x080014eb   Thumb Code   306  driver_rc522.o(i.PcdComMF522)
    PcdRead                                  0x0800161d   Thumb Code    86  driver_rc522.o(i.PcdRead)
    PcdRequest                               0x08001673   Thumb Code    86  driver_rc522.o(i.PcdRequest)
    PcdSelect                                0x080016c9   Thumb Code   114  driver_rc522.o(i.PcdSelect)
    PcdWrite                                 0x0800173b   Thumb Code   152  driver_rc522.o(i.PcdWrite)
    RC522Task                                0x080017d5   Thumb Code   264  main.o(i.RC522Task)
    RC522_ClearBit_Register                  0x08001919   Thumb Code    26  driver_rc522.o(i.RC522_ClearBit_Register)
    RC522_GPIO_Init                          0x08001935   Thumb Code   102  driver_rc522.o(i.RC522_GPIO_Init)
    RC522_Init                               0x080019a5   Thumb Code    12  driver_rc522.o(i.RC522_Init)
    RC522_Read_Register                      0x080019b1   Thumb Code    46  driver_rc522.o(i.RC522_Read_Register)
    RC522_Reset                              0x080019e5   Thumb Code   130  driver_rc522.o(i.RC522_Reset)
    RC522_SPI_ReadByte                       0x08001a6d   Thumb Code    72  driver_rc522.o(i.RC522_SPI_ReadByte)
    RC522_SPI_SendByte                       0x08001ab9   Thumb Code    80  driver_rc522.o(i.RC522_SPI_SendByte)
    RC522_SetBit_Register                    0x08001b0d   Thumb Code    26  driver_rc522.o(i.RC522_SetBit_Register)
    RC522_Write_Register                     0x08001b29   Thumb Code    42  driver_rc522.o(i.RC522_Write_Register)
    RCC_APB2PeriphClockCmd                   0x08001b59   Thumb Code    26  stm32f10x_rcc.o(i.RCC_APB2PeriphClockCmd)
    RCC_GetClocksFreq                        0x08001b79   Thumb Code   192  stm32f10x_rcc.o(i.RCC_GetClocksFreq)
    RFID_Init                                0x08001c4d   Thumb Code     8  rfid.o(i.RFID_Init)
    RFID_ReadBlock                           0x08001c55   Thumb Code    64  rfid.o(i.RFID_ReadBlock)
    RFID_Register                            0x08001cc5   Thumb Code    82  rfid.o(i.RFID_Register)
    RFID_Remove                              0x08001d7d   Thumb Code   146  rfid.o(i.RFID_Remove)
    RFID_Scan                                0x08001e71   Thumb Code    24  rfid.o(i.RFID_Scan)
    RFID_Test                                0x08001e91   Thumb Code    70  rfid.o(i.RFID_Test)
    Register_Func                            0x08001ed9   Thumb Code     8  menu.o(i.Register_Func)
    Remove_Func                              0x08001ee5   Thumb Code     8  menu.o(i.Remove_Func)
    Serial_Init                              0x08001ef1   Thumb Code   174  uart.o(i.Serial_Init)
    Settings_Func                            0x08002091   Thumb Code     8  menu.o(i.Settings_Func)
    Show_SystemInfo                          0x0800209d   Thumb Code    36  menu.o(i.Show_SystemInfo)
    SysTick_Handler                          0x080020d1   Thumb Code    46  port.o(i.SysTick_Handler)
    SystemInit                               0x08002105   Thumb Code    78  system_stm32f10x.o(i.SystemInit)
    USART1_IRQHandler                        0x08002165   Thumb Code    88  uart.o(i.USART1_IRQHandler)
    USART_ClearITPendingBit                  0x080021d1   Thumb Code    30  stm32f10x_usart.o(i.USART_ClearITPendingBit)
    USART_Cmd                                0x080021ef   Thumb Code    24  stm32f10x_usart.o(i.USART_Cmd)
    USART_GetFlagStatus                      0x08002207   Thumb Code    26  stm32f10x_usart.o(i.USART_GetFlagStatus)
    USART_GetITStatus                        0x08002221   Thumb Code    84  stm32f10x_usart.o(i.USART_GetITStatus)
    USART_ITConfig                           0x08002275   Thumb Code    74  stm32f10x_usart.o(i.USART_ITConfig)
    USART_Init                               0x080022c1   Thumb Code   210  stm32f10x_usart.o(i.USART_Init)
    USART_ReceiveData                        0x08002399   Thumb Code    10  stm32f10x_usart.o(i.USART_ReceiveData)
    USART_SendData                           0x080023a3   Thumb Code     8  stm32f10x_usart.o(i.USART_SendData)
    UsageFault_Handler                       0x080023ab   Thumb Code     4  stm32f10x_it.o(i.UsageFault_Handler)
    __0printf                                0x080023b1   Thumb Code    22  printfa.o(i.__0printf)
    __1printf                                0x080023b1   Thumb Code     0  printfa.o(i.__0printf)
    __2printf                                0x080023b1   Thumb Code     0  printfa.o(i.__0printf)
    __c89printf                              0x080023b1   Thumb Code     0  printfa.o(i.__0printf)
    printf                                   0x080023b1   Thumb Code     0  printfa.o(i.__0printf)
    __scatterload_copy                       0x080023d1   Thumb Code    14  handlers.o(i.__scatterload_copy)
    __scatterload_null                       0x080023df   Thumb Code     2  handlers.o(i.__scatterload_null)
    __scatterload_zeroinit                   0x080023e1   Thumb Code    14  handlers.o(i.__scatterload_zeroinit)
    fputc                                    0x08002c7d   Thumb Code    32  uart.o(i.fputc)
    main                                     0x08002ca1   Thumb Code    70  main.o(i.main)
    pvPortMalloc                             0x08003715   Thumb Code   208  heap_4.o(i.pvPortMalloc)
    pxPortInitialiseStack                    0x080037f9   Thumb Code    30  port.o(i.pxPortInitialiseStack)
    uxListRemove                             0x0800381d   Thumb Code    40  list.o(i.uxListRemove)
    uxTaskGetNumberOfTasks                   0x08003845   Thumb Code     6  tasks.o(i.uxTaskGetNumberOfTasks)
    vApplicationStackOverflowHook            0x08003851   Thumb Code     4  stm32f10x_it.o(i.vApplicationStackOverflowHook)
    vKeyScan                                 0x08003855   Thumb Code    84  key.o(i.vKeyScan)
    vKeyTimerCallback                        0x080038b9   Thumb Code    10  key.o(i.vKeyTimerCallback)
    vListInitialise                          0x080038c3   Thumb Code    26  list.o(i.vListInitialise)
    vListInitialiseItem                      0x080038dd   Thumb Code     6  list.o(i.vListInitialiseItem)
    vListInsert                              0x080038e3   Thumb Code    52  list.o(i.vListInsert)
    vListInsertEnd                           0x08003917   Thumb Code    24  list.o(i.vListInsertEnd)
    vPortEnterCritical                       0x08003931   Thumb Code    30  port.o(i.vPortEnterCritical)
    vPortExitCritical                        0x08003955   Thumb Code    28  port.o(i.vPortExitCritical)
    vPortFree                                0x08003975   Thumb Code    68  heap_4.o(i.vPortFree)
    vPortSetupTimerInterrupt                 0x080039c1   Thumb Code    20  port.o(i.vPortSetupTimerInterrupt)
    vQueueAddToRegistry                      0x080039d9   Thumb Code    66  queue.o(i.vQueueAddToRegistry)
    vQueueWaitForMessageRestricted           0x08003a21   Thumb Code    74  queue.o(i.vQueueWaitForMessageRestricted)
    vTaskDelay                               0x08003a6d   Thumb Code    46  tasks.o(i.vTaskDelay)
    vTaskInternalSetTimeOutState             0x08003aa1   Thumb Code    14  tasks.o(i.vTaskInternalSetTimeOutState)
    vTaskMissedYield                         0x08003ab9   Thumb Code     8  tasks.o(i.vTaskMissedYield)
    vTaskPlaceOnEventList                    0x08003ac5   Thumb Code    28  tasks.o(i.vTaskPlaceOnEventList)
    vTaskPlaceOnEventListRestricted          0x08003ae5   Thumb Code    70  tasks.o(i.vTaskPlaceOnEventListRestricted)
    vTaskResume                              0x08003b31   Thumb Code   156  tasks.o(i.vTaskResume)
    vTaskStartScheduler                      0x08003bdd   Thumb Code    86  tasks.o(i.vTaskStartScheduler)
    vTaskSuspend                             0x08003c55   Thumb Code   188  tasks.o(i.vTaskSuspend)
    vTaskSuspendAll                          0x08003d2d   Thumb Code    12  tasks.o(i.vTaskSuspendAll)
    vTaskSwitchContext                       0x08003d3d   Thumb Code   106  tasks.o(i.vTaskSwitchContext)
    xPortStartScheduler                      0x08003dbd   Thumb Code    42  port.o(i.xPortStartScheduler)
    xQueueGenericCreate                      0x08003df1   Thumb Code    76  queue.o(i.xQueueGenericCreate)
    xQueueGenericReset                       0x08003e3d   Thumb Code   156  queue.o(i.xQueueGenericReset)
    xQueueGenericSend                        0x08003edd   Thumb Code   322  queue.o(i.xQueueGenericSend)
    xQueueGenericSendFromISR                 0x08004025   Thumb Code   180  queue.o(i.xQueueGenericSendFromISR)
    xQueueReceive                            0x080040d9   Thumb Code   256  queue.o(i.xQueueReceive)
    xTaskCheckForTimeOut                     0x080041dd   Thumb Code    88  tasks.o(i.xTaskCheckForTimeOut)
    xTaskCreate                              0x0800423d   Thumb Code   104  tasks.o(i.xTaskCreate)
    xTaskGenericNotify                       0x080042a5   Thumb Code   314  tasks.o(i.xTaskGenericNotify)
    xTaskGenericNotifyWait                   0x080043f1   Thumb Code   164  tasks.o(i.xTaskGenericNotifyWait)
    xTaskGetSchedulerState                   0x0800449d   Thumb Code    24  tasks.o(i.xTaskGetSchedulerState)
    xTaskGetTickCount                        0x080044bd   Thumb Code     6  tasks.o(i.xTaskGetTickCount)
    xTaskIncrementTick                       0x080044c9   Thumb Code   356  tasks.o(i.xTaskIncrementTick)
    xTaskPriorityDisinherit                  0x08004659   Thumb Code   162  tasks.o(i.xTaskPriorityDisinherit)
    xTaskRemoveFromEventList                 0x08004705   Thumb Code   240  tasks.o(i.xTaskRemoveFromEventList)
    xTaskResumeAll                           0x0800480d   Thumb Code   310  tasks.o(i.xTaskResumeAll)
    xTimerCreate                             0x08004969   Thumb Code    54  timers.o(i.xTimerCreate)
    xTimerCreateTimerTask                    0x080049a1   Thumb Code    40  timers.o(i.xTimerCreateTimerTask)
    xTimerGenericCommand                     0x080049dd   Thumb Code   104  timers.o(i.xTimerGenericCommand)
    OLED_F8x16                               0x08004a48   Data        1520  oled_data.o(.constdata)
    OLED_F6x8                                0x08005038   Data         570  oled_data.o(.constdata)
    OLED_CF16x16                             0x08005272   Data         252  oled_data.o(.constdata)
    Diode                                    0x0800536e   Data          32  oled_data.o(.constdata)
    Region$$Table$$Base                      0x08005390   Number         0  anon$$obj.o(Region$$Table)
    Region$$Table$$Limit                     0x080053b0   Number         0  anon$$obj.o(Region$$Table)
    g_xKeyScanTimer                          0x20000000   Data           4  key.o(.data)
    g_ucKeyNum                               0x20000004   Data           1  key.o(.data)
    g_Serial_RxFlag                          0x2000001b   Data           1  uart.o(.data)
    pRxHead                                  0x2000001c   Data           1  uart.o(.data)
    pRxTail                                  0x2000001d   Data           1  uart.o(.data)
    g_xRC522Handle                           0x20000020   Data           4  main.o(.data)
    g_xMenuHandle                            0x20000024   Data           4  main.o(.data)
    menuState                                0x20000028   Data           1  main.o(.data)
    current_menu                             0x2000002c   Data           4  menu.o(.data)
    menu_root                                0x20000030   Data           4  menu.o(.data)
    display_offset                           0x20000034   Data           1  menu.o(.data)
    g_ucOperation                            0x20000035   Data           1  menu.o(.data)
    ucaControlB                              0x20000036   Data          16  rfid.o(.data)
    ucaVertify                               0x20000046   Data          16  rfid.o(.data)
    ucaCard_key                              0x20000056   Data           6  rfid.o(.data)
    ucaCard_defaultkey                       0x2000005c   Data           6  rfid.o(.data)
    ucaID                                    0x20000062   Data           4  rfid.o(.data)
    pxCurrentTCB                             0x20000068   Data           4  tasks.o(.data)
    uxTopUsedPriority                        0x200000a0   Data           4  tasks.o(.data)
    __stdout                                 0x200000dc   Data           4  stdout.o(.data)
    OLED_DisplayBuf                          0x200000e0   Data        1024  oled.o(.bss)
    Receive                                  0x200004e0   Data          50  uart.o(.bss)
    menu_main                                0x20000514   Data          24  menu.o(.bss)
    menu_exit                                0x2000052c   Data          24  menu.o(.bss)
    menu_settings                            0x20000544   Data          24  menu.o(.bss)
    menu_system_info                         0x2000055c   Data          24  menu.o(.bss)
    menu_register                            0x20000574   Data          24  menu.o(.bss)
    menu_remove                              0x2000058c   Data          24  menu.o(.bss)
    menu_rfid                                0x200005a4   Data          24  menu.o(.bss)
    menu_finger                              0x200005bc   Data          24  menu.o(.bss)
    menu_face                                0x200005d4   Data          24  menu.o(.bss)
    ucaBuffer_wr                             0x200005ec   Data          16  rfid.o(.bss)
    xQueueRegistry                           0x200005fc   Data          80  queue.o(.bss)
    __initial_sp                             0x20003340   Data           0  startup_stm32f10x_md.o(STACK)



==============================================================================

Memory Map of the image

  Image Entry point : 0x080000ed

  Load Region LR_IROM1 (Base: 0x08000000, Size: 0x00005490, Max: 0x00010000, ABSOLUTE)

    Execution Region ER_IROM1 (Exec base: 0x08000000, Load base: 0x08000000, Size: 0x000053b0, Max: 0x00010000, ABSOLUTE)

    Exec Addr    Load Addr    Size         Type   Attr      Idx    E Section Name        Object

    0x08000000   0x08000000   0x000000ec   Data   RO           19    RESET               startup_stm32f10x_md.o
    0x080000ec   0x080000ec   0x00000000   Code   RO         5316  * .ARM.Collect$$$$00000000  mc_w.l(entry.o)
    0x080000ec   0x080000ec   0x00000004   Code   RO         5633    .ARM.Collect$$$$00000001  mc_w.l(entry2.o)
    0x080000f0   0x080000f0   0x00000004   Code   RO         5636    .ARM.Collect$$$$00000004  mc_w.l(entry5.o)
    0x080000f4   0x080000f4   0x00000000   Code   RO         5638    .ARM.Collect$$$$00000008  mc_w.l(entry7b.o)
    0x080000f4   0x080000f4   0x00000000   Code   RO         5640    .ARM.Collect$$$$0000000A  mc_w.l(entry8b.o)
    0x080000f4   0x080000f4   0x00000008   Code   RO         5641    .ARM.Collect$$$$0000000B  mc_w.l(entry9a.o)
    0x080000fc   0x080000fc   0x00000004   Code   RO         5648    .ARM.Collect$$$$0000000E  mc_w.l(entry12b.o)
    0x08000100   0x08000100   0x00000000   Code   RO         5643    .ARM.Collect$$$$0000000F  mc_w.l(entry10a.o)
    0x08000100   0x08000100   0x00000000   Code   RO         5645    .ARM.Collect$$$$00000011  mc_w.l(entry11a.o)
    0x08000100   0x08000100   0x00000004   Code   RO         5634    .ARM.Collect$$$$00002712  mc_w.l(entry2.o)
    0x08000104   0x08000104   0x00000096   Code   RO         5235    .emb_text           port.o
    0x0800019a   0x0800019a   0x00000002   PAD
    0x0800019c   0x0800019c   0x00000024   Code   RO           20    .text               startup_stm32f10x_md.o
    0x080001c0   0x080001c0   0x00000024   Code   RO         5319    .text               mc_w.l(memcpya.o)
    0x080001e4   0x080001e4   0x00000024   Code   RO         5321    .text               mc_w.l(memseta.o)
    0x08000208   0x08000208   0x0000014e   Code   RO         5592    .text               mf_w.l(dadd.o)
    0x08000356   0x08000356   0x000000e4   Code   RO         5594    .text               mf_w.l(dmul.o)
    0x0800043a   0x0800043a   0x000000de   Code   RO         5596    .text               mf_w.l(ddiv.o)
    0x08000518   0x08000518   0x00000030   Code   RO         5606    .text               mf_w.l(cdrcmple.o)
    0x08000548   0x08000548   0x0000002c   Code   RO         5650    .text               mc_w.l(uidiv.o)
    0x08000574   0x08000574   0x00000062   Code   RO         5652    .text               mc_w.l(uldiv.o)
    0x080005d6   0x080005d6   0x0000001e   Code   RO         5654    .text               mc_w.l(llshl.o)
    0x080005f4   0x080005f4   0x00000020   Code   RO         5656    .text               mc_w.l(llushr.o)
    0x08000614   0x08000614   0x00000024   Code   RO         5658    .text               mc_w.l(llsshr.o)
    0x08000638   0x08000638   0x00000000   Code   RO         5667    .text               mc_w.l(iusefp.o)
    0x08000638   0x08000638   0x000000ba   Code   RO         5668    .text               mf_w.l(depilogue.o)
    0x080006f2   0x080006f2   0x00000030   Code   RO         5672    .text               mf_w.l(dfixul.o)
    0x08000722   0x08000722   0x00000002   PAD
    0x08000724   0x08000724   0x00000024   Code   RO         5680    .text               mc_w.l(init.o)
    0x08000748   0x08000748   0x00000004   Code   RO         3873    i.BusFault_Handler  stm32f10x_it.o
    0x0800074c   0x0800074c   0x0000006c   Code   RO          500    i.CalulateCRC       driver_rc522.o
    0x080007b8   0x080007b8   0x00000002   Code   RO         3874    i.DebugMon_Handler  stm32f10x_it.o
    0x080007ba   0x080007ba   0x00000018   Code   RO         3704    i.Delay_ms          delay.o
    0x080007d2   0x080007d2   0x0000000c   Code   RO         3706    i.Delay_us          delay.o
    0x080007de   0x080007de   0x00000002   PAD
    0x080007e0   0x080007e0   0x0000007c   Code   RO         3924    i.Display_Refresh   menu.o
    0x0800085c   0x0800085c   0x0000002c   Code   RO         3925    i.Exit_Func         menu.o
    0x08000888   0x08000888   0x00000116   Code   RO         1888    i.GPIO_Init         stm32f10x_gpio.o
    0x0800099e   0x0800099e   0x00000012   Code   RO         1892    i.GPIO_ReadInputDataBit  stm32f10x_gpio.o
    0x080009b0   0x080009b0   0x00000004   Code   RO         1895    i.GPIO_ResetBits    stm32f10x_gpio.o
    0x080009b4   0x080009b4   0x00000004   Code   RO         1896    i.GPIO_SetBits      stm32f10x_gpio.o
    0x080009b8   0x080009b8   0x0000000a   Code   RO         1899    i.GPIO_WriteBit     stm32f10x_gpio.o
    0x080009c2   0x080009c2   0x00000004   Code   RO         3875    i.HardFault_Handler  stm32f10x_it.o
    0x080009c6   0x080009c6   0x00000002   PAD
    0x080009c8   0x080009c8   0x00000018   Code   RO          425    i.KeyNum_Get        key.o
    0x080009e0   0x080009e0   0x00000048   Code   RO          426    i.KeyNum_Get_Callback  key.o
    0x08000a28   0x08000a28   0x00000050   Code   RO          427    i.KeyScanTimer_Create  key.o
    0x08000a78   0x08000a78   0x00000090   Code   RO         3926    i.Key_Handler       menu.o
    0x08000b08   0x08000b08   0x00000034   Code   RO          428    i.Key_Init          key.o
    0x08000b3c   0x08000b3c   0x00000004   Code   RO         3876    i.MemManage_Handler  stm32f10x_it.o
    0x08000b40   0x08000b40   0x00000090   Code   RO         3784    i.MenuTask          main.o
    0x08000bd0   0x08000bd0   0x0000017c   Code   RO         3927    i.Menu_Init         menu.o
    0x08000d4c   0x08000d4c   0x00000002   Code   RO         3877    i.NMI_Handler       stm32f10x_it.o
    0x08000d4e   0x08000d4e   0x00000002   PAD
    0x08000d50   0x08000d50   0x00000070   Code   RO          737    i.NVIC_Init         misc.o
    0x08000dc0   0x08000dc0   0x00000014   Code   RO          738    i.NVIC_PriorityGroupConfig  misc.o
    0x08000dd4   0x08000dd4   0x00000028   Code   RO          137    i.OLED_Clear        oled.o
    0x08000dfc   0x08000dfc   0x00000090   Code   RO          138    i.OLED_ClearArea    oled.o
    0x08000e8c   0x08000e8c   0x00000060   Code   RO          142    i.OLED_GPIO_Init    oled.o
    0x08000eec   0x08000eec   0x0000003e   Code   RO          144    i.OLED_I2C_SendByte  oled.o
    0x08000f2a   0x08000f2a   0x0000001c   Code   RO          145    i.OLED_I2C_Start    oled.o
    0x08000f46   0x08000f46   0x00000016   Code   RO          146    i.OLED_I2C_Stop     oled.o
    0x08000f5c   0x08000f5c   0x0000009a   Code   RO          147    i.OLED_Init         oled.o
    0x08000ff6   0x08000ff6   0x00000014   Code   RO          149    i.OLED_Pow          oled.o
    0x0800100a   0x0800100a   0x00000022   Code   RO          153    i.OLED_SetCursor    oled.o
    0x0800102c   0x0800102c   0x00000054   Code   RO          155    i.OLED_ShowChar     oled.o
    0x08001080   0x08001080   0x000000fc   Code   RO          159    i.OLED_ShowImage    oled.o
    0x0800117c   0x0800117c   0x0000004c   Code   RO          160    i.OLED_ShowNum      oled.o
    0x080011c8   0x080011c8   0x0000002e   Code   RO          162    i.OLED_ShowString   oled.o
    0x080011f6   0x080011f6   0x00000002   PAD
    0x080011f8   0x080011f8   0x00000028   Code   RO          163    i.OLED_Update       oled.o
    0x08001220   0x08001220   0x0000007c   Code   RO          164    i.OLED_UpdateArea   oled.o
    0x0800129c   0x0800129c   0x00000018   Code   RO          165    i.OLED_W_SCL        oled.o
    0x080012b4   0x080012b4   0x00000018   Code   RO          166    i.OLED_W_SDA        oled.o
    0x080012cc   0x080012cc   0x00000020   Code   RO          167    i.OLED_WriteCommand  oled.o
    0x080012ec   0x080012ec   0x0000002e   Code   RO          168    i.OLED_WriteData    oled.o
    0x0800131a   0x0800131a   0x00000002   PAD
    0x0800131c   0x0800131c   0x000000ec   Code   RO         3928    i.Operation_Func    menu.o
    0x08001408   0x08001408   0x00000072   Code   RO          501    i.PcdAnticoll       driver_rc522.o
    0x0800147a   0x0800147a   0x00000070   Code   RO          502    i.PcdAuthState      driver_rc522.o
    0x080014ea   0x080014ea   0x00000132   Code   RO          503    i.PcdComMF522       driver_rc522.o
    0x0800161c   0x0800161c   0x00000056   Code   RO          505    i.PcdRead           driver_rc522.o
    0x08001672   0x08001672   0x00000056   Code   RO          506    i.PcdRequest        driver_rc522.o
    0x080016c8   0x080016c8   0x00000072   Code   RO          507    i.PcdSelect         driver_rc522.o
    0x0800173a   0x0800173a   0x00000098   Code   RO          508    i.PcdWrite          driver_rc522.o
    0x080017d2   0x080017d2   0x00000002   PAD
    0x080017d4   0x080017d4   0x00000144   Code   RO         3785    i.RC522Task         main.o
    0x08001918   0x08001918   0x0000001a   Code   RO          511    i.RC522_ClearBit_Register  driver_rc522.o
    0x08001932   0x08001932   0x00000002   PAD
    0x08001934   0x08001934   0x00000070   Code   RO          513    i.RC522_GPIO_Init   driver_rc522.o
    0x080019a4   0x080019a4   0x0000000c   Code   RO          514    i.RC522_Init        driver_rc522.o
    0x080019b0   0x080019b0   0x00000034   Code   RO          515    i.RC522_Read_Register  driver_rc522.o
    0x080019e4   0x080019e4   0x00000088   Code   RO          516    i.RC522_Reset       driver_rc522.o
    0x08001a6c   0x08001a6c   0x0000004c   Code   RO          517    i.RC522_SPI_ReadByte  driver_rc522.o
    0x08001ab8   0x08001ab8   0x00000054   Code   RO          518    i.RC522_SPI_SendByte  driver_rc522.o
    0x08001b0c   0x08001b0c   0x0000001a   Code   RO          519    i.RC522_SetBit_Register  driver_rc522.o
    0x08001b26   0x08001b26   0x00000002   PAD
    0x08001b28   0x08001b28   0x00000030   Code   RO          520    i.RC522_Write_Register  driver_rc522.o
    0x08001b58   0x08001b58   0x00000020   Code   RO         2306    i.RCC_APB2PeriphClockCmd  stm32f10x_rcc.o
    0x08001b78   0x08001b78   0x000000d4   Code   RO         2314    i.RCC_GetClocksFreq  stm32f10x_rcc.o
    0x08001c4c   0x08001c4c   0x00000008   Code   RO         3995    i.RFID_Init         rfid.o
    0x08001c54   0x08001c54   0x00000070   Code   RO         3996    i.RFID_ReadBlock    rfid.o
    0x08001cc4   0x08001cc4   0x000000b8   Code   RO         3997    i.RFID_Register     rfid.o
    0x08001d7c   0x08001d7c   0x000000f4   Code   RO         3998    i.RFID_Remove       rfid.o
    0x08001e70   0x08001e70   0x00000020   Code   RO         3999    i.RFID_Scan         rfid.o
    0x08001e90   0x08001e90   0x00000046   Code   RO         4000    i.RFID_Test         rfid.o
    0x08001ed6   0x08001ed6   0x00000002   PAD
    0x08001ed8   0x08001ed8   0x0000000c   Code   RO         3929    i.Register_Func     menu.o
    0x08001ee4   0x08001ee4   0x0000000c   Code   RO         3930    i.Remove_Func       menu.o
    0x08001ef0   0x08001ef0   0x000000b8   Code   RO         3730    i.Serial_Init       uart.o
    0x08001fa8   0x08001fa8   0x00000008   Code   RO           24    i.SetSysClock       system_stm32f10x.o
    0x08001fb0   0x08001fb0   0x000000e0   Code   RO           25    i.SetSysClockTo72   system_stm32f10x.o
    0x08002090   0x08002090   0x0000000c   Code   RO         3931    i.Settings_Func     menu.o
    0x0800209c   0x0800209c   0x00000034   Code   RO         3932    i.Show_SystemInfo   menu.o
    0x080020d0   0x080020d0   0x00000034   Code   RO         5236    i.SysTick_Handler   port.o
    0x08002104   0x08002104   0x00000060   Code   RO           27    i.SystemInit        system_stm32f10x.o
    0x08002164   0x08002164   0x0000006c   Code   RO         3733    i.USART1_IRQHandler  uart.o
    0x080021d0   0x080021d0   0x0000001e   Code   RO         3471    i.USART_ClearITPendingBit  stm32f10x_usart.o
    0x080021ee   0x080021ee   0x00000018   Code   RO         3474    i.USART_Cmd         stm32f10x_usart.o
    0x08002206   0x08002206   0x0000001a   Code   RO         3477    i.USART_GetFlagStatus  stm32f10x_usart.o
    0x08002220   0x08002220   0x00000054   Code   RO         3478    i.USART_GetITStatus  stm32f10x_usart.o
    0x08002274   0x08002274   0x0000004a   Code   RO         3480    i.USART_ITConfig    stm32f10x_usart.o
    0x080022be   0x080022be   0x00000002   PAD
    0x080022c0   0x080022c0   0x000000d8   Code   RO         3481    i.USART_Init        stm32f10x_usart.o
    0x08002398   0x08002398   0x0000000a   Code   RO         3488    i.USART_ReceiveData  stm32f10x_usart.o
    0x080023a2   0x080023a2   0x00000008   Code   RO         3491    i.USART_SendData    stm32f10x_usart.o
    0x080023aa   0x080023aa   0x00000004   Code   RO         3878    i.UsageFault_Handler  stm32f10x_it.o
    0x080023ae   0x080023ae   0x00000002   PAD
    0x080023b0   0x080023b0   0x00000020   Code   RO         5564    i.__0printf         mc_w.l(printfa.o)
    0x080023d0   0x080023d0   0x0000000e   Code   RO         5686    i.__scatterload_copy  mc_w.l(handlers.o)
    0x080023de   0x080023de   0x00000002   Code   RO         5687    i.__scatterload_null  mc_w.l(handlers.o)
    0x080023e0   0x080023e0   0x0000000e   Code   RO         5688    i.__scatterload_zeroinit  mc_w.l(handlers.o)
    0x080023ee   0x080023ee   0x00000002   PAD
    0x080023f0   0x080023f0   0x00000184   Code   RO         5571    i._fp_digits        mc_w.l(printfa.o)
    0x08002574   0x08002574   0x000006b4   Code   RO         5572    i._printf_core      mc_w.l(printfa.o)
    0x08002c28   0x08002c28   0x00000024   Code   RO         5573    i._printf_post_padding  mc_w.l(printfa.o)
    0x08002c4c   0x08002c4c   0x0000002e   Code   RO         5574    i._printf_pre_padding  mc_w.l(printfa.o)
    0x08002c7a   0x08002c7a   0x00000002   PAD
    0x08002c7c   0x08002c7c   0x00000024   Code   RO         3734    i.fputc             uart.o
    0x08002ca0   0x08002ca0   0x00000068   Code   RO         3786    i.main              main.o
    0x08002d08   0x08002d08   0x000000c0   Code   RO         4618    i.prvAddCurrentTaskToDelayedList  tasks.o
    0x08002dc8   0x08002dc8   0x000000ec   Code   RO         4619    i.prvAddNewTaskToReadyList  tasks.o
    0x08002eb4   0x08002eb4   0x00000064   Code   RO         5006    i.prvCheckForValidListAndQueue  timers.o
    0x08002f18   0x08002f18   0x00000048   Code   RO         4620    i.prvCheckTasksWaitingTermination  tasks.o
    0x08002f60   0x08002f60   0x0000002a   Code   RO         4212    i.prvCopyDataFromQueue  queue.o
    0x08002f8a   0x08002f8a   0x0000007e   Code   RO         4213    i.prvCopyDataToQueue  queue.o
    0x08003008   0x08003008   0x00000012   Code   RO         4621    i.prvDeleteTCB      tasks.o
    0x0800301a   0x0800301a   0x00000002   PAD
    0x0800301c   0x0800301c   0x00000028   Code   RO         5007    i.prvGetNextExpireTime  timers.o
    0x08003044   0x08003044   0x00000070   Code   RO         5174    i.prvHeapInit       heap_4.o
    0x080030b4   0x080030b4   0x00000028   Code   RO         4622    i.prvIdleTask       tasks.o
    0x080030dc   0x080030dc   0x0000002e   Code   RO         4216    i.prvInitialiseNewQueue  queue.o
    0x0800310a   0x0800310a   0x00000086   Code   RO         4623    i.prvInitialiseNewTask  tasks.o
    0x08003190   0x08003190   0x00000038   Code   RO         5008    i.prvInitialiseNewTimer  timers.o
    0x080031c8   0x080031c8   0x00000068   Code   RO         4624    i.prvInitialiseTaskLists  tasks.o
    0x08003230   0x08003230   0x00000068   Code   RO         5175    i.prvInsertBlockIntoFreeList  heap_4.o
    0x08003298   0x08003298   0x00000058   Code   RO         5009    i.prvInsertTimerInActiveList  timers.o
    0x080032f0   0x080032f0   0x0000001a   Code   RO         4217    i.prvIsQueueEmpty   queue.o
    0x0800330a   0x0800330a   0x0000001e   Code   RO         4218    i.prvIsQueueFull    queue.o
    0x08003328   0x08003328   0x00000058   Code   RO         4219    i.prvNotifyQueueSetContainer  queue.o
    0x08003380   0x08003380   0x00000044   Code   RO         5010    i.prvProcessExpiredTimer  timers.o
    0x080033c4   0x080033c4   0x00000110   Code   RO         5011    i.prvProcessReceivedCommands  timers.o
    0x080034d4   0x080034d4   0x00000074   Code   RO         5012    i.prvProcessTimerOrBlockTask  timers.o
    0x08003548   0x08003548   0x00000028   Code   RO         5013    i.prvReloadTimer    timers.o
    0x08003570   0x08003570   0x00000030   Code   RO         4626    i.prvResetNextTaskUnblockTime  tasks.o
    0x080035a0   0x080035a0   0x0000002c   Code   RO         5014    i.prvSampleTimeNow  timers.o
    0x080035cc   0x080035cc   0x00000044   Code   RO         5015    i.prvSwitchTimerLists  timers.o
    0x08003610   0x08003610   0x00000016   Code   RO         5237    i.prvTaskExitError  port.o
    0x08003626   0x08003626   0x00000002   PAD
    0x08003628   0x08003628   0x00000040   Code   RO         4628    i.prvTaskIsTaskSuspended  tasks.o
    0x08003668   0x08003668   0x0000001a   Code   RO         5016    i.prvTimerTask      timers.o
    0x08003682   0x08003682   0x00000090   Code   RO         4220    i.prvUnlockQueue    queue.o
    0x08003712   0x08003712   0x00000002   PAD
    0x08003714   0x08003714   0x000000e4   Code   RO         5177    i.pvPortMalloc      heap_4.o
    0x080037f8   0x080037f8   0x00000024   Code   RO         5238    i.pxPortInitialiseStack  port.o
    0x0800381c   0x0800381c   0x00000028   Code   RO         4172    i.uxListRemove      list.o
    0x08003844   0x08003844   0x0000000c   Code   RO         4633    i.uxTaskGetNumberOfTasks  tasks.o
    0x08003850   0x08003850   0x00000004   Code   RO         3879    i.vApplicationStackOverflowHook  stm32f10x_it.o
    0x08003854   0x08003854   0x00000064   Code   RO          429    i.vKeyScan          key.o
    0x080038b8   0x080038b8   0x0000000a   Code   RO          430    i.vKeyTimerCallback  key.o
    0x080038c2   0x080038c2   0x0000001a   Code   RO         4173    i.vListInitialise   list.o
    0x080038dc   0x080038dc   0x00000006   Code   RO         4174    i.vListInitialiseItem  list.o
    0x080038e2   0x080038e2   0x00000034   Code   RO         4175    i.vListInsert       list.o
    0x08003916   0x08003916   0x00000018   Code   RO         4176    i.vListInsertEnd    list.o
    0x0800392e   0x0800392e   0x00000002   PAD
    0x08003930   0x08003930   0x00000024   Code   RO         5240    i.vPortEnterCritical  port.o
    0x08003954   0x08003954   0x00000020   Code   RO         5241    i.vPortExitCritical  port.o
    0x08003974   0x08003974   0x0000004c   Code   RO         5178    i.vPortFree         heap_4.o
    0x080039c0   0x080039c0   0x00000018   Code   RO         5242    i.vPortSetupTimerInterrupt  port.o
    0x080039d8   0x080039d8   0x00000048   Code   RO         4226    i.vQueueAddToRegistry  queue.o
    0x08003a20   0x08003a20   0x0000004a   Code   RO         4230    i.vQueueWaitForMessageRestricted  queue.o
    0x08003a6a   0x08003a6a   0x00000002   PAD
    0x08003a6c   0x08003a6c   0x00000034   Code   RO         4639    i.vTaskDelay        tasks.o
    0x08003aa0   0x08003aa0   0x00000018   Code   RO         4644    i.vTaskInternalSetTimeOutState  tasks.o
    0x08003ab8   0x08003ab8   0x0000000c   Code   RO         4646    i.vTaskMissedYield  tasks.o
    0x08003ac4   0x08003ac4   0x00000020   Code   RO         4647    i.vTaskPlaceOnEventList  tasks.o
    0x08003ae4   0x08003ae4   0x0000004c   Code   RO         4648    i.vTaskPlaceOnEventListRestricted  tasks.o
    0x08003b30   0x08003b30   0x000000ac   Code   RO         4653    i.vTaskResume       tasks.o
    0x08003bdc   0x08003bdc   0x00000078   Code   RO         4656    i.vTaskStartScheduler  tasks.o
    0x08003c54   0x08003c54   0x000000d8   Code   RO         4657    i.vTaskSuspend      tasks.o
    0x08003d2c   0x08003d2c   0x00000010   Code   RO         4658    i.vTaskSuspendAll   tasks.o
    0x08003d3c   0x08003d3c   0x00000080   Code   RO         4659    i.vTaskSwitchContext  tasks.o
    0x08003dbc   0x08003dbc   0x00000034   Code   RO         5243    i.xPortStartScheduler  port.o
    0x08003df0   0x08003df0   0x0000004c   Code   RO         4235    i.xQueueGenericCreate  queue.o
    0x08003e3c   0x08003e3c   0x000000a0   Code   RO         4236    i.xQueueGenericReset  queue.o
    0x08003edc   0x08003edc   0x00000148   Code   RO         4237    i.xQueueGenericSend  queue.o
    0x08004024   0x08004024   0x000000b4   Code   RO         4238    i.xQueueGenericSendFromISR  queue.o
    0x080040d8   0x080040d8   0x00000104   Code   RO         4245    i.xQueueReceive     queue.o
    0x080041dc   0x080041dc   0x00000060   Code   RO         4661    i.xTaskCheckForTimeOut  tasks.o
    0x0800423c   0x0800423c   0x00000068   Code   RO         4662    i.xTaskCreate       tasks.o
    0x080042a4   0x080042a4   0x0000014c   Code   RO         4664    i.xTaskGenericNotify  tasks.o
    0x080043f0   0x080043f0   0x000000ac   Code   RO         4667    i.xTaskGenericNotifyWait  tasks.o
    0x0800449c   0x0800449c   0x00000020   Code   RO         4669    i.xTaskGetSchedulerState  tasks.o
    0x080044bc   0x080044bc   0x0000000c   Code   RO         4670    i.xTaskGetTickCount  tasks.o
    0x080044c8   0x080044c8   0x00000190   Code   RO         4672    i.xTaskIncrementTick  tasks.o
    0x08004658   0x08004658   0x000000ac   Code   RO         4673    i.xTaskPriorityDisinherit  tasks.o
    0x08004704   0x08004704   0x00000108   Code   RO         4675    i.xTaskRemoveFromEventList  tasks.o
    0x0800480c   0x0800480c   0x0000015c   Code   RO         4676    i.xTaskResumeAll    tasks.o
    0x08004968   0x08004968   0x00000036   Code   RO         5023    i.xTimerCreate      timers.o
    0x0800499e   0x0800499e   0x00000002   PAD
    0x080049a0   0x080049a0   0x0000003c   Code   RO         5024    i.xTimerCreateTimerTask  timers.o
    0x080049dc   0x080049dc   0x0000006c   Code   RO         5025    i.xTimerGenericCommand  timers.o
    0x08004a48   0x08004a48   0x00000946   Data   RO          488    .constdata          oled_data.o
    0x0800538e   0x0800538e   0x00000002   PAD
    0x08005390   0x08005390   0x00000020   Data   RO         5684    Region$$Table       anon$$obj.o


    Execution Region RW_IRAM1 (Exec base: 0x20000000, Load base: 0x080053b0, Size: 0x00003340, Max: 0x00005000, ABSOLUTE)

    Exec Addr    Load Addr    Size         Type   Attr      Idx    E Section Name        Object

    0x20000000   0x080053b0   0x00000007   Data   RW          431    .data               key.o
    0x20000007   0x080053b7   0x00000014   Data   RW         2334    .data               stm32f10x_rcc.o
    0x2000001b   0x080053cb   0x00000003   Data   RW         3736    .data               uart.o
    0x2000001e   0x080053ce   0x00000002   PAD
    0x20000020   0x080053d0   0x00000009   Data   RW         3787    .data               main.o
    0x20000029   0x080053d9   0x00000003   PAD
    0x2000002c   0x080053dc   0x0000000a   Data   RW         3934    .data               menu.o
    0x20000036   0x080053e6   0x00000030   Data   RW         4002    .data               rfid.o
    0x20000066   0x08005416   0x00000002   PAD
    0x20000068   0x08005418   0x00000040   Data   RW         4679    .data               tasks.o
    0x200000a8   0x08005458   0x00000014   Data   RW         5034    .data               timers.o
    0x200000bc   0x0800546c   0x0000001c   Data   RW         5184    .data               heap_4.o
    0x200000d8   0x08005488   0x00000004   Data   RW         5244    .data               port.o
    0x200000dc   0x0800548c   0x00000004   Data   RW         5649    .data               mc_w.l(stdout.o)
    0x200000e0        -       0x00000400   Zero   RW          170    .bss                oled.o
    0x200004e0        -       0x00000032   Zero   RW         3735    .bss                uart.o
    0x20000512   0x08005490   0x00000002   PAD
    0x20000514        -       0x000000d8   Zero   RW         3933    .bss                menu.o
    0x200005ec        -       0x00000010   Zero   RW         4001    .bss                rfid.o
    0x200005fc        -       0x00000050   Zero   RW         4252    .bss                queue.o
    0x2000064c        -       0x000000c8   Zero   RW         4678    .bss                tasks.o
    0x20000714        -       0x00000028   Zero   RW         5033    .bss                timers.o
    0x2000073c        -       0x00002800   Zero   RW         5183    .bss                heap_4.o
    0x20002f3c   0x08005490   0x00000004   PAD
    0x20002f40        -       0x00000400   Zero   RW           17    STACK               startup_stm32f10x_md.o


==============================================================================

Image component sizes


      Code (inc. data)   RO Data    RW Data    ZI Data      Debug   Object Name

         0          0          0          0          0       4564   core_cm3.o
        36          0          0          0          0        886   delay.o
      1650         36          0          0          0     229837   driver_rc522.o
         0          0          0          0          0      14412   event_groups.o
       520         58          0         28      10240       4383   heap_4.o
       338         54          0          7          0       5836   key.o
       148          0          0          0          0       3002   list.o
       572        138          0          9          0      19363   main.o
      1016        292          0         10        216       5505   menu.o
       132         22          0          0          0       1527   misc.o
      1348         46          0          0       1024     221424   oled.o
         0          0       2374          0          0       1054   oled_data.o
       404         48          0          4          0       8584   port.o
      1652         20          0          0         80      15626   queue.o
       650        256          0         48         16       4214   rfid.o
        36          8        236          0       1024        776   startup_stm32f10x_md.o
       314          0          0          0          0       4212   stm32f10x_gpio.o
        24          0          0          0          0       2905   stm32f10x_it.o
       244         26          0         20          0       3845   stm32f10x_rcc.o
       472          6          0          0          0       6763   stm32f10x_usart.o
       328         28          0          0          0      24917   system_stm32f10x.o
      3700        438          0         64        200      35292   tasks.o
      1140        112          0         20         40      12842   timers.o
       328         34          0          3         50       3704   uart.o

    ----------------------------------------------------------------------
     15088       1622       2644        220      12896     635473   Object Totals
         0          0         32          0          0          0   (incl. Generated)
        36          0          2          7          6          0   (incl. Padding)

    ----------------------------------------------------------------------

      Code (inc. data)   RO Data    RW Data    ZI Data      Debug   Library Member Name

         0          0          0          0          0          0   entry.o
         0          0          0          0          0          0   entry10a.o
         0          0          0          0          0          0   entry11a.o
         4          0          0          0          0          0   entry12b.o
         8          4          0          0          0          0   entry2.o
         4          0          0          0          0          0   entry5.o
         0          0          0          0          0          0   entry7b.o
         0          0          0          0          0          0   entry8b.o
         8          4          0          0          0          0   entry9a.o
        30          0          0          0          0          0   handlers.o
        36          8          0          0          0         68   init.o
         0          0          0          0          0          0   iusefp.o
        30          0          0          0          0         68   llshl.o
        36          0          0          0          0         68   llsshr.o
        32          0          0          0          0         68   llushr.o
        36          0          0          0          0         68   memcpya.o
        36          0          0          0          0        108   memseta.o
      2218         90          0          0          0        464   printfa.o
         0          0          0          4          0          0   stdout.o
        44          0          0          0          0         80   uidiv.o
        98          0          0          0          0         92   uldiv.o
        48          0          0          0          0         68   cdrcmple.o
       334          0          0          0          0        148   dadd.o
       222          0          0          0          0        100   ddiv.o
       186          0          0          0          0        176   depilogue.o
        48          0          0          0          0         68   dfixul.o
       228          0          0          0          0         96   dmul.o

    ----------------------------------------------------------------------
      3692        106          0          4          0       1740   Library Totals
         6          0          0          0          0          0   (incl. Padding)

    ----------------------------------------------------------------------

      Code (inc. data)   RO Data    RW Data    ZI Data      Debug   Library Name

      2620        106          0          4          0       1084   mc_w.l
      1066          0          0          0          0        656   mf_w.l

    ----------------------------------------------------------------------
      3692        106          0          4          0       1740   Library Totals

    ----------------------------------------------------------------------

==============================================================================


      Code (inc. data)   RO Data    RW Data    ZI Data      Debug   

     18780       1728       2644        224      12896     628005   Grand Totals
     18780       1728       2644        224      12896     628005   ELF Image Totals
     18780       1728       2644        224          0          0   ROM Totals

==============================================================================

    Total RO  Size (Code + RO Data)                21424 (  20.92kB)
    Total RW  Size (RW Data + ZI Data)             13120 (  12.81kB)
    Total ROM Size (Code + RO Data + RW Data)      21648 (  21.14kB)

==============================================================================

