Component: ARM Compiler 5.06 update 7 (build 960) Tool: armlink [4d3601]

==============================================================================

Section Cross References

    startup_stm32f10x_md.o(RESET) refers to startup_stm32f10x_md.o(STACK) for __initial_sp
    startup_stm32f10x_md.o(RESET) refers to startup_stm32f10x_md.o(.text) for Reset_Handler
    startup_stm32f10x_md.o(RESET) refers to stm32f10x_it.o(i.NMI_Handler) for NMI_Handler
    startup_stm32f10x_md.o(RESET) refers to stm32f10x_it.o(i.HardFault_Handler) for HardFault_Handler
    startup_stm32f10x_md.o(RESET) refers to stm32f10x_it.o(i.MemManage_Handler) for MemManage_Handler
    startup_stm32f10x_md.o(RESET) refers to stm32f10x_it.o(i.BusFault_Handler) for BusFault_Handler
    startup_stm32f10x_md.o(RESET) refers to stm32f10x_it.o(i.UsageFault_Handler) for UsageFault_Handler
    startup_stm32f10x_md.o(RESET) refers to port.o(.emb_text) for SVC_Handler
    startup_stm32f10x_md.o(RESET) refers to stm32f10x_it.o(i.DebugMon_Handler) for DebugMon_Handler
    startup_stm32f10x_md.o(RESET) refers to port.o(i.SysTick_Handler) for SysTick_Handler
    startup_stm32f10x_md.o(RESET) refers to finger.o(i.EXTI1_IRQHandler) for EXTI1_IRQHandler
    startup_stm32f10x_md.o(RESET) refers to uart1.o(i.USART1_IRQHandler) for USART1_IRQHandler
    startup_stm32f10x_md.o(RESET) refers to uart2.o(i.USART2_IRQHandler) for USART2_IRQHandler
    startup_stm32f10x_md.o(RESET) refers to uart3.o(i.USART3_IRQHandler) for USART3_IRQHandler
    startup_stm32f10x_md.o(.text) refers to system_stm32f10x.o(i.SystemInit) for SystemInit
    startup_stm32f10x_md.o(.text) refers to entry.o(.ARM.Collect$$$$00000000) for __main
    system_stm32f10x.o(i.SetSysClock) refers to system_stm32f10x.o(i.SetSysClockTo72) for SetSysClockTo72
    system_stm32f10x.o(i.SystemCoreClockUpdate) refers to system_stm32f10x.o(.data) for SystemCoreClock
    system_stm32f10x.o(i.SystemInit) refers to system_stm32f10x.o(i.SetSysClock) for SetSysClock
    oled.o(i.OLED_Clear) refers to oled.o(.bss) for OLED_DisplayBuf
    oled.o(i.OLED_ClearArea) refers to oled.o(.bss) for OLED_DisplayBuf
    oled.o(i.OLED_DrawLine) refers to oled.o(i.OLED_DrawPoint) for OLED_DrawPoint
    oled.o(i.OLED_DrawPoint) refers to oled.o(.bss) for OLED_DisplayBuf
    oled.o(i.OLED_DrawRectangle) refers to oled.o(i.OLED_DrawPoint) for OLED_DrawPoint
    oled.o(i.OLED_GPIO_Init) refers to stm32f10x_rcc.o(i.RCC_APB2PeriphClockCmd) for RCC_APB2PeriphClockCmd
    oled.o(i.OLED_GPIO_Init) refers to stm32f10x_gpio.o(i.GPIO_Init) for GPIO_Init
    oled.o(i.OLED_GPIO_Init) refers to oled.o(i.OLED_W_SCL) for OLED_W_SCL
    oled.o(i.OLED_GPIO_Init) refers to oled.o(i.OLED_W_SDA) for OLED_W_SDA
    oled.o(i.OLED_GetPoint) refers to oled.o(.bss) for OLED_DisplayBuf
    oled.o(i.OLED_I2C_SendByte) refers to oled.o(i.OLED_W_SDA) for OLED_W_SDA
    oled.o(i.OLED_I2C_SendByte) refers to oled.o(i.OLED_W_SCL) for OLED_W_SCL
    oled.o(i.OLED_I2C_Start) refers to oled.o(i.OLED_W_SDA) for OLED_W_SDA
    oled.o(i.OLED_I2C_Start) refers to oled.o(i.OLED_W_SCL) for OLED_W_SCL
    oled.o(i.OLED_I2C_Stop) refers to oled.o(i.OLED_W_SDA) for OLED_W_SDA
    oled.o(i.OLED_I2C_Stop) refers to oled.o(i.OLED_W_SCL) for OLED_W_SCL
    oled.o(i.OLED_Init) refers to oled.o(i.OLED_GPIO_Init) for OLED_GPIO_Init
    oled.o(i.OLED_Init) refers to oled.o(i.OLED_WriteCommand) for OLED_WriteCommand
    oled.o(i.OLED_Init) refers to oled.o(i.OLED_Clear) for OLED_Clear
    oled.o(i.OLED_Init) refers to oled.o(i.OLED_Update) for OLED_Update
    oled.o(i.OLED_IsInAngle) refers to dflti.o(.text) for __aeabi_i2d
    oled.o(i.OLED_IsInAngle) refers to atan2.o(i.atan2) for atan2
    oled.o(i.OLED_IsInAngle) refers to ddiv.o(.text) for __aeabi_ddiv
    oled.o(i.OLED_IsInAngle) refers to dmul.o(.text) for __aeabi_dmul
    oled.o(i.OLED_IsInAngle) refers to dfixi.o(.text) for __aeabi_d2iz
    oled.o(i.OLED_Printf) refers to printfa.o(i.__0vsprintf) for vsprintf
    oled.o(i.OLED_Printf) refers to oled.o(i.OLED_ShowString) for OLED_ShowString
    oled.o(i.OLED_Reverse) refers to oled.o(.bss) for OLED_DisplayBuf
    oled.o(i.OLED_ReverseArea) refers to oled.o(.bss) for OLED_DisplayBuf
    oled.o(i.OLED_SetCursor) refers to oled.o(i.OLED_WriteCommand) for OLED_WriteCommand
    oled.o(i.OLED_ShowBinNum) refers to oled.o(i.OLED_Pow) for OLED_Pow
    oled.o(i.OLED_ShowBinNum) refers to oled.o(i.OLED_ShowChar) for OLED_ShowChar
    oled.o(i.OLED_ShowChar) refers to oled.o(i.OLED_ShowImage) for OLED_ShowImage
    oled.o(i.OLED_ShowChar) refers to oled_data.o(.constdata) for OLED_F8x16
    oled.o(i.OLED_ShowChinese) refers to strcmp.o(.text) for strcmp
    oled.o(i.OLED_ShowChinese) refers to oled.o(i.OLED_ShowImage) for OLED_ShowImage
    oled.o(i.OLED_ShowChinese) refers to oled_data.o(.constdata) for OLED_CF16x16
    oled.o(i.OLED_ShowFloatNum) refers to cdrcmple.o(.text) for __aeabi_cdrcmple
    oled.o(i.OLED_ShowFloatNum) refers to oled.o(i.OLED_ShowChar) for OLED_ShowChar
[...]
    _printf_llx                              0x00000000   Number         0  stubs.o ABSOLUTE
    _printf_longlong_dec                     0x00000000   Number         0  stubs.o ABSOLUTE
    _printf_longlong_hex                     0x00000000   Number         0  stubs.o ABSOLUTE
    _printf_longlong_oct                     0x00000000   Number         0  stubs.o ABSOLUTE
    _printf_ls                               0x00000000   Number         0  stubs.o ABSOLUTE
    _printf_mbtowc                           0x00000000   Number         0  stubs.o ABSOLUTE
    _printf_n                                0x00000000   Number         0  stubs.o ABSOLUTE
    _printf_o                                0x00000000   Number         0  stubs.o ABSOLUTE
    _printf_p                                0x00000000   Number         0  stubs.o ABSOLUTE
    _printf_percent                          0x00000000   Number         0  stubs.o ABSOLUTE
    _printf_pre_padding                      0x00000000   Number         0  stubs.o ABSOLUTE
    _printf_return_value                     0x00000000   Number         0  stubs.o ABSOLUTE
    _printf_s                                0x00000000   Number         0  stubs.o ABSOLUTE
    _printf_sizespec                         0x00000000   Number         0  stubs.o ABSOLUTE
    _printf_str                              0x00000000   Number         0  stubs.o ABSOLUTE
    _printf_truncate_signed                  0x00000000   Number         0  stubs.o ABSOLUTE
    _printf_truncate_unsigned                0x00000000   Number         0  stubs.o ABSOLUTE
    _printf_u                                0x00000000   Number         0  stubs.o ABSOLUTE
    _printf_wc                               0x00000000   Number         0  stubs.o ABSOLUTE
    _printf_wctomb                           0x00000000   Number         0  stubs.o ABSOLUTE
    _printf_widthprec                        0x00000000   Number         0  stubs.o ABSOLUTE
    _printf_x                                0x00000000   Number         0  stubs.o ABSOLUTE
    __arm_fini_                               - Undefined Weak Reference
    __cpp_initialize__aeabi_                  - Undefined Weak Reference
    __cxa_finalize                            - Undefined Weak Reference
    _clock_init                               - Undefined Weak Reference
    _microlib_exit                            - Undefined Weak Reference
    __Vectors_Size                           0x000000ec   Number         0  startup_stm32f10x_md.o ABSOLUTE
    __Vectors                                0x08000000   Data           4  startup_stm32f10x_md.o(RESET)
    __Vectors_End                            0x080000ec   Data           0  startup_stm32f10x_md.o(RESET)
    __main                                   0x080000ed   Thumb Code     0  entry.o(.ARM.Collect$$$$00000000)
    _main_stk                                0x080000ed   Thumb Code     0  entry2.o(.ARM.Collect$$$$00000001)
    _main_scatterload                        0x080000f1   Thumb Code     0  entry5.o(.ARM.Collect$$$$00000004)
    __main_after_scatterload                 0x080000f5   Thumb Code     0  entry5.o(.ARM.Collect$$$$00000004)
    _main_clock                              0x080000f5   Thumb Code     0  entry7b.o(.ARM.Collect$$$$00000008)
    _main_cpp_init                           0x080000f5   Thumb Code     0  entry8b.o(.ARM.Collect$$$$0000000A)
    _main_init                               0x080000f5   Thumb Code     0  entry9a.o(.ARM.Collect$$$$0000000B)
    __rt_lib_shutdown_fini                   0x080000fd   Thumb Code     0  entry12b.o(.ARM.Collect$$$$0000000E)
    __rt_final_cpp                           0x08000101   Thumb Code     0  entry10a.o(.ARM.Collect$$$$0000000F)
    __rt_final_exit                          0x08000101   Thumb Code     0  entry11a.o(.ARM.Collect$$$$00000011)
    SVC_Handler                              0x08000105   Thumb Code    32  port.o(.emb_text)
    __asm___6_port_c_39a90d8d__prvStartFirstTask 0x08000129   Thumb Code    28  port.o(.emb_text)
    PendSV_Handler                           0x08000149   Thumb Code    72  port.o(.emb_text)
    vPortGetIPSR                             0x08000195   Thumb Code     6  port.o(.emb_text)
    Reset_Handler                            0x0800019d   Thumb Code     8  startup_stm32f10x_md.o(.text)
    ADC1_2_IRQHandler                        0x080001b7   Thumb Code     0  startup_stm32f10x_md.o(.text)
    CAN1_RX1_IRQHandler                      0x080001b7   Thumb Code     0  startup_stm32f10x_md.o(.text)
    CAN1_SCE_IRQHandler                      0x080001b7   Thumb Code     0  startup_stm32f10x_md.o(.text)
    DMA1_Channel1_IRQHandler                 0x080001b7   Thumb Code     0  startup_stm32f10x_md.o(.text)
    DMA1_Channel2_IRQHandler                 0x080001b7   Thumb Code     0  startup_stm32f10x_md.o(.text)
    DMA1_Channel3_IRQHandler                 0x080001b7   Thumb Code     0  startup_stm32f10x_md.o(.text)
    DMA1_Channel4_IRQHandler                 0x080001b7   Thumb Code     0  startup_stm32f10x_md.o(.text)
    DMA1_Channel5_IRQHandler                 0x080001b7   Thumb Code     0  startup_stm32f10x_md.o(.text)
    DMA1_Channel6_IRQHandler                 0x080001b7   Thumb Code     0  startup_stm32f10x_md.o(.text)
    DMA1_Channel7_IRQHandler                 0x080001b7   Thumb Code     0  startup_stm32f10x_md.o(.text)
    EXTI0_IRQHandler                         0x080001b7   Thumb Code     0  startup_stm32f10x_md.o(.text)
    EXTI15_10_IRQHandler                     0x080001b7   Thumb Code     0  startup_stm32f10x_md.o(.text)
    EXTI2_IRQHandler                         0x080001b7   Thumb Code     0  startup_stm32f10x_md.o(.text)
    EXTI3_IRQHandler                         0x080001b7   Thumb Code     0  startup_stm32f10x_md.o(.text)
    EXTI4_IRQHandler                         0x080001b7   Thumb Code     0  startup_stm32f10x_md.o(.text)
    EXTI9_5_IRQHandler                       0x080001b7   Thumb Code     0  startup_stm32f10x_md.o(.text)
    FLASH_IRQHandler                         0x080001b7   Thumb Code     0  startup_stm32f10x_md.o(.text)
    I2C1_ER_IRQHandler                       0x080001b7   Thumb Code     0  startup_stm32f10x_md.o(.text)
    I2C1_EV_IRQHandler                       0x080001b7   Thumb Code     0  startup_stm32f10x_md.o(.text)
    I2C2_ER_IRQHandler                       0x080001b7   Thumb Code     0  startup_stm32f10x_md.o(.text)
    I2C2_EV_IRQHandler                       0x080001b7   Thumb Code     0  startup_stm32f10x_md.o(.text)
    PVD_IRQHandler                           0x080001b7   Thumb Code     0  startup_stm32f10x_md.o(.text)
    RCC_IRQHandler                           0x080001b7   Thumb Code     0  startup_stm32f10x_md.o(.text)
    RTCAlarm_IRQHandler                      0x080001b7   Thumb Code     0  startup_stm32f10x_md.o(.text)
    RTC_IRQHandler                           0x080001b7   Thumb Code     0  startup_stm32f10x_md.o(.text)
    SPI1_IRQHandler                          0x080001b7   Thumb Code     0  startup_stm32f10x_md.o(.text)
    SPI2_IRQHandler                          0x080001b7   Thumb Code     0  startup_stm32f10x_md.o(.text)
    TAMPER_IRQHandler                        0x080001b7   Thumb Code     0  startup_stm32f10x_md.o(.text)
    TIM1_BRK_IRQHandler                      0x080001b7   Thumb Code     0  startup_stm32f10x_md.o(.text)
    TIM1_CC_IRQHandler                       0x080001b7   Thumb Code     0  startup_stm32f10x_md.o(.text)
    TIM1_TRG_COM_IRQHandler                  0x080001b7   Thumb Code     0  startup_stm32f10x_md.o(.text)
    TIM1_UP_IRQHandler                       0x080001b7   Thumb Code     0  startup_stm32f10x_md.o(.text)
    TIM2_IRQHandler                          0x080001b7   Thumb Code     0  startup_stm32f10x_md.o(.text)
    TIM3_IRQHandler                          0x080001b7   Thumb Code     0  startup_stm32f10x_md.o(.text)
    TIM4_IRQHandler                          0x080001b7   Thumb Code     0  startup_stm32f10x_md.o(.text)
    USBWakeUp_IRQHandler                     0x080001b7   Thumb Code     0  startup_stm32f10x_md.o(.text)
    USB_HP_CAN1_TX_IRQHandler                0x080001b7   Thumb Code     0  startup_stm32f10x_md.o(.text)
    USB_LP_CAN1_RX0_IRQHandler               0x080001b7   Thumb Code     0  startup_stm32f10x_md.o(.text)
    WWDG_IRQHandler                          0x080001b7   Thumb Code     0  startup_stm32f10x_md.o(.text)
    ___aeabi_memcpy8$move                    0x080001c1   Thumb Code     0  memmovea.o(.text)
    __aeabi_memcpy                           0x080001c1   Thumb Code    64  memmovea.o(.text)
    __aeabi_memcpy4                          0x080001c1   Thumb Code     0  memmovea.o(.text)
    __aeabi_memmove                          0x080001c1   Thumb Code     0  memmovea.o(.text)
    __aeabi_memmove4                         0x080001c1   Thumb Code     0  memmovea.o(.text)
    __aeabi_memmove8                         0x080001c1   Thumb Code     0  memmovea.o(.text)
    __aeabi_memset                           0x08000201   Thumb Code    14  memseta.o(.text)
    __aeabi_memset4                          0x08000201   Thumb Code     0  memseta.o(.text)
    __aeabi_memset8                          0x08000201   Thumb Code     0  memseta.o(.text)
    __aeabi_memclr                           0x0800020f   Thumb Code     4  memseta.o(.text)
    __aeabi_memclr4                          0x0800020f   Thumb Code     0  memseta.o(.text)
    __aeabi_memclr8                          0x0800020f   Thumb Code     0  memseta.o(.text)
    _memset$wrapper                          0x08000213   Thumb Code    18  memseta.o(.text)
    strstr                                   0x08000225   Thumb Code    36  strstr.o(.text)
    strcmp                                   0x08000249   Thumb Code    28  strcmp.o(.text)
    strncmp                                  0x08000265   Thumb Code    30  strncmp.o(.text)
    __aeabi_dadd                             0x08000283   Thumb Code   322  dadd.o(.text)
    __aeabi_dsub                             0x080003c5   Thumb Code     6  dadd.o(.text)
    __aeabi_drsub                            0x080003cb   Thumb Code     6  dadd.o(.text)
    __aeabi_dmul                             0x080003d1   Thumb Code   228  dmul.o(.text)
    __aeabi_ddiv                             0x080004b5   Thumb Code   222  ddiv.o(.text)
    __aeabi_cdrcmple                         0x08000595   Thumb Code    48  cdrcmple.o(.text)
    __aeabi_uidiv                            0x080005c5   Thumb Code     0  uidiv.o(.text)
    __aeabi_uidivmod                         0x080005c5   Thumb Code    44  uidiv.o(.text)
    __aeabi_uldivmod                         0x080005f1   Thumb Code    98  uldiv.o(.text)
    __aeabi_llsl                             0x08000653   Thumb Code    30  llshl.o(.text)
    _ll_shift_l                              0x08000653   Thumb Code     0  llshl.o(.text)
    __aeabi_llsr                             0x08000671   Thumb Code    32  llushr.o(.text)
    _ll_ushift_r                             0x08000671   Thumb Code     0  llushr.o(.text)
    __aeabi_lasr                             0x08000691   Thumb Code    36  llsshr.o(.text)
    _ll_sshift_r                             0x08000691   Thumb Code     0  llsshr.o(.text)
    __I$use$fp                               0x080006b5   Thumb Code     0  iusefp.o(.text)
    _double_round                            0x080006b5   Thumb Code    30  depilogue.o(.text)
    _double_epilogue                         0x080006d3   Thumb Code   156  depilogue.o(.text)
    __aeabi_d2ulz                            0x0800076f   Thumb Code    48  dfixul.o(.text)
    __scatterload                            0x080007a1   Thumb Code    28  init.o(.text)
    __scatterload_rt2                        0x080007a1   Thumb Code     0  init.o(.text)
    __decompress                             0x080007c5   Thumb Code     0  __dczerorl2.o(.text)
    __decompress1                            0x080007c5   Thumb Code    86  __dczerorl2.o(.text)
    AS608Task                                0x0800081d   Thumb Code   212  main.o(i.AS608Task)
    AS608_Init                               0x08000925   Thumb Code    12  driver_as608.o(i.AS608_Init)
    AS608_Read                               0x08000931   Thumb Code   188  driver_as608.o(i.AS608_Read)
    AS608_SendCommand                        0x080009f9   Thumb Code   132  driver_as608.o(i.AS608_SendCommand)
    Admin_GetPass                            0x08000a7d   Thumb Code    82  storage.o(i.Admin_GetPass)
    Admin_WritePassToFlash                   0x08000acf   Thumb Code    26  storage.o(i.Admin_WritePassToFlash)
    Animation_Refesh                         0x08000ae9   Thumb Code   122  esp01s_wifimoudle.o(i.Animation_Refesh)
    Beep_Init                                0x08000b69   Thumb Code    48  beep.o(i.Beep_Init)
    Beep_On                                  0x08000b9d   Thumb Code    66  beep.o(i.Beep_On)
    Body_Infra_GetData                       0x08000be5   Thumb Code    18  body_infrared.o(i.Body_Infra_GetData)
    Body_Infra_Init                          0x08000bfd   Thumb Code    34  body_infrared.o(i.Body_Infra_Init)
    BusFault_Handler                         0x08000c25   Thumb Code     4  stm32f10x_it.o(i.BusFault_Handler)
    CalulateCRC                              0x08000c29   Thumb Code   108  driver_rc522.o(i.CalulateCRC)
    DMA1_Init                                0x08000ca5   Thumb Code    86  uart1.o(i.DMA1_Init)
    DMA_Cmd                                  0x08000d09   Thumb Code    24  stm32f10x_dma.o(i.DMA_Cmd)
    DMA_GetCurrDataCounter                   0x08000d21   Thumb Code     8  stm32f10x_dma.o(i.DMA_GetCurrDataCounter)
    DMA_Init                                 0x08000d29   Thumb Code    60  stm32f10x_dma.o(i.DMA_Init)
    DMA_SetCurrDataCounter                   0x08000d65   Thumb Code     4  stm32f10x_dma.o(i.DMA_SetCurrDataCounter)
    DebugMon_Handler                         0x08000d69   Thumb Code     2  stm32f10x_it.o(i.DebugMon_Handler)
    Delay_ms                                 0x08000d6b   Thumb Code    24  delay.o(i.Delay_ms)
    Delay_us                                 0x08000d83   Thumb Code    12  delay.o(i.Delay_us)
    Display_Refresh                          0x08000d91   Thumb Code   112  menu.o(i.Display_Refresh)
    ESP01S_Init                              0x08000e25   Thumb Code    16  esp01s_wifimoudle.o(i.ESP01S_Init)
    ESP01s_Delay_ms                          0x08000e35   Thumb Code    24  esp01s_wifimoudle.o(i.ESP01s_Delay_ms)
    EXTI1_IRQHandler                         0x08000e4d   Thumb Code    36  finger.o(i.EXTI1_IRQHandler)
    EXTI_ClearITPendingBit                   0x08000e75   Thumb Code     6  stm32f10x_exti.o(i.EXTI_ClearITPendingBit)
    EXTI_GetITStatus                         0x08000e81   Thumb Code    34  stm32f10x_exti.o(i.EXTI_GetITStatus)
    EXTI_Init                                0x08000ea9   Thumb Code   142  stm32f10x_exti.o(i.EXTI_Init)
    Esp01s_ConnectAli                        0x08000f3d   Thumb Code   236  esp01s_wifimoudle.o(i.Esp01s_ConnectAli)
    Esp01s_ConnectMQTT                       0x0800104d   Thumb Code   144  esp01s_wifimoudle.o(i.Esp01s_ConnectMQTT)
    Esp01s_ConnectWifi                       0x08001155   Thumb Code    46  esp01s_wifimoudle.o(i.Esp01s_ConnectWifi)
    Esp01s_Delay_us                          0x080011a9   Thumb Code    46  esp01s_wifimoudle.o(i.Esp01s_Delay_us)
    Esp01s_IsConnectWifi                     0x080011d9   Thumb Code    86  esp01s_wifimoudle.o(i.Esp01s_IsConnectWifi)
    Esp01s_SendCommand                       0x0800124d   Thumb Code   192  esp01s_wifimoudle.o(i.Esp01s_SendCommand)
    Esp01s_SetCWMODE                         0x08001325   Thumb Code    26  esp01s_wifimoudle.o(i.Esp01s_SetCWMODE)
    Esp01s_SetSNTPServer                     0x08001355   Thumb Code    26  esp01s_wifimoudle.o(i.Esp01s_SetSNTPServer)
    Exit_Func                                0x0800139d   Thumb Code    58  menu.o(i.Exit_Func)
    Face_Init                                0x080013ed   Thumb Code    18  face.o(i.Face_Init)
    Face_Regis_Handler                       0x08001405   Thumb Code   212  face.o(i.Face_Regis_Handler)
    Face_Remove_Handler                      0x0800152d   Thumb Code   220  face.o(i.Face_Remove_Handler)
    Face_Scan                                0x08001661   Thumb Code    44  face.o(i.Face_Scan)
    Finger_Flush                             0x080016a1   Thumb Code   114  finger.o(i.Finger_Flush)
    Finger_GetSum                            0x08001713   Thumb Code    80  storage.o(i.Finger_GetSum)
    Finger_Init                              0x08001763   Thumb Code    74  finger.o(i.Finger_Init)
    Finger_Regis_Handler                     0x080017ad   Thumb Code   202  finger.o(i.Finger_Regis_Handler)
    Finger_Register                          0x080018b1   Thumb Code   172  finger.o(i.Finger_Register)
    Finger_Remove_Handler                    0x0800195d   Thumb Code   402  finger.o(i.Finger_Remove_Handler)
    Finger_WriteSumToFlash                   0x08001bc1   Thumb Code    48  storage.o(i.Finger_WriteSumToFlash)
    GPIO_Init                                0x08001bf1   Thumb Code   278  stm32f10x_gpio.o(i.GPIO_Init)
    GPIO_PinRemapConfig                      0x08001d09   Thumb Code   138  stm32f10x_gpio.o(i.GPIO_PinRemapConfig)
    GPIO_ReadInputDataBit                    0x08001d99   Thumb Code    18  stm32f10x_gpio.o(i.GPIO_ReadInputDataBit)
    GPIO_ResetBits                           0x08001dab   Thumb Code     4  stm32f10x_gpio.o(i.GPIO_ResetBits)
    GPIO_SetBits                             0x08001daf   Thumb Code     4  stm32f10x_gpio.o(i.GPIO_SetBits)
    GPIO_WriteBit                            0x08001db3   Thumb Code    10  stm32f10x_gpio.o(i.GPIO_WriteBit)
    HardFault_Handler                        0x08001dbd   Thumb Code     4  stm32f10x_it.o(i.HardFault_Handler)
    K210Task                                 0x08001dc1   Thumb Code    66  main.o(i.K210Task)
    KeyNum_Get                               0x08001e15   Thumb Code    20  key.o(i.KeyNum_Get)
    KeyNum_Get_Callback                      0x08001e2d   Thumb Code    62  key.o(i.KeyNum_Get_Callback)
    Key_Handler                              0x08001e71   Thumb Code   138  menu.o(i.Key_Handler)
    Key_Init                                 0x08001f01   Thumb Code    54  key.o(i.Key_Init)
    LightTask                                0x08001f41   Thumb Code    32  main.o(i.LightTask)
    Light_Init                               0x08001f61   Thumb Code    48  light.o(i.Light_Init)
    Light_Off                                0x08001f95   Thumb Code    14  light.o(i.Light_Off)
    Light_On                                 0x08001fa9   Thumb Code    14  light.o(i.Light_On)
    MQTT_Subscribe                           0x08001fbd   Thumb Code    70  esp01s_wifimoudle.o(i.MQTT_Subscribe)
    MQTT_UploadPass                          0x08002035   Thumb Code    72  esp01s_wifimoudle.o(i.MQTT_UploadPass)
    MQTT_UploadUnlockWay                     0x080020d5   Thumb Code    56  esp01s_wifimoudle.o(i.MQTT_UploadUnlockWay)
    MemManage_Handler                        0x0800212d   Thumb Code     4  stm32f10x_it.o(i.MemManage_Handler)
    MenuTask                                 0x08002131   Thumb Code   312  main.o(i.MenuTask)
    Menu_Init                                0x080022a5   Thumb Code   238  menu.o(i.Menu_Init)
    MySPI_Init                               0x08002449   Thumb Code   178  w25q64bv.o(i.MySPI_Init)
    MySPI_Start                              0x08002505   Thumb Code    10  w25q64bv.o(i.MySPI_Start)
    MySPI_StoP                               0x0800250f   Thumb Code    10  w25q64bv.o(i.MySPI_StoP)
    MySPI_SwapByte                           0x08002519   Thumb Code    54  w25q64bv.o(i.MySPI_SwapByte)
    MySPI_W_SS                               0x08002555   Thumb Code    18  w25q64bv.o(i.MySPI_W_SS)
    NMI_Handler                              0x0800256d   Thumb Code     2  stm32f10x_it.o(i.NMI_Handler)
    NVIC_Init                                0x08002571   Thumb Code   100  misc.o(i.NVIC_Init)
    NVIC_PriorityGroupConfig                 0x080025e1   Thumb Code    10  misc.o(i.NVIC_PriorityGroupConfig)
    OLED_Clear                               0x080025f5   Thumb Code    36  oled.o(i.OLED_Clear)
    OLED_ClearArea                           0x0800261d   Thumb Code   140  oled.o(i.OLED_ClearArea)
    OLED_GPIO_Init                           0x080026ad   Thumb Code    92  oled.o(i.OLED_GPIO_Init)
    OLED_I2C_SendByte                        0x0800270d   Thumb Code    62  oled.o(i.OLED_I2C_SendByte)
    OLED_I2C_Start                           0x0800274b   Thumb Code    28  oled.o(i.OLED_I2C_Start)
    OLED_I2C_Stop                            0x08002767   Thumb Code    22  oled.o(i.OLED_I2C_Stop)
    OLED_Init                                0x0800277d   Thumb Code   154  oled.o(i.OLED_Init)
    OLED_Pow                                 0x08002817   Thumb Code    20  oled.o(i.OLED_Pow)
    OLED_ReverseArea                         0x0800282d   Thumb Code   140  oled.o(i.OLED_ReverseArea)
    OLED_SetCursor                           0x080028bd   Thumb Code    34  oled.o(i.OLED_SetCursor)
    OLED_ShowChar                            0x080028e1   Thumb Code    74  oled.o(i.OLED_ShowChar)
    OLED_ShowChinese                         0x08002935   Thumb Code   144  oled.o(i.OLED_ShowChinese)
    OLED_ShowImage                           0x080029cd   Thumb Code   248  oled.o(i.OLED_ShowImage)
    OLED_ShowNum                             0x08002ac9   Thumb Code    76  oled.o(i.OLED_ShowNum)
    OLED_ShowString                          0x08002b15   Thumb Code    46  oled.o(i.OLED_ShowString)
    OLED_Update                              0x08002b45   Thumb Code    36  oled.o(i.OLED_Update)
    OLED_UpdateArea                          0x08002b6d   Thumb Code   120  oled.o(i.OLED_UpdateArea)
    OLED_W_SCL                               0x08002be9   Thumb Code    18  oled.o(i.OLED_W_SCL)
    OLED_W_SDA                               0x08002c01   Thumb Code    18  oled.o(i.OLED_W_SDA)
    OLED_WriteCommand                        0x08002c19   Thumb Code    32  oled.o(i.OLED_WriteCommand)
    OLED_WriteData                           0x08002c39   Thumb Code    46  oled.o(i.OLED_WriteData)
    Operation_Face                           0x08002c69   Thumb Code    62  menu.o(i.Operation_Face)
    Operation_Finger                         0x08002cbd   Thumb Code    98  menu.o(i.Operation_Finger)
    Operation_RFID                           0x08002d39   Thumb Code    62  menu.o(i.Operation_RFID)
    PS_DeletChar                             0x08002d8d   Thumb Code    88  driver_as608.o(i.PS_DeletChar)
    PS_GenChar                               0x08002de9   Thumb Code    72  driver_as608.o(i.PS_GenChar)
    PS_GetImage                              0x08002e35   Thumb Code    44  driver_as608.o(i.PS_GetImage)
    PS_RegModel                              0x08002e65   Thumb Code    44  driver_as608.o(i.PS_RegModel)
    PS_Search                                0x08002e95   Thumb Code   142  driver_as608.o(i.PS_Search)
    PS_StaGPIO_Init                          0x08002f29   Thumb Code    46  driver_as608.o(i.PS_StaGPIO_Init)
    PS_StoreChar                             0x08002f5d   Thumb Code    84  driver_as608.o(i.PS_StoreChar)
    PWM_Init                                 0x08002fb5   Thumb Code   148  pwm.o(i.PWM_Init)
    PWM_SetCompare1                          0x0800304d   Thumb Code    16  pwm.o(i.PWM_SetCompare1)
    Pass_Func                                0x0800305d   Thumb Code    12  menu.o(i.Pass_Func)
    Pass_handlle                             0x0800306d   Thumb Code   638  menu.o(i.Pass_handlle)
    PcdAnticoll                              0x08003359   Thumb Code   114  driver_rc522.o(i.PcdAnticoll)
    PcdAuthState                             0x080033cb   Thumb Code   112  driver_rc522.o(i.PcdAuthState)
    PcdComMF522                              0x0800343b   Thumb Code   306  driver_rc522.o(i.PcdComMF522)
    PcdRequest                               0x0800356d   Thumb Code    86  driver_rc522.o(i.PcdRequest)
    PcdSelect                                0x080035c3   Thumb Code   114  driver_rc522.o(i.PcdSelect)
    PcdWrite                                 0x08003635   Thumb Code   152  driver_rc522.o(i.PcdWrite)
    RC522Task                                0x080036cd   Thumb Code    94  main.o(i.RC522Task)
    RC522_ClearBit_Register                  0x08003749   Thumb Code    26  driver_rc522.o(i.RC522_ClearBit_Register)
    RC522_GPIO_Init                          0x08003765   Thumb Code   102  driver_rc522.o(i.RC522_GPIO_Init)
    RC522_GetSum                             0x080037d5   Thumb Code    80  storage.o(i.RC522_GetSum)
    RC522_Init                               0x08003825   Thumb Code    12  driver_rc522.o(i.RC522_Init)
    RC522_Read_Register                      0x08003831   Thumb Code    46  driver_rc522.o(i.RC522_Read_Register)
    RC522_Reset                              0x08003865   Thumb Code   130  driver_rc522.o(i.RC522_Reset)
    RC522_SPI_ReadByte                       0x080038ed   Thumb Code    72  driver_rc522.o(i.RC522_SPI_ReadByte)
    RC522_SPI_SendByte                       0x08003939   Thumb Code    80  driver_rc522.o(i.RC522_SPI_SendByte)
    RC522_SetBit_Register                    0x0800398d   Thumb Code    26  driver_rc522.o(i.RC522_SetBit_Register)
    RC522_WriteSumToFlash                    0x080039a7   Thumb Code    48  storage.o(i.RC522_WriteSumToFlash)
    RC522_Write_Register                     0x080039d9   Thumb Code    42  driver_rc522.o(i.RC522_Write_Register)
    RCC_AHBPeriphClockCmd                    0x08003a09   Thumb Code    26  stm32f10x_rcc.o(i.RCC_AHBPeriphClockCmd)
    RCC_APB1PeriphClockCmd                   0x08003a29   Thumb Code    26  stm32f10x_rcc.o(i.RCC_APB1PeriphClockCmd)
    RCC_APB2PeriphClockCmd                   0x08003a49   Thumb Code    26  stm32f10x_rcc.o(i.RCC_APB2PeriphClockCmd)
    RCC_GetClocksFreq                        0x08003a69   Thumb Code   192  stm32f10x_rcc.o(i.RCC_GetClocksFreq)
    RFID_Init                                0x08003b3d   Thumb Code     8  rfid.o(i.RFID_Init)
    RFID_Regis_Handler                       0x08003b45   Thumb Code   140  rfid.o(i.RFID_Regis_Handler)
    RFID_Register                            0x08003bf1   Thumb Code    56  rfid.o(i.RFID_Register)
    RFID_Remove                              0x08003c39   Thumb Code   122  rfid.o(i.RFID_Remove)
    RFID_Remove_Handler                      0x08003cc5   Thumb Code   138  rfid.o(i.RFID_Remove_Handler)
    RFID_Scan                                0x08003d71   Thumb Code    44  rfid.o(i.RFID_Scan)
    RFID_Test                                0x08003da5   Thumb Code    70  rfid.o(i.RFID_Test)
    Register_Func                            0x08003ded   Thumb Code     8  menu.o(i.Register_Func)
    Remove_Func                              0x08003df9   Thumb Code     8  menu.o(i.Remove_Func)
    SPI_Cmd                                  0x08003e05   Thumb Code    24  stm32f10x_spi.o(i.SPI_Cmd)
    SPI_I2S_GetFlagStatus                    0x08003e1d   Thumb Code    18  stm32f10x_spi.o(i.SPI_I2S_GetFlagStatus)
    SPI_I2S_ReceiveData                      0x08003e2f   Thumb Code     6  stm32f10x_spi.o(i.SPI_I2S_ReceiveData)
    SPI_I2S_SendData                         0x08003e35   Thumb Code     4  stm32f10x_spi.o(i.SPI_I2S_SendData)
    SPI_Init                                 0x08003e39   Thumb Code    60  stm32f10x_spi.o(i.SPI_Init)
    Serial1_Init                             0x08003e75   Thumb Code   148  uart1.o(i.Serial1_Init)
    Serial1_SendString                       0x08003f11   Thumb Code    54  uart1.o(i.Serial1_SendString)
    Serial2_Init                             0x08003f4d   Thumb Code    26  uart2.o(i.Serial2_Init)
    Serial2_SendBByte                        0x08003f6d   Thumb Code    42  uart2.o(i.Serial2_SendBByte)
    Serial3_Init                             0x08003f9d   Thumb Code   170  uart3.o(i.Serial3_Init)
    Serial3_SendString                       0x08004051   Thumb Code    54  uart3.o(i.Serial3_SendString)
    Servo_Angle_To_Pulse                     0x0800408d   Thumb Code    18  servo.o(i.Servo_Angle_To_Pulse)
    Servo_Control_Angle                      0x0800409f   Thumb Code    20  servo.o(i.Servo_Control_Angle)
    Servo_Init                               0x080040b3   Thumb Code    16  servo.o(i.Servo_Init)
    Settings_Func                            0x080041ad   Thumb Code     8  menu.o(i.Settings_Func)
    Show_SystemInfo                          0x080041b9   Thumb Code    36  menu.o(i.Show_SystemInfo)
    Storage_Init                             0x080041ed   Thumb Code   118  storage.o(i.Storage_Init)
    SysTick_Handler                          0x08004275   Thumb Code    46  port.o(i.SysTick_Handler)
    SystemInit                               0x080042a9   Thumb Code    78  system_stm32f10x.o(i.SystemInit)
    TIM_Cmd                                  0x08004309   Thumb Code    24  stm32f10x_tim.o(i.TIM_Cmd)
    TIM_InternalClockConfig                  0x08004321   Thumb Code    12  stm32f10x_tim.o(i.TIM_InternalClockConfig)
    TIM_OC1Init                              0x0800432d   Thumb Code   132  stm32f10x_tim.o(i.TIM_OC1Init)
    TIM_OCStructInit                         0x080043c5   Thumb Code    20  stm32f10x_tim.o(i.TIM_OCStructInit)
    TIM_SetCompare1                          0x080043d9   Thumb Code     4  stm32f10x_tim.o(i.TIM_SetCompare1)
    TIM_TimeBaseInit                         0x080043dd   Thumb Code   122  stm32f10x_tim.o(i.TIM_TimeBaseInit)
    Timer_Create                             0x08004481   Thumb Code   214  tim.o(i.Timer_Create)
    USART1_GetRxData                         0x080045b9   Thumb Code    32  uart1.o(i.USART1_GetRxData)
    USART1_IRQHandler                        0x080045e5   Thumb Code    66  uart1.o(i.USART1_IRQHandler)
    USART2_IRQHandler                        0x08004639   Thumb Code    42  uart2.o(i.USART2_IRQHandler)
    USART3_IRQHandler                        0x08004669   Thumb Code    42  uart3.o(i.USART3_IRQHandler)
    USART_ClearITPendingBit                  0x08004699   Thumb Code    30  stm32f10x_usart.o(i.USART_ClearITPendingBit)
    USART_Cmd                                0x080046b7   Thumb Code    24  stm32f10x_usart.o(i.USART_Cmd)
    USART_DMACmd                             0x080046cf   Thumb Code    18  stm32f10x_usart.o(i.USART_DMACmd)
    USART_GetFlagStatus                      0x080046e1   Thumb Code    26  stm32f10x_usart.o(i.USART_GetFlagStatus)
    USART_GetITStatus                        0x080046fb   Thumb Code    84  stm32f10x_usart.o(i.USART_GetITStatus)
    USART_ITConfig                           0x0800474f   Thumb Code    74  stm32f10x_usart.o(i.USART_ITConfig)
    USART_Init                               0x08004799   Thumb Code   210  stm32f10x_usart.o(i.USART_Init)
    USART_ReceiveData                        0x08004871   Thumb Code    10  stm32f10x_usart.o(i.USART_ReceiveData)
    USART_SendData                           0x0800487b   Thumb Code     8  stm32f10x_usart.o(i.USART_SendData)
    Uart2_Init                               0x08004885   Thumb Code   170  uart2.o(i.Uart2_Init)
    Uart2_Receiver_Init                      0x08004939   Thumb Code    32  uart2.o(i.Uart2_Receiver_Init)
    Uart3_GetData                            0x08004961   Thumb Code    26  uart3.o(i.Uart3_GetData)
    UsageFault_Handler                       0x08004985   Thumb Code     4  stm32f10x_it.o(i.UsageFault_Handler)
    W25Q64BV_Init                            0x08004989   Thumb Code     8  w25q64bv.o(i.W25Q64BV_Init)
    W25Q64BV_PageProgram                     0x08004991   Thumb Code    80  w25q64bv.o(i.W25Q64BV_PageProgram)
    W25Q64BV_SectorErase                     0x080049e1   Thumb Code    54  w25q64bv.o(i.W25Q64BV_SectorErase)
    W25Q64BV_WaitBusy                        0x08004a19   Thumb Code    44  w25q64bv.o(i.W25Q64BV_WaitBusy)
    W25Q64BV_WriteDisable                    0x08004a49   Thumb Code    18  w25q64bv.o(i.W25Q64BV_WriteDisable)
    W25Q64BV_WriteEnable                     0x08004a5b   Thumb Code    18  w25q64bv.o(i.W25Q64BV_WriteEnable)
    WifiTask                                 0x08004a6d   Thumb Code   134  main.o(i.WifiTask)
    __0snprintf                              0x08004b41   Thumb Code    48  printfa.o(i.__0snprintf)
    __1snprintf                              0x08004b41   Thumb Code     0  printfa.o(i.__0snprintf)
    __2snprintf                              0x08004b41   Thumb Code     0  printfa.o(i.__0snprintf)
    __c89snprintf                            0x08004b41   Thumb Code     0  printfa.o(i.__0snprintf)
    snprintf                                 0x08004b41   Thumb Code     0  printfa.o(i.__0snprintf)
    __0sprintf                               0x08004b75   Thumb Code    34  printfa.o(i.__0sprintf)
    __1sprintf                               0x08004b75   Thumb Code     0  printfa.o(i.__0sprintf)
    __2sprintf                               0x08004b75   Thumb Code     0  printfa.o(i.__0sprintf)
    __c89sprintf                             0x08004b75   Thumb Code     0  printfa.o(i.__0sprintf)
    sprintf                                  0x08004b75   Thumb Code     0  printfa.o(i.__0sprintf)
    __scatterload_copy                       0x08004b9d   Thumb Code    14  handlers.o(i.__scatterload_copy)
    __scatterload_null                       0x08004bab   Thumb Code     2  handlers.o(i.__scatterload_null)
    __scatterload_zeroinit                   0x08004bad   Thumb Code    14  handlers.o(i.__scatterload_zeroinit)
    main                                     0x08005469   Thumb Code   360  main.o(i.main)
    pvPortMalloc                             0x080060d9   Thumb Code   208  heap_4.o(i.pvPortMalloc)
    pvTaskIncrementMutexHeldCount            0x080061bd   Thumb Code    26  tasks.o(i.pvTaskIncrementMutexHeldCount)
    pvTimerGetTimerID                        0x080061dd   Thumb Code    20  timers.o(i.pvTimerGetTimerID)
    pxPortInitialiseStack                    0x080061f1   Thumb Code    30  port.o(i.pxPortInitialiseStack)
    uxListRemove                             0x08006215   Thumb Code    40  list.o(i.uxListRemove)
    uxTaskGetNumberOfTasks                   0x0800623d   Thumb Code     6  tasks.o(i.uxTaskGetNumberOfTasks)
    vApplicationStackOverflowHook            0x08006249   Thumb Code     4  stm32f10x_it.o(i.vApplicationStackOverflowHook)
    vKeyScan                                 0x0800624d   Thumb Code    80  key.o(i.vKeyScan)
    vListInitialise                          0x080062ad   Thumb Code    26  list.o(i.vListInitialise)
    vListInitialiseItem                      0x080062c7   Thumb Code     6  list.o(i.vListInitialiseItem)
    vListInsert                              0x080062cd   Thumb Code    52  list.o(i.vListInsert)
    vListInsertEnd                           0x08006301   Thumb Code    24  list.o(i.vListInsertEnd)
    vPortEnterCritical                       0x08006319   Thumb Code    30  port.o(i.vPortEnterCritical)
    vPortExitCritical                        0x0800633d   Thumb Code    28  port.o(i.vPortExitCritical)
    vPortFree                                0x0800635d   Thumb Code    68  heap_4.o(i.vPortFree)
    vPortSetupTimerInterrupt                 0x080063a9   Thumb Code    20  port.o(i.vPortSetupTimerInterrupt)
    vProcessReceivedByte                     0x080063c1   Thumb Code   552  uart2.o(i.vProcessReceivedByte)
    vQueueAddToRegistry                      0x08006695   Thumb Code    66  queue.o(i.vQueueAddToRegistry)
    vQueueWaitForMessageRestricted           0x080066dd   Thumb Code    74  queue.o(i.vQueueWaitForMessageRestricted)
    vTaskDelay                               0x08006729   Thumb Code    46  tasks.o(i.vTaskDelay)
    vTaskInternalSetTimeOutState             0x0800675d   Thumb Code    14  tasks.o(i.vTaskInternalSetTimeOutState)
    vTaskMissedYield                         0x08006775   Thumb Code     8  tasks.o(i.vTaskMissedYield)
    vTaskPlaceOnEventList                    0x08006781   Thumb Code    28  tasks.o(i.vTaskPlaceOnEventList)
    vTaskPlaceOnEventListRestricted          0x080067a1   Thumb Code    70  tasks.o(i.vTaskPlaceOnEventListRestricted)
    vTaskPriorityDisinheritAfterTimeout      0x080067ed   Thumb Code   204  tasks.o(i.vTaskPriorityDisinheritAfterTimeout)
    vTaskResume                              0x080068c1   Thumb Code   156  tasks.o(i.vTaskResume)
    vTaskStartScheduler                      0x0800696d   Thumb Code    86  tasks.o(i.vTaskStartScheduler)
    vTaskSuspend                             0x080069e5   Thumb Code   188  tasks.o(i.vTaskSuspend)
    vTaskSuspendAll                          0x08006abd   Thumb Code    12  tasks.o(i.vTaskSuspendAll)
    vTaskSwitchContext                       0x08006acd   Thumb Code   106  tasks.o(i.vTaskSwitchContext)
    vTimerCallback                           0x08006b4d   Thumb Code    40  tim.o(i.vTimerCallback)
    xPortStartScheduler                      0x08006b7d   Thumb Code    42  port.o(i.xPortStartScheduler)
    xQueueCreateMutex                        0x08006bb1   Thumb Code    34  queue.o(i.xQueueCreateMutex)
    xQueueGenericCreate                      0x08006bd3   Thumb Code    76  queue.o(i.xQueueGenericCreate)
    xQueueGenericReset                       0x08006c21   Thumb Code   156  queue.o(i.xQueueGenericReset)
    xQueueGenericSend                        0x08006cc1   Thumb Code   322  queue.o(i.xQueueGenericSend)
    xQueueGenericSendFromISR                 0x08006e09   Thumb Code   180  queue.o(i.xQueueGenericSendFromISR)
    xQueueReceive                            0x08006ebd   Thumb Code   256  queue.o(i.xQueueReceive)
    xQueueSemaphoreTake                      0x08006fc1   Thumb Code   300  queue.o(i.xQueueSemaphoreTake)
    xTaskCheckForTimeOut                     0x080070f1   Thumb Code    88  tasks.o(i.xTaskCheckForTimeOut)
    xTaskCreate                              0x08007151   Thumb Code   104  tasks.o(i.xTaskCreate)
    xTaskGenericNotify                       0x080071b9   Thumb Code   314  tasks.o(i.xTaskGenericNotify)
    xTaskGenericNotifyWait                   0x08007305   Thumb Code   164  tasks.o(i.xTaskGenericNotifyWait)
    xTaskGetSchedulerState                   0x080073b1   Thumb Code    24  tasks.o(i.xTaskGetSchedulerState)
    xTaskGetTickCount                        0x080073d1   Thumb Code     6  tasks.o(i.xTaskGetTickCount)
    xTaskIncrementTick                       0x080073dd   Thumb Code   356  tasks.o(i.xTaskIncrementTick)
    xTaskPriorityDisinherit                  0x0800756d   Thumb Code   162  tasks.o(i.xTaskPriorityDisinherit)
    xTaskPriorityInherit                     0x08007619   Thumb Code   224  tasks.o(i.xTaskPriorityInherit)
    xTaskRemoveFromEventList                 0x08007705   Thumb Code   240  tasks.o(i.xTaskRemoveFromEventList)
    xTaskResumeAll                           0x0800780d   Thumb Code   310  tasks.o(i.xTaskResumeAll)
    xTimerCreate                             0x08007969   Thumb Code    54  timers.o(i.xTimerCreate)
    xTimerCreateTimerTask                    0x080079a1   Thumb Code    40  timers.o(i.xTimerCreateTimerTask)
    xTimerGenericCommand                     0x080079dd   Thumb Code   104  timers.o(i.xTimerGenericCommand)
    xTimerIsTimerActive                      0x08007a49   Thumb Code    34  timers.o(i.xTimerIsTimerActive)
    OLED_F8x16                               0x08007a6a   Data        1520  oled_data.o(.constdata)
    OLED_F6x8                                0x0800805a   Data         570  oled_data.o(.constdata)
    OLED_CF16x16                             0x08008294   Data        1476  oled_data.o(.constdata)
    Diode                                    0x08008858   Data          32  oled_data.o(.constdata)
    Lock32x32                                0x08008878   Data         128  oled_data.o(.constdata)
    Unlock32x32                              0x080088f8   Data         128  oled_data.o(.constdata)
    Wifi_Connected12x12                      0x08008978   Data          24  oled_data.o(.constdata)
    Wifi_Disconnected12x12                   0x08008990   Data          24  oled_data.o(.constdata)
    Menu_CanAccess12x12                      0x080089a8   Data          24  oled_data.o(.constdata)
    Menu_CantAccess12x12                     0x080089c0   Data          24  oled_data.o(.constdata)
    Loading10x10                             0x080089d8   Data          20  oled_data.o(.constdata)
    Region$$Table$$Base                      0x08008bd8   Number         0  anon$$obj.o(Region$$Table)
    Region$$Table$$Limit                     0x08008bf8   Number         0  anon$$obj.o(Region$$Table)
    g_ucKeyNum                               0x20000000   Data           1  key.o(.data)
    As608_Packet_t                           0x20000004   Data          44  driver_as608.o(.data)
    As608_Packet                             0x20000030   Data           4  driver_as608.o(.data)
    rx_data_ready                            0x20000048   Data           1  uart1.o(.data)
    rx_data_length                           0x2000004a   Data           2  uart1.o(.data)
    xQueueUart2                              0x2000004c   Data           4  uart2.o(.data)
    Uart2_Rx                                 0x20000050   Data           4  uart2.o(.data)
    g_xKeyScanTimer                          0x20000058   Data           4  tim.o(.data)
    g_xUpdateTimer                           0x2000005c   Data           4  tim.o(.data)
    g_xPassLockTimer                         0x20000060   Data           4  tim.o(.data)
    g_xPassRetryTimer                        0x20000064   Data           4  tim.o(.data)
    g_xWifiTimer                             0x20000068   Data           4  tim.o(.data)
    g_xRC522Handle                           0x2000006c   Data           4  main.o(.data)
    g_xMenuHandle                            0x20000070   Data           4  main.o(.data)
    g_xAs608Handle                           0x20000074   Data           4  main.o(.data)
    g_xLightHandle                           0x20000078   Data           4  main.o(.data)
    g_xK210Handle                            0x2000007c   Data           4  main.o(.data)
    g_xWifiHandle                            0x20000080   Data           4  main.o(.data)
    g_xError                                 0x20000084   Data           2  main.o(.data)
    g_ucDoor_status                          0x20000086   Data           1  main.o(.data)
    g_ucWifi_iscon_flag                      0x20000087   Data           1  main.o(.data)
    g_ucWifi_testcon_flag                    0x20000088   Data           1  main.o(.data)
    g_xMutex_Wifi                            0x2000008c   Data           4  main.o(.data)
    g_xMutex_Key                             0x20000090   Data           4  main.o(.data)
    g_xOledMutex                             0x20000094   Data           4  main.o(.data)
    g_ucaAdmin_pass                          0x20000098   Data           4  main.o(.data)
    menuState                                0x2000009c   Data           1  main.o(.data)
    g_uckey                                  0x2000009d   Data           1  main.o(.data)
    current_menu                             0x200000a4   Data           4  menu.o(.data)
    menu_root                                0x200000a8   Data           4  menu.o(.data)
    g_xMenu_Opera                            0x200000ac   Data           1  menu.o(.data)
    display_offset                           0x200000ad   Data           1  menu.o(.data)
    pass_retry                               0x200000ae   Data           1  menu.o(.data)
    ucaControlB                              0x200000af   Data          16  rfid.o(.data)
    ucaVertify                               0x200000bf   Data          16  rfid.o(.data)
    ucaCard_key                              0x200000cf   Data           6  rfid.o(.data)
    ucaCard_defaultkey                       0x200000d5   Data           6  rfid.o(.data)
    ucaID                                    0x200000db   Data           4  rfid.o(.data)
    g_usFingerId                             0x200000e0   Data           2  finger.o(.data)
    gSSID                                    0x200000e4   Data           4  esp01s_wifimoudle.o(.data)
    gSSID_PASS                               0x200000e8   Data           4  esp01s_wifimoudle.o(.data)
    gMQTT_CLIENTID                           0x200000ec   Data           4  esp01s_wifimoudle.o(.data)
    gMQTT_USERNAME                           0x200000f0   Data           4  esp01s_wifimoudle.o(.data)
    gMQTT_PASSWD                             0x200000f4   Data           4  esp01s_wifimoudle.o(.data)
    gMQTT_HOSTURL                            0x200000f8   Data           4  esp01s_wifimoudle.o(.data)
    gMQTT_PORT                               0x200000fc   Data           4  esp01s_wifimoudle.o(.data)
    gMQTT_SUBPATH_Set                        0x20000100   Data           4  esp01s_wifimoudle.o(.data)
    gMQTT_SUBPATH_Get                        0x20000104   Data           4  esp01s_wifimoudle.o(.data)
    gMQTT_PUBPATH                            0x20000108   Data           4  esp01s_wifimoudle.o(.data)
    Admin_Default                            0x20001116   Data           4  storage.o(.data)
    rx_flag                                  0x2000111a   Data           1  face.o(.data)
    pxCurrentTCB                             0x2000111c   Data           4  tasks.o(.data)
    uxTopUsedPriority                        0x20001154   Data           4  tasks.o(.data)
    OLED_DisplayBuf                          0x20001190   Data        1024  oled.o(.bss)
    buffer                                   0x20001590   Data          64  driver_as608.o(.bss)
    rx_buffer                                0x200015d0   Data         128  uart1.o(.bss)
    Packet                                   0x20001650   Data          64  uart2.o(.bss)
    Uart2Receiver                            0x20001690   Data          16  uart2.o(.bss)
    menu_main                                0x20001720   Data          24  menu.o(.bss)
    menu_exit                                0x20001738   Data          24  menu.o(.bss)
    menu_settings                            0x20001750   Data          24  menu.o(.bss)
    menu_system_info                         0x20001768   Data          24  menu.o(.bss)
    menu_pass_set                            0x20001780   Data          24  menu.o(.bss)
    menu_register                            0x20001798   Data          24  menu.o(.bss)
    menu_remove                              0x200017b0   Data          24  menu.o(.bss)
    menu_rfid                                0x200017c8   Data          24  menu.o(.bss)
    menu_finger                              0x200017e0   Data          24  menu.o(.bss)
    menu_face                                0x200017f8   Data          24  menu.o(.bss)
    ucaBuffer_wr                             0x20001810   Data          16  rfid.o(.bss)
    gEsp01s_tx_buff                          0x20001820   Data         200  esp01s_wifimoudle.o(.bss)
    xQueueRegistry                           0x200018e8   Data          80  queue.o(.bss)
    __initial_sp                             0x20004628   Data           0  startup_stm32f10x_md.o(STACK)



==============================================================================

Memory Map of the image

  Image Entry point : 0x080000ed

  Load Region LR_IROM1 (Base: 0x08000000, Size: 0x00009d88, Max: 0x00010000, ABSOLUTE, COMPRESSED[0x00008c8c])

    Execution Region ER_IROM1 (Exec base: 0x08000000, Load base: 0x08000000, Size: 0x00008bf8, Max: 0x00010000, ABSOLUTE)

    Exec Addr    Load Addr    Size         Type   Attr      Idx    E Section Name        Object

    0x08000000   0x08000000   0x000000ec   Data   RO           19    RESET               startup_stm32f10x_md.o
    0x080000ec   0x080000ec   0x00000000   Code   RO         5982  * .ARM.Collect$$$$00000000  mc_w.l(entry.o)
    0x080000ec   0x080000ec   0x00000004   Code   RO         6309    .ARM.Collect$$$$00000001  mc_w.l(entry2.o)
    0x080000f0   0x080000f0   0x00000004   Code   RO         6312    .ARM.Collect$$$$00000004  mc_w.l(entry5.o)
    0x080000f4   0x080000f4   0x00000000   Code   RO         6314    .ARM.Collect$$$$00000008  mc_w.l(entry7b.o)
    0x080000f4   0x080000f4   0x00000000   Code   RO         6316    .ARM.Collect$$$$0000000A  mc_w.l(entry8b.o)
    0x080000f4   0x080000f4   0x00000008   Code   RO         6317    .ARM.Collect$$$$0000000B  mc_w.l(entry9a.o)
    0x080000fc   0x080000fc   0x00000004   Code   RO         6324    .ARM.Collect$$$$0000000E  mc_w.l(entry12b.o)
    0x08000100   0x08000100   0x00000000   Code   RO         6319    .ARM.Collect$$$$0000000F  mc_w.l(entry10a.o)
    0x08000100   0x08000100   0x00000000   Code   RO         6321    .ARM.Collect$$$$00000011  mc_w.l(entry11a.o)
    0x08000100   0x08000100   0x00000004   Code   RO         6310    .ARM.Collect$$$$00002712  mc_w.l(entry2.o)
    0x08000104   0x08000104   0x00000096   Code   RO         5901    .emb_text           port.o
    0x0800019a   0x0800019a   0x00000002   PAD
    0x0800019c   0x0800019c   0x00000024   Code   RO           20    .text               startup_stm32f10x_md.o
    0x080001c0   0x080001c0   0x00000040   Code   RO         5987    .text               mc_w.l(memmovea.o)
    0x08000200   0x08000200   0x00000024   Code   RO         5989    .text               mc_w.l(memseta.o)
    0x08000224   0x08000224   0x00000024   Code   RO         5991    .text               mc_w.l(strstr.o)
    0x08000248   0x08000248   0x0000001c   Code   RO         5995    .text               mc_w.l(strcmp.o)
    0x08000264   0x08000264   0x0000001e   Code   RO         6001    .text               mc_w.l(strncmp.o)
    0x08000282   0x08000282   0x0000014e   Code   RO         6268    .text               mf_w.l(dadd.o)
    0x080003d0   0x080003d0   0x000000e4   Code   RO         6270    .text               mf_w.l(dmul.o)
    0x080004b4   0x080004b4   0x000000de   Code   RO         6272    .text               mf_w.l(ddiv.o)
    0x08000592   0x08000592   0x00000002   PAD
    0x08000594   0x08000594   0x00000030   Code   RO         6282    .text               mf_w.l(cdrcmple.o)
    0x080005c4   0x080005c4   0x0000002c   Code   RO         6328    .text               mc_w.l(uidiv.o)
    0x080005f0   0x080005f0   0x00000062   Code   RO         6330    .text               mc_w.l(uldiv.o)
    0x08000652   0x08000652   0x0000001e   Code   RO         6332    .text               mc_w.l(llshl.o)
    0x08000670   0x08000670   0x00000020   Code   RO         6334    .text               mc_w.l(llushr.o)
    0x08000690   0x08000690   0x00000024   Code   RO         6336    .text               mc_w.l(llsshr.o)
    0x080006b4   0x080006b4   0x00000000   Code   RO         6345    .text               mc_w.l(iusefp.o)
    0x080006b4   0x080006b4   0x000000ba   Code   RO         6346    .text               mf_w.l(depilogue.o)
    0x0800076e   0x0800076e   0x00000030   Code   RO         6350    .text               mf_w.l(dfixul.o)
    0x0800079e   0x0800079e   0x00000002   PAD
    0x080007a0   0x080007a0   0x00000024   Code   RO         6358    .text               mc_w.l(init.o)
    0x080007c4   0x080007c4   0x00000056   Code   RO         6372    .text               mc_w.l(__dczerorl2.o)
    0x0800081a   0x0800081a   0x00000002   PAD
    0x0800081c   0x0800081c   0x00000108   Code   RO         4103    i.AS608Task         main.o
    0x08000924   0x08000924   0x0000000c   Code   RO          631    i.AS608_Init        driver_as608.o
    0x08000930   0x08000930   0x000000c8   Code   RO          632    i.AS608_Read        driver_as608.o
    0x080009f8   0x080009f8   0x00000084   Code   RO          633    i.AS608_SendCommand  driver_as608.o
    0x08000a7c   0x08000a7c   0x00000052   Code   RO         4582    i.Admin_GetPass     storage.o
    0x08000ace   0x08000ace   0x0000001a   Code   RO         4583    i.Admin_WritePassToFlash  storage.o
    0x08000ae8   0x08000ae8   0x00000080   Code   RO         4461    i.Animation_Refesh  esp01s_wifimoudle.o
    0x08000b68   0x08000b68   0x00000034   Code   RO          753    i.Beep_Init         beep.o
    0x08000b9c   0x08000b9c   0x00000048   Code   RO          754    i.Beep_On           beep.o
    0x08000be4   0x08000be4   0x00000018   Code   RO          882    i.Body_Infra_GetData  body_infrared.o
    0x08000bfc   0x08000bfc   0x00000028   Code   RO          883    i.Body_Infra_Init   body_infrared.o
    0x08000c24   0x08000c24   0x00000004   Code   RO         4201    i.BusFault_Handler  stm32f10x_it.o
    0x08000c28   0x08000c28   0x0000006c   Code   RO          489    i.CalulateCRC       driver_rc522.o
    0x08000c94   0x08000c94   0x00000010   Code   RO         4584    i.CheckAddress      storage.o
    0x08000ca4   0x08000ca4   0x00000064   Code   RO         3894    i.DMA1_Init         uart1.o
    0x08000d08   0x08000d08   0x00000018   Code   RO         1630    i.DMA_Cmd           stm32f10x_dma.o
    0x08000d20   0x08000d20   0x00000008   Code   RO         1632    i.DMA_GetCurrDataCounter  stm32f10x_dma.o
    0x08000d28   0x08000d28   0x0000003c   Code   RO         1636    i.DMA_Init          stm32f10x_dma.o
    0x08000d64   0x08000d64   0x00000004   Code   RO         1637    i.DMA_SetCurrDataCounter  stm32f10x_dma.o
    0x08000d68   0x08000d68   0x00000002   Code   RO         4202    i.DebugMon_Handler  stm32f10x_it.o
    0x08000d6a   0x08000d6a   0x00000018   Code   RO         3870    i.Delay_ms          delay.o
    0x08000d82   0x08000d82   0x0000000c   Code   RO         3872    i.Delay_us          delay.o
    0x08000d8e   0x08000d8e   0x00000002   PAD
    0x08000d90   0x08000d90   0x00000094   Code   RO         4252    i.Display_Refresh   menu.o
    0x08000e24   0x08000e24   0x00000010   Code   RO         4462    i.ESP01S_Init       esp01s_wifimoudle.o
    0x08000e34   0x08000e34   0x00000018   Code   RO         4463    i.ESP01s_Delay_ms   esp01s_wifimoudle.o
    0x08000e4c   0x08000e4c   0x00000028   Code   RO         4409    i.EXTI1_IRQHandler  finger.o
    0x08000e74   0x08000e74   0x0000000c   Code   RO         1701    i.EXTI_ClearITPendingBit  stm32f10x_exti.o
    0x08000e80   0x08000e80   0x00000028   Code   RO         1705    i.EXTI_GetITStatus  stm32f10x_exti.o
    0x08000ea8   0x08000ea8   0x00000094   Code   RO         1706    i.EXTI_Init         stm32f10x_exti.o
    0x08000f3c   0x08000f3c   0x00000110   Code   RO         4464    i.Esp01s_ConnectAli  esp01s_wifimoudle.o
    0x0800104c   0x0800104c   0x00000108   Code   RO         4465    i.Esp01s_ConnectMQTT  esp01s_wifimoudle.o
    0x08001154   0x08001154   0x00000054   Code   RO         4466    i.Esp01s_ConnectWifi  esp01s_wifimoudle.o
    0x080011a8   0x080011a8   0x0000002e   Code   RO         4467    i.Esp01s_Delay_us   esp01s_wifimoudle.o
    0x080011d6   0x080011d6   0x00000002   PAD
    0x080011d8   0x080011d8   0x00000074   Code   RO         4468    i.Esp01s_IsConnectWifi  esp01s_wifimoudle.o
    0x0800124c   0x0800124c   0x000000d8   Code   RO         4469    i.Esp01s_SendCommand  esp01s_wifimoudle.o
    0x08001324   0x08001324   0x00000030   Code   RO         4470    i.Esp01s_SetCWMODE  esp01s_wifimoudle.o
    0x08001354   0x08001354   0x00000048   Code   RO         4471    i.Esp01s_SetSNTPServer  esp01s_wifimoudle.o
    0x0800139c   0x0800139c   0x00000050   Code   RO         4253    i.Exit_Func         menu.o
    0x080013ec   0x080013ec   0x00000018   Code   RO         4680    i.Face_Init         face.o
    0x08001404   0x08001404   0x00000128   Code   RO         4681    i.Face_Regis_Handler  face.o
    0x0800152c   0x0800152c   0x00000134   Code   RO         4682    i.Face_Remove_Handler  face.o
    0x08001660   0x08001660   0x00000040   Code   RO         4683    i.Face_Scan         face.o
    0x080016a0   0x080016a0   0x00000072   Code   RO         4410    i.Finger_Flush      finger.o
    0x08001712   0x08001712   0x00000050   Code   RO         4585    i.Finger_GetSum     storage.o
    0x08001762   0x08001762   0x0000004a   Code   RO         4411    i.Finger_Init       finger.o
    0x080017ac   0x080017ac   0x00000104   Code   RO         4412    i.Finger_Regis_Handler  finger.o
    0x080018b0   0x080018b0   0x000000ac   Code   RO         4413    i.Finger_Register   finger.o
    0x0800195c   0x0800195c   0x00000264   Code   RO         4414    i.Finger_Remove_Handler  finger.o
    0x08001bc0   0x08001bc0   0x00000030   Code   RO         4586    i.Finger_WriteSumToFlash  storage.o
    0x08001bf0   0x08001bf0   0x00000116   Code   RO         2054    i.GPIO_Init         stm32f10x_gpio.o
    0x08001d06   0x08001d06   0x00000002   PAD
    0x08001d08   0x08001d08   0x00000090   Code   RO         2056    i.GPIO_PinRemapConfig  stm32f10x_gpio.o
    0x08001d98   0x08001d98   0x00000012   Code   RO         2058    i.GPIO_ReadInputDataBit  stm32f10x_gpio.o
    0x08001daa   0x08001daa   0x00000004   Code   RO         2061    i.GPIO_ResetBits    stm32f10x_gpio.o
    0x08001dae   0x08001dae   0x00000004   Code   RO         2062    i.GPIO_SetBits      stm32f10x_gpio.o
    0x08001db2   0x08001db2   0x0000000a   Code   RO         2065    i.GPIO_WriteBit     stm32f10x_gpio.o
    0x08001dbc   0x08001dbc   0x00000004   Code   RO         4203    i.HardFault_Handler  stm32f10x_it.o
    0x08001dc0   0x08001dc0   0x00000054   Code   RO         4104    i.K210Task          main.o
    0x08001e14   0x08001e14   0x00000018   Code   RO          425    i.KeyNum_Get        key.o
    0x08001e2c   0x08001e2c   0x00000044   Code   RO          426    i.KeyNum_Get_Callback  key.o
    0x08001e70   0x08001e70   0x00000090   Code   RO         4254    i.Key_Handler       menu.o
    0x08001f00   0x08001f00   0x00000040   Code   RO          427    i.Key_Init          key.o
    0x08001f40   0x08001f40   0x00000020   Code   RO         4105    i.LightTask         main.o
    0x08001f60   0x08001f60   0x00000034   Code   RO          771    i.Light_Init        light.o
    0x08001f94   0x08001f94   0x00000014   Code   RO          772    i.Light_Off         light.o
    0x08001fa8   0x08001fa8   0x00000014   Code   RO          773    i.Light_On          light.o
    0x08001fbc   0x08001fbc   0x00000078   Code   RO         4473    i.MQTT_Subscribe    esp01s_wifimoudle.o
    0x08002034   0x08002034   0x000000a0   Code   RO         4474    i.MQTT_UploadPass   esp01s_wifimoudle.o
    0x080020d4   0x080020d4   0x00000058   Code   RO         4476    i.MQTT_UploadUnlockWay  esp01s_wifimoudle.o
    0x0800212c   0x0800212c   0x00000004   Code   RO         4204    i.MemManage_Handler  stm32f10x_it.o
    0x08002130   0x08002130   0x00000174   Code   RO         4106    i.MenuTask          main.o
    0x080022a4   0x080022a4   0x000001a4   Code   RO         4255    i.Menu_Init         menu.o
    0x08002448   0x08002448   0x000000bc   Code   RO          795    i.MySPI_Init        w25q64bv.o
    0x08002504   0x08002504   0x0000000a   Code   RO          796    i.MySPI_Start       w25q64bv.o
    0x0800250e   0x0800250e   0x0000000a   Code   RO          797    i.MySPI_StoP        w25q64bv.o
    0x08002518   0x08002518   0x0000003c   Code   RO          798    i.MySPI_SwapByte    w25q64bv.o
    0x08002554   0x08002554   0x00000018   Code   RO          799    i.MySPI_W_SS        w25q64bv.o
    0x0800256c   0x0800256c   0x00000002   Code   RO         4205    i.NMI_Handler       stm32f10x_it.o
    0x0800256e   0x0800256e   0x00000002   PAD
    0x08002570   0x08002570   0x00000070   Code   RO          903    i.NVIC_Init         misc.o
    0x080025e0   0x080025e0   0x00000014   Code   RO          904    i.NVIC_PriorityGroupConfig  misc.o
    0x080025f4   0x080025f4   0x00000028   Code   RO          137    i.OLED_Clear        oled.o
    0x0800261c   0x0800261c   0x00000090   Code   RO          138    i.OLED_ClearArea    oled.o
    0x080026ac   0x080026ac   0x00000060   Code   RO          142    i.OLED_GPIO_Init    oled.o
    0x0800270c   0x0800270c   0x0000003e   Code   RO          144    i.OLED_I2C_SendByte  oled.o
    0x0800274a   0x0800274a   0x0000001c   Code   RO          145    i.OLED_I2C_Start    oled.o
    0x08002766   0x08002766   0x00000016   Code   RO          146    i.OLED_I2C_Stop     oled.o
    0x0800277c   0x0800277c   0x0000009a   Code   RO          147    i.OLED_Init         oled.o
    0x08002816   0x08002816   0x00000014   Code   RO          149    i.OLED_Pow          oled.o
    0x0800282a   0x0800282a   0x00000002   PAD
    0x0800282c   0x0800282c   0x00000090   Code   RO          152    i.OLED_ReverseArea  oled.o
    0x080028bc   0x080028bc   0x00000022   Code   RO          153    i.OLED_SetCursor    oled.o
    0x080028de   0x080028de   0x00000002   PAD
    0x080028e0   0x080028e0   0x00000054   Code   RO          155    i.OLED_ShowChar     oled.o
    0x08002934   0x08002934   0x00000098   Code   RO          156    i.OLED_ShowChinese  oled.o
    0x080029cc   0x080029cc   0x000000fc   Code   RO          159    i.OLED_ShowImage    oled.o
    0x08002ac8   0x08002ac8   0x0000004c   Code   RO          160    i.OLED_ShowNum      oled.o
    0x08002b14   0x08002b14   0x0000002e   Code   RO          162    i.OLED_ShowString   oled.o
    0x08002b42   0x08002b42   0x00000002   PAD
    0x08002b44   0x08002b44   0x00000028   Code   RO          163    i.OLED_Update       oled.o
    0x08002b6c   0x08002b6c   0x0000007c   Code   RO          164    i.OLED_UpdateArea   oled.o
    0x08002be8   0x08002be8   0x00000018   Code   RO          165    i.OLED_W_SCL        oled.o
    0x08002c00   0x08002c00   0x00000018   Code   RO          166    i.OLED_W_SDA        oled.o
    0x08002c18   0x08002c18   0x00000020   Code   RO          167    i.OLED_WriteCommand  oled.o
    0x08002c38   0x08002c38   0x0000002e   Code   RO          168    i.OLED_WriteData    oled.o
    0x08002c66   0x08002c66   0x00000002   PAD
    0x08002c68   0x08002c68   0x00000054   Code   RO         4256    i.Operation_Face    menu.o
    0x08002cbc   0x08002cbc   0x0000007c   Code   RO         4257    i.Operation_Finger  menu.o
    0x08002d38   0x08002d38   0x00000054   Code   RO         4258    i.Operation_RFID    menu.o
    0x08002d8c   0x08002d8c   0x0000005c   Code   RO          634    i.PS_DeletChar      driver_as608.o
    0x08002de8   0x08002de8   0x0000004c   Code   RO          636    i.PS_GenChar        driver_as608.o
    0x08002e34   0x08002e34   0x00000030   Code   RO          637    i.PS_GetImage       driver_as608.o
    0x08002e64   0x08002e64   0x00000030   Code   RO          638    i.PS_RegModel       driver_as608.o
    0x08002e94   0x08002e94   0x00000094   Code   RO          639    i.PS_Search         driver_as608.o
    0x08002f28   0x08002f28   0x00000034   Code   RO          640    i.PS_StaGPIO_Init   driver_as608.o
    0x08002f5c   0x08002f5c   0x00000058   Code   RO          641    i.PS_StoreChar      driver_as608.o
    0x08002fb4   0x08002fb4   0x00000098   Code   RO         4056    i.PWM_Init          pwm.o
    0x0800304c   0x0800304c   0x00000010   Code   RO         4057    i.PWM_SetCompare1   pwm.o
    0x0800305c   0x0800305c   0x00000010   Code   RO         4259    i.Pass_Func         menu.o
    0x0800306c   0x0800306c   0x000002ec   Code   RO         4260    i.Pass_handlle      menu.o
    0x08003358   0x08003358   0x00000072   Code   RO          490    i.PcdAnticoll       driver_rc522.o
    0x080033ca   0x080033ca   0x00000070   Code   RO          491    i.PcdAuthState      driver_rc522.o
    0x0800343a   0x0800343a   0x00000132   Code   RO          492    i.PcdComMF522       driver_rc522.o
    0x0800356c   0x0800356c   0x00000056   Code   RO          495    i.PcdRequest        driver_rc522.o
    0x080035c2   0x080035c2   0x00000072   Code   RO          496    i.PcdSelect         driver_rc522.o
    0x08003634   0x08003634   0x00000098   Code   RO          497    i.PcdWrite          driver_rc522.o
    0x080036cc   0x080036cc   0x0000007c   Code   RO         4107    i.RC522Task         main.o
    0x08003748   0x08003748   0x0000001a   Code   RO          500    i.RC522_ClearBit_Register  driver_rc522.o
    0x08003762   0x08003762   0x00000002   PAD
    0x08003764   0x08003764   0x00000070   Code   RO          502    i.RC522_GPIO_Init   driver_rc522.o
    0x080037d4   0x080037d4   0x00000050   Code   RO         4589    i.RC522_GetSum      storage.o
    0x08003824   0x08003824   0x0000000c   Code   RO          503    i.RC522_Init        driver_rc522.o
    0x08003830   0x08003830   0x00000034   Code   RO          504    i.RC522_Read_Register  driver_rc522.o
    0x08003864   0x08003864   0x00000088   Code   RO          505    i.RC522_Reset       driver_rc522.o
    0x080038ec   0x080038ec   0x0000004c   Code   RO          506    i.RC522_SPI_ReadByte  driver_rc522.o
    0x08003938   0x08003938   0x00000054   Code   RO          507    i.RC522_SPI_SendByte  driver_rc522.o
    0x0800398c   0x0800398c   0x0000001a   Code   RO          508    i.RC522_SetBit_Register  driver_rc522.o
    0x080039a6   0x080039a6   0x00000030   Code   RO         4593    i.RC522_WriteSumToFlash  storage.o
    0x080039d6   0x080039d6   0x00000002   PAD
    0x080039d8   0x080039d8   0x00000030   Code   RO          509    i.RC522_Write_Register  driver_rc522.o
    0x08003a08   0x08003a08   0x00000020   Code   RO         2469    i.RCC_AHBPeriphClockCmd  stm32f10x_rcc.o
    0x08003a28   0x08003a28   0x00000020   Code   RO         2470    i.RCC_APB1PeriphClockCmd  stm32f10x_rcc.o
    0x08003a48   0x08003a48   0x00000020   Code   RO         2472    i.RCC_APB2PeriphClockCmd  stm32f10x_rcc.o
    0x08003a68   0x08003a68   0x000000d4   Code   RO         2480    i.RCC_GetClocksFreq  stm32f10x_rcc.o
    0x08003b3c   0x08003b3c   0x00000008   Code   RO         4345    i.RFID_Init         rfid.o
    0x08003b44   0x08003b44   0x000000ac   Code   RO         4347    i.RFID_Regis_Handler  rfid.o
    0x08003bf0   0x08003bf0   0x00000048   Code   RO         4348    i.RFID_Register     rfid.o
    0x08003c38   0x08003c38   0x0000008c   Code   RO         4349    i.RFID_Remove       rfid.o
    0x08003cc4   0x08003cc4   0x000000ac   Code   RO         4350    i.RFID_Remove_Handler  rfid.o
    0x08003d70   0x08003d70   0x00000034   Code   RO         4351    i.RFID_Scan         rfid.o
    0x08003da4   0x08003da4   0x00000046   Code   RO         4352    i.RFID_Test         rfid.o
    0x08003dea   0x08003dea   0x00000002   PAD
    0x08003dec   0x08003dec   0x0000000c   Code   RO         4261    i.Register_Func     menu.o
    0x08003df8   0x08003df8   0x0000000c   Code   RO         4262    i.Remove_Func       menu.o
    0x08003e04   0x08003e04   0x00000018   Code   RO         2949    i.SPI_Cmd           stm32f10x_spi.o
    0x08003e1c   0x08003e1c   0x00000012   Code   RO         2957    i.SPI_I2S_GetFlagStatus  stm32f10x_spi.o
    0x08003e2e   0x08003e2e   0x00000006   Code   RO         2960    i.SPI_I2S_ReceiveData  stm32f10x_spi.o
    0x08003e34   0x08003e34   0x00000004   Code   RO         2961    i.SPI_I2S_SendData  stm32f10x_spi.o
    0x08003e38   0x08003e38   0x0000003c   Code   RO         2962    i.SPI_Init          stm32f10x_spi.o
    0x08003e74   0x08003e74   0x0000009c   Code   RO         3895    i.Serial1_Init      uart1.o
    0x08003f10   0x08003f10   0x0000003c   Code   RO         3896    i.Serial1_SendString  uart1.o
    0x08003f4c   0x08003f4c   0x00000020   Code   RO         3941    i.Serial2_Init      uart2.o
    0x08003f6c   0x08003f6c   0x00000030   Code   RO         3943    i.Serial2_SendBByte  uart2.o
    0x08003f9c   0x08003f9c   0x000000b4   Code   RO         4006    i.Serial3_Init      uart3.o
    0x08004050   0x08004050   0x0000003c   Code   RO         4009    i.Serial3_SendString  uart3.o
    0x0800408c   0x0800408c   0x00000012   Code   RO          726    i.Servo_Angle_To_Pulse  servo.o
    0x0800409e   0x0800409e   0x00000014   Code   RO          727    i.Servo_Control_Angle  servo.o
    0x080040b2   0x080040b2   0x00000010   Code   RO          728    i.Servo_Init        servo.o
    0x080040c2   0x080040c2   0x00000008   Code   RO           24    i.SetSysClock       system_stm32f10x.o
    0x080040ca   0x080040ca   0x00000002   PAD
    0x080040cc   0x080040cc   0x000000e0   Code   RO           25    i.SetSysClockTo72   system_stm32f10x.o
    0x080041ac   0x080041ac   0x0000000c   Code   RO         4263    i.Settings_Func     menu.o
    0x080041b8   0x080041b8   0x00000034   Code   RO         4264    i.Show_SystemInfo   menu.o
    0x080041ec   0x080041ec   0x00000088   Code   RO         4594    i.Storage_Init      storage.o
    0x08004274   0x08004274   0x00000034   Code   RO         5902    i.SysTick_Handler   port.o
    0x080042a8   0x080042a8   0x00000060   Code   RO           27    i.SystemInit        system_stm32f10x.o
    0x08004308   0x08004308   0x00000018   Code   RO         3104    i.TIM_Cmd           stm32f10x_tim.o
    0x08004320   0x08004320   0x0000000c   Code   RO         3131    i.TIM_InternalClockConfig  stm32f10x_tim.o
    0x0800432c   0x0800432c   0x00000098   Code   RO         3133    i.TIM_OC1Init       stm32f10x_tim.o
    0x080043c4   0x080043c4   0x00000014   Code   RO         3151    i.TIM_OCStructInit  stm32f10x_tim.o
    0x080043d8   0x080043d8   0x00000004   Code   RO         3165    i.TIM_SetCompare1   stm32f10x_tim.o
    0x080043dc   0x080043dc   0x000000a4   Code   RO         3175    i.TIM_TimeBaseInit  stm32f10x_tim.o
    0x08004480   0x08004480   0x00000138   Code   RO         4074    i.Timer_Create      tim.o
    0x080045b8   0x080045b8   0x0000002c   Code   RO         3897    i.USART1_GetRxData  uart1.o
    0x080045e4   0x080045e4   0x00000054   Code   RO         3898    i.USART1_IRQHandler  uart1.o
    0x08004638   0x08004638   0x00000030   Code   RO         3944    i.USART2_IRQHandler  uart2.o
    0x08004668   0x08004668   0x00000030   Code   RO         4010    i.USART3_IRQHandler  uart3.o
    0x08004698   0x08004698   0x0000001e   Code   RO         3637    i.USART_ClearITPendingBit  stm32f10x_usart.o
    0x080046b6   0x080046b6   0x00000018   Code   RO         3640    i.USART_Cmd         stm32f10x_usart.o
    0x080046ce   0x080046ce   0x00000012   Code   RO         3641    i.USART_DMACmd      stm32f10x_usart.o
    0x080046e0   0x080046e0   0x0000001a   Code   RO         3643    i.USART_GetFlagStatus  stm32f10x_usart.o
    0x080046fa   0x080046fa   0x00000054   Code   RO         3644    i.USART_GetITStatus  stm32f10x_usart.o
    0x0800474e   0x0800474e   0x0000004a   Code   RO         3646    i.USART_ITConfig    stm32f10x_usart.o
    0x08004798   0x08004798   0x000000d8   Code   RO         3647    i.USART_Init        stm32f10x_usart.o
    0x08004870   0x08004870   0x0000000a   Code   RO         3654    i.USART_ReceiveData  stm32f10x_usart.o
    0x0800487a   0x0800487a   0x00000008   Code   RO         3657    i.USART_SendData    stm32f10x_usart.o
    0x08004882   0x08004882   0x00000002   PAD
    0x08004884   0x08004884   0x000000b4   Code   RO         3945    i.Uart2_Init        uart2.o
    0x08004938   0x08004938   0x00000028   Code   RO         3946    i.Uart2_Receiver_Init  uart2.o
    0x08004960   0x08004960   0x00000024   Code   RO         4011    i.Uart3_GetData     uart3.o
    0x08004984   0x08004984   0x00000004   Code   RO         4206    i.UsageFault_Handler  stm32f10x_it.o
    0x08004988   0x08004988   0x00000008   Code   RO          801    i.W25Q64BV_Init     w25q64bv.o
    0x08004990   0x08004990   0x00000050   Code   RO          802    i.W25Q64BV_PageProgram  w25q64bv.o
    0x080049e0   0x080049e0   0x00000036   Code   RO          804    i.W25Q64BV_SectorErase  w25q64bv.o
    0x08004a16   0x08004a16   0x00000002   PAD
    0x08004a18   0x08004a18   0x00000030   Code   RO          805    i.W25Q64BV_WaitBusy  w25q64bv.o
    0x08004a48   0x08004a48   0x00000012   Code   RO          806    i.W25Q64BV_WriteDisable  w25q64bv.o
    0x08004a5a   0x08004a5a   0x00000012   Code   RO          807    i.W25Q64BV_WriteEnable  w25q64bv.o
    0x08004a6c   0x08004a6c   0x000000d4   Code   RO         4108    i.WifiTask          main.o
    0x08004b40   0x08004b40   0x00000034   Code   RO         6241    i.__0snprintf       mc_w.l(printfa.o)
    0x08004b74   0x08004b74   0x00000028   Code   RO         6242    i.__0sprintf        mc_w.l(printfa.o)
    0x08004b9c   0x08004b9c   0x0000000e   Code   RO         6366    i.__scatterload_copy  mc_w.l(handlers.o)
    0x08004baa   0x08004baa   0x00000002   Code   RO         6367    i.__scatterload_null  mc_w.l(handlers.o)
    0x08004bac   0x08004bac   0x0000000e   Code   RO         6368    i.__scatterload_zeroinit  mc_w.l(handlers.o)
    0x08004bba   0x08004bba   0x00000002   PAD
    0x08004bbc   0x08004bbc   0x00000184   Code   RO         6247    i._fp_digits        mc_w.l(printfa.o)
    0x08004d40   0x08004d40   0x000006b4   Code   RO         6248    i._printf_core      mc_w.l(printfa.o)
    0x080053f4   0x080053f4   0x00000024   Code   RO         6249    i._printf_post_padding  mc_w.l(printfa.o)
    0x08005418   0x08005418   0x0000002e   Code   RO         6250    i._printf_pre_padding  mc_w.l(printfa.o)
    0x08005446   0x08005446   0x00000016   Code   RO         6251    i._snputc           mc_w.l(printfa.o)
    0x0800545c   0x0800545c   0x0000000a   Code   RO         6252    i._sputc            mc_w.l(printfa.o)
    0x08005466   0x08005466   0x00000002   PAD
    0x08005468   0x08005468   0x00000230   Code   RO         4109    i.main              main.o
    0x08005698   0x08005698   0x000000c0   Code   RO         5284    i.prvAddCurrentTaskToDelayedList  tasks.o
    0x08005758   0x08005758   0x000000ec   Code   RO         5285    i.prvAddNewTaskToReadyList  tasks.o
    0x08005844   0x08005844   0x00000064   Code   RO         5672    i.prvCheckForValidListAndQueue  timers.o
    0x080058a8   0x080058a8   0x00000048   Code   RO         5286    i.prvCheckTasksWaitingTermination  tasks.o
    0x080058f0   0x080058f0   0x0000002a   Code   RO         4881    i.prvCopyDataFromQueue  queue.o
    0x0800591a   0x0800591a   0x0000007e   Code   RO         4882    i.prvCopyDataToQueue  queue.o
    0x08005998   0x08005998   0x00000012   Code   RO         5287    i.prvDeleteTCB      tasks.o
    0x080059aa   0x080059aa   0x00000014   Code   RO         4883    i.prvGetDisinheritPriorityAfterTimeout  queue.o
    0x080059be   0x080059be   0x00000002   PAD
    0x080059c0   0x080059c0   0x00000028   Code   RO         5673    i.prvGetNextExpireTime  timers.o
    0x080059e8   0x080059e8   0x00000070   Code   RO         5840    i.prvHeapInit       heap_4.o
    0x08005a58   0x08005a58   0x00000028   Code   RO         5288    i.prvIdleTask       tasks.o
    0x08005a80   0x08005a80   0x0000001e   Code   RO         4884    i.prvInitialiseMutex  queue.o
    0x08005a9e   0x08005a9e   0x0000002e   Code   RO         4885    i.prvInitialiseNewQueue  queue.o
    0x08005acc   0x08005acc   0x00000086   Code   RO         5289    i.prvInitialiseNewTask  tasks.o
    0x08005b52   0x08005b52   0x00000038   Code   RO         5674    i.prvInitialiseNewTimer  timers.o
    0x08005b8a   0x08005b8a   0x00000002   PAD
    0x08005b8c   0x08005b8c   0x00000068   Code   RO         5290    i.prvInitialiseTaskLists  tasks.o
    0x08005bf4   0x08005bf4   0x00000068   Code   RO         5841    i.prvInsertBlockIntoFreeList  heap_4.o
    0x08005c5c   0x08005c5c   0x00000058   Code   RO         5675    i.prvInsertTimerInActiveList  timers.o
    0x08005cb4   0x08005cb4   0x0000001a   Code   RO         4886    i.prvIsQueueEmpty   queue.o
    0x08005cce   0x08005cce   0x0000001e   Code   RO         4887    i.prvIsQueueFull    queue.o
    0x08005cec   0x08005cec   0x00000058   Code   RO         4888    i.prvNotifyQueueSetContainer  queue.o
    0x08005d44   0x08005d44   0x00000044   Code   RO         5676    i.prvProcessExpiredTimer  timers.o
    0x08005d88   0x08005d88   0x00000110   Code   RO         5677    i.prvProcessReceivedCommands  timers.o
    0x08005e98   0x08005e98   0x00000074   Code   RO         5678    i.prvProcessTimerOrBlockTask  timers.o
    0x08005f0c   0x08005f0c   0x00000028   Code   RO         5679    i.prvReloadTimer    timers.o
    0x08005f34   0x08005f34   0x00000030   Code   RO         5292    i.prvResetNextTaskUnblockTime  tasks.o
    0x08005f64   0x08005f64   0x0000002c   Code   RO         5680    i.prvSampleTimeNow  timers.o
    0x08005f90   0x08005f90   0x00000044   Code   RO         5681    i.prvSwitchTimerLists  timers.o
    0x08005fd4   0x08005fd4   0x00000016   Code   RO         5903    i.prvTaskExitError  port.o
    0x08005fea   0x08005fea   0x00000002   PAD
    0x08005fec   0x08005fec   0x00000040   Code   RO         5294    i.prvTaskIsTaskSuspended  tasks.o
    0x0800602c   0x0800602c   0x0000001a   Code   RO         5682    i.prvTimerTask      timers.o
    0x08006046   0x08006046   0x00000090   Code   RO         4889    i.prvUnlockQueue    queue.o
    0x080060d6   0x080060d6   0x00000002   PAD
    0x080060d8   0x080060d8   0x000000e4   Code   RO         5843    i.pvPortMalloc      heap_4.o
    0x080061bc   0x080061bc   0x00000020   Code   RO         5296    i.pvTaskIncrementMutexHeldCount  tasks.o
    0x080061dc   0x080061dc   0x00000014   Code   RO         5683    i.pvTimerGetTimerID  timers.o
    0x080061f0   0x080061f0   0x00000024   Code   RO         5904    i.pxPortInitialiseStack  port.o
    0x08006214   0x08006214   0x00000028   Code   RO         4841    i.uxListRemove      list.o
    0x0800623c   0x0800623c   0x0000000c   Code   RO         5299    i.uxTaskGetNumberOfTasks  tasks.o
    0x08006248   0x08006248   0x00000004   Code   RO         4207    i.vApplicationStackOverflowHook  stm32f10x_it.o
    0x0800624c   0x0800624c   0x00000060   Code   RO          428    i.vKeyScan          key.o
    0x080062ac   0x080062ac   0x0000001a   Code   RO         4842    i.vListInitialise   list.o
    0x080062c6   0x080062c6   0x00000006   Code   RO         4843    i.vListInitialiseItem  list.o
    0x080062cc   0x080062cc   0x00000034   Code   RO         4844    i.vListInsert       list.o
    0x08006300   0x08006300   0x00000018   Code   RO         4845    i.vListInsertEnd    list.o
    0x08006318   0x08006318   0x00000024   Code   RO         5906    i.vPortEnterCritical  port.o
    0x0800633c   0x0800633c   0x00000020   Code   RO         5907    i.vPortExitCritical  port.o
    0x0800635c   0x0800635c   0x0000004c   Code   RO         5844    i.vPortFree         heap_4.o
    0x080063a8   0x080063a8   0x00000018   Code   RO         5908    i.vPortSetupTimerInterrupt  port.o
    0x080063c0   0x080063c0   0x00000238   Code   RO         3947    i.vProcessReceivedByte  uart2.o
    0x080065f8   0x080065f8   0x0000009c   Code   RO         4012    i.vProcessReceivedByte  uart3.o
    0x08006694   0x08006694   0x00000048   Code   RO         4895    i.vQueueAddToRegistry  queue.o
    0x080066dc   0x080066dc   0x0000004a   Code   RO         4899    i.vQueueWaitForMessageRestricted  queue.o
    0x08006726   0x08006726   0x00000002   PAD
    0x08006728   0x08006728   0x00000034   Code   RO         5305    i.vTaskDelay        tasks.o
    0x0800675c   0x0800675c   0x00000018   Code   RO         5310    i.vTaskInternalSetTimeOutState  tasks.o
    0x08006774   0x08006774   0x0000000c   Code   RO         5312    i.vTaskMissedYield  tasks.o
    0x08006780   0x08006780   0x00000020   Code   RO         5313    i.vTaskPlaceOnEventList  tasks.o
    0x080067a0   0x080067a0   0x0000004c   Code   RO         5314    i.vTaskPlaceOnEventListRestricted  tasks.o
    0x080067ec   0x080067ec   0x000000d4   Code   RO         5316    i.vTaskPriorityDisinheritAfterTimeout  tasks.o
    0x080068c0   0x080068c0   0x000000ac   Code   RO         5319    i.vTaskResume       tasks.o
    0x0800696c   0x0800696c   0x00000078   Code   RO         5322    i.vTaskStartScheduler  tasks.o
    0x080069e4   0x080069e4   0x000000d8   Code   RO         5323    i.vTaskSuspend      tasks.o
    0x08006abc   0x08006abc   0x00000010   Code   RO         5324    i.vTaskSuspendAll   tasks.o
    0x08006acc   0x08006acc   0x00000080   Code   RO         5325    i.vTaskSwitchContext  tasks.o
    0x08006b4c   0x08006b4c   0x00000030   Code   RO         4075    i.vTimerCallback    tim.o
    0x08006b7c   0x08006b7c   0x00000034   Code   RO         5909    i.xPortStartScheduler  port.o
    0x08006bb0   0x08006bb0   0x00000022   Code   RO         4902    i.xQueueCreateMutex  queue.o
    0x08006bd2   0x08006bd2   0x0000004c   Code   RO         4904    i.xQueueGenericCreate  queue.o
    0x08006c1e   0x08006c1e   0x00000002   PAD
    0x08006c20   0x08006c20   0x000000a0   Code   RO         4905    i.xQueueGenericReset  queue.o
    0x08006cc0   0x08006cc0   0x00000148   Code   RO         4906    i.xQueueGenericSend  queue.o
    0x08006e08   0x08006e08   0x000000b4   Code   RO         4907    i.xQueueGenericSendFromISR  queue.o
    0x08006ebc   0x08006ebc   0x00000104   Code   RO         4914    i.xQueueReceive     queue.o
    0x08006fc0   0x08006fc0   0x00000130   Code   RO         4919    i.xQueueSemaphoreTake  queue.o
    0x080070f0   0x080070f0   0x00000060   Code   RO         5327    i.xTaskCheckForTimeOut  tasks.o
    0x08007150   0x08007150   0x00000068   Code   RO         5328    i.xTaskCreate       tasks.o
    0x080071b8   0x080071b8   0x0000014c   Code   RO         5330    i.xTaskGenericNotify  tasks.o
    0x08007304   0x08007304   0x000000ac   Code   RO         5333    i.xTaskGenericNotifyWait  tasks.o
    0x080073b0   0x080073b0   0x00000020   Code   RO         5335    i.xTaskGetSchedulerState  tasks.o
    0x080073d0   0x080073d0   0x0000000c   Code   RO         5336    i.xTaskGetTickCount  tasks.o
    0x080073dc   0x080073dc   0x00000190   Code   RO         5338    i.xTaskIncrementTick  tasks.o
    0x0800756c   0x0800756c   0x000000ac   Code   RO         5339    i.xTaskPriorityDisinherit  tasks.o
    0x08007618   0x08007618   0x000000ec   Code   RO         5340    i.xTaskPriorityInherit  tasks.o
    0x08007704   0x08007704   0x00000108   Code   RO         5341    i.xTaskRemoveFromEventList  tasks.o
    0x0800780c   0x0800780c   0x0000015c   Code   RO         5342    i.xTaskResumeAll    tasks.o
    0x08007968   0x08007968   0x00000036   Code   RO         5689    i.xTimerCreate      timers.o
    0x0800799e   0x0800799e   0x00000002   PAD
    0x080079a0   0x080079a0   0x0000003c   Code   RO         5690    i.xTimerCreateTimerTask  timers.o
    0x080079dc   0x080079dc   0x0000006c   Code   RO         5691    i.xTimerGenericCommand  timers.o
    0x08007a48   0x08007a48   0x00000022   Code   RO         5696    i.xTimerIsTimerActive  timers.o
    0x08007a6a   0x08007a6a   0x00000f82   Data   RO          477    .constdata          oled_data.o
    0x080089ec   0x080089ec   0x00000014   Data   RO         4076    .constdata          tim.o
    0x08008a00   0x08008a00   0x000001d5   Data   RO         4478    .conststring        esp01s_wifimoudle.o
    0x08008bd5   0x08008bd5   0x00000003   PAD
    0x08008bd8   0x08008bd8   0x00000020   Data   RO         6364    Region$$Table       anon$$obj.o


    Execution Region RW_IRAM1 (Exec base: 0x20000000, Load base: 0x08008bf8, Size: 0x00004628, Max: 0x00005000, ABSOLUTE, COMPRESSED[0x00000094])

    Exec Addr    Load Addr    Size         Type   Attr      Idx    E Section Name        Object

    0x20000000   COMPRESSED   0x00000003   Data   RW          429    .data               key.o
    0x20000003   COMPRESSED   0x00000001   PAD
    0x20000004   COMPRESSED   0x00000030   Data   RW          643    .data               driver_as608.o
    0x20000034   COMPRESSED   0x00000014   Data   RW         2500    .data               stm32f10x_rcc.o
    0x20000048   COMPRESSED   0x00000004   Data   RW         3900    .data               uart1.o
    0x2000004c   COMPRESSED   0x00000008   Data   RW         3949    .data               uart2.o
    0x20000054   COMPRESSED   0x00000004   Data   RW         4014    .data               uart3.o
    0x20000058   COMPRESSED   0x00000014   Data   RW         4077    .data               tim.o
    0x2000006c   COMPRESSED   0x00000038   Data   RW         4110    .data               main.o
    0x200000a4   COMPRESSED   0x0000000b   Data   RW         4266    .data               menu.o
    0x200000af   COMPRESSED   0x00000030   Data   RW         4354    .data               rfid.o
    0x200000df   COMPRESSED   0x00000001   PAD
    0x200000e0   COMPRESSED   0x00000002   Data   RW         4416    .data               finger.o
    0x200000e2   COMPRESSED   0x00000002   PAD
    0x200000e4   COMPRESSED   0x00000030   Data   RW         4479    .data               esp01s_wifimoudle.o
    0x20000114   COMPRESSED   0x00001006   Data   RW         4596    .data               storage.o
    0x2000111a   COMPRESSED   0x00000001   Data   RW         4684    .data               face.o
    0x2000111b   COMPRESSED   0x00000001   PAD
    0x2000111c   COMPRESSED   0x00000040   Data   RW         5345    .data               tasks.o
    0x2000115c   COMPRESSED   0x00000014   Data   RW         5700    .data               timers.o
    0x20001170   COMPRESSED   0x0000001c   Data   RW         5850    .data               heap_4.o
    0x2000118c   COMPRESSED   0x00000004   Data   RW         5910    .data               port.o
    0x20001190        -       0x00000400   Zero   RW          170    .bss                oled.o
    0x20001590        -       0x00000040   Zero   RW          642    .bss                driver_as608.o
    0x200015d0        -       0x00000080   Zero   RW         3899    .bss                uart1.o
    0x20001650        -       0x00000050   Zero   RW         3948    .bss                uart2.o
    0x200016a0        -       0x00000080   Zero   RW         4013    .bss                uart3.o
    0x20001720        -       0x000000f0   Zero   RW         4265    .bss                menu.o
    0x20001810        -       0x00000010   Zero   RW         4353    .bss                rfid.o
    0x20001820        -       0x000000c8   Zero   RW         4477    .bss                esp01s_wifimoudle.o
    0x200018e8        -       0x00000050   Zero   RW         4921    .bss                queue.o
    0x20001938        -       0x000000c8   Zero   RW         5344    .bss                tasks.o
    0x20001a00        -       0x00000028   Zero   RW         5699    .bss                timers.o
    0x20001a28        -       0x00002800   Zero   RW         5849    .bss                heap_4.o
    0x20004228        -       0x00000400   Zero   RW           17    STACK               startup_stm32f10x_md.o


==============================================================================

Image component sizes


      Code (inc. data)   RO Data    RW Data    ZI Data      Debug   Object Name

       124         10          0          0          0        938   beep.o
        64         12          0          0          0        983   body_infrared.o
         0          0          0          0          0       4564   core_cm3.o
        36          0          0          0          0        902   delay.o
       896         44          0         48         64      12158   driver_as608.o
      1564         36          0          0          0      11339   driver_rc522.o
      1654        492        469         48        200       9708   esp01s_wifimoudle.o
         0          0          0          0          0      14412   event_groups.o
       692        198          0          1          0       2681   face.o
      1272        278          0          2          0       4453   finger.o
       520         58          0         28      10240       4383   heap_4.o
       252         36          0          3          0       4538   key.o
        92         16          0          0          0       1288   light.o
       148          0          0          0          0       3002   list.o
      1648        438          0         56          0       8130   main.o
      1936        458          0         11        240      23539   menu.o
       132         22          0          0          0       1551   misc.o
      1644         58          0          0       1024     236944   oled.o
         0          0       3970          0          0       1501   oled_data.o
       404         48          0          4          0       8584   port.o
       168          4          0          0          0       1177   pwm.o
      2040         24          0          0         80      18384   queue.o
       686        108          0         48         16       4852   rfid.o
        54          0          0          0          0       1422   servo.o
        36          8        236          0       1024        784   startup_stm32f10x_md.o
        96          0          0          0          0       3923   stm32f10x_dma.o
       200         18          0          0          0       2132   stm32f10x_exti.o
       458          6          0          0          0       5098   stm32f10x_gpio.o
        24          0          0          0          0       2905   stm32f10x_it.o
       308         38          0         20          0       5018   stm32f10x_rcc.o
       112          0          0          0          0       3858   stm32f10x_spi.o
       376         62          0          0          0       4070   stm32f10x_tim.o
       490          6          0          0          0       7430   stm32f10x_usart.o
       516         18          0       4102          0       5447   storage.o
       328         28          0          0          0      62105   system_stm32f10x.o
      4180        464          0         64        200      37449   tasks.o
       360        106         20         20          0       2453   tim.o
      1194        112          0         20         40      13988   timers.o
       444         58          0          4        128      18883   uart1.o
       916         58          0          8         80       9353   uart2.o
       480         50          0          4        128       3312   uart3.o
       518         26          0          0          0       5951   w25q64bv.o

    ----------------------------------------------------------------------
     27106       3398       4730       4496      13464     575592   Object Totals
         0          0         32          0          0          0   (incl. Generated)
        44          0          3          5          0          0   (incl. Padding)

    ----------------------------------------------------------------------

      Code (inc. data)   RO Data    RW Data    ZI Data      Debug   Library Member Name

        86          0          0          0          0          0   __dczerorl2.o
         0          0          0          0          0          0   entry.o
         0          0          0          0          0          0   entry10a.o
         0          0          0          0          0          0   entry11a.o
         4          0          0          0          0          0   entry12b.o
         8          4          0          0          0          0   entry2.o
         4          0          0          0          0          0   entry5.o
         0          0          0          0          0          0   entry7b.o
         0          0          0          0          0          0   entry8b.o
         8          4          0          0          0          0   entry9a.o
        30          0          0          0          0          0   handlers.o
        36          8          0          0          0         68   init.o
         0          0          0          0          0          0   iusefp.o
        30          0          0          0          0         68   llshl.o
        36          0          0          0          0         68   llsshr.o
        32          0          0          0          0         68   llushr.o
        64          0          0          0          0         76   memmovea.o
        36          0          0          0          0        108   memseta.o
      2310         90          0          0          0        688   printfa.o
        28          0          0          0          0         76   strcmp.o
        30          0          0          0          0         80   strncmp.o
        36          0          0          0          0         80   strstr.o
        44          0          0          0          0         80   uidiv.o
        98          0          0          0          0         92   uldiv.o
        48          0          0          0          0         68   cdrcmple.o
       334          0          0          0          0        148   dadd.o
       222          0          0          0          0        100   ddiv.o
       186          0          0          0          0        176   depilogue.o
        48          0          0          0          0         68   dfixul.o
       228          0          0          0          0         96   dmul.o

    ----------------------------------------------------------------------
      3996        106          0          0          0       2208   Library Totals
        10          0          0          0          0          0   (incl. Padding)

    ----------------------------------------------------------------------

      Code (inc. data)   RO Data    RW Data    ZI Data      Debug   Library Name

      2920        106          0          0          0       1552   mc_w.l
      1066          0          0          0          0        656   mf_w.l

    ----------------------------------------------------------------------
      3996        106          0          0          0       2208   Library Totals

    ----------------------------------------------------------------------

==============================================================================


      Code (inc. data)   RO Data    RW Data    ZI Data      Debug   

     31102       3504       4730       4496      13464     562172   Grand Totals
     31102       3504       4730        148      13464     562172   ELF Image Totals (compressed)
     31102       3504       4730        148          0          0   ROM Totals

==============================================================================

    Total RO  Size (Code + RO Data)                35832 (  34.99kB)
    Total RW  Size (RW Data + ZI Data)             17960 (  17.54kB)
    Total ROM Size (Code + RO Data + RW Data)      35980 (  35.14kB)

==============================================================================

