Component: ARM Compiler 5.06 update 7 (build 960) Tool: armlink [4d3601]

==============================================================================

Section Cross References

    startup_stm32f10x_md.o(RESET) refers to startup_stm32f10x_md.o(STACK) for __initial_sp
    startup_stm32f10x_md.o(RESET) refers to startup_stm32f10x_md.o(.text) for Reset_Handler
    startup_stm32f10x_md.o(RESET) refers to stm32f10x_it.o(i.NMI_Handler) for NMI_Handler
    startup_stm32f10x_md.o(RESET) refers to stm32f10x_it.o(i.HardFault_Handler) for HardFault_Handler
    startup_stm32f10x_md.o(RESET) refers to stm32f10x_it.o(i.MemManage_Handler) for MemManage_Handler
    startup_stm32f10x_md.o(RESET) refers to stm32f10x_it.o(i.BusFault_Handler) for BusFault_Handler
    startup_stm32f10x_md.o(RESET) refers to stm32f10x_it.o(i.UsageFault_Handler) for UsageFault_Handler
    startup_stm32f10x_md.o(RESET) refers to port.o(.emb_text) for SVC_Handler
    startup_stm32f10x_md.o(RESET) refers to stm32f10x_it.o(i.DebugMon_Handler) for DebugMon_Handler
    startup_stm32f10x_md.o(RESET) refers to port.o(i.SysTick_Handler) for SysTick_Handler
    startup_stm32f10x_md.o(RESET) refers to finger.o(i.EXTI1_IRQHandler) for EXTI1_IRQHandler
    startup_stm32f10x_md.o(RESET) refers to uart1.o(i.USART1_IRQHandler) for USART1_IRQHandler
    startup_stm32f10x_md.o(RESET) refers to uart2.o(i.USART2_IRQHandler) for USART2_IRQHandler
    startup_stm32f10x_md.o(RESET) refers to uart3.o(i.USART3_IRQHandler) for USART3_IRQHandler
    startup_stm32f10x_md.o(.text) refers to system_stm32f10x.o(i.SystemInit) for SystemInit
    startup_stm32f10x_md.o(.text) refers to entry.o(.ARM.Collect$$$$00000000) for __main
    system_stm32f10x.o(i.SetSysClock) refers to system_stm32f10x.o(i.SetSysClockTo72) for SetSysClockTo72
    system_stm32f10x.o(i.SystemCoreClockUpdate) refers to system_stm32f10x.o(.data) for SystemCoreClock
    system_stm32f10x.o(i.SystemInit) refers to system_stm32f10x.o(i.SetSysClock) for SetSysClock
    oled.o(i.OLED_Clear) refers to oled.o(.bss) for OLED_DisplayBuf
    oled.o(i.OLED_ClearArea) refers to oled.o(.bss) for OLED_DisplayBuf
    oled.o(i.OLED_DrawLine) refers to oled.o(i.OLED_DrawPoint) for OLED_DrawPoint
    oled.o(i.OLED_DrawPoint) refers to oled.o(.bss) for OLED_DisplayBuf
    oled.o(i.OLED_DrawRectangle) refers to oled.o(i.OLED_DrawPoint) for OLED_DrawPoint
    oled.o(i.OLED_GPIO_Init) refers to stm32f10x_rcc.o(i.RCC_APB2PeriphClockCmd) for RCC_APB2PeriphClockCmd
    oled.o(i.OLED_GPIO_Init) refers to stm32f10x_gpio.o(i.GPIO_Init) for GPIO_Init
    oled.o(i.OLED_GPIO_Init) refers to oled.o(i.OLED_W_SCL) for OLED_W_SCL
    oled.o(i.OLED_GPIO_Init) refers to oled.o(i.OLED_W_SDA) for OLED_W_SDA
    oled.o(i.OLED_GetPoint) refers to oled.o(.bss) for OLED_DisplayBuf
    oled.o(i.OLED_I2C_SendByte) refers to oled.o(i.OLED_W_SDA) for OLED_W_SDA
    oled.o(i.OLED_I2C_SendByte) refers to oled.o(i.OLED_W_SCL) for OLED_W_SCL
    oled.o(i.OLED_I2C_Start) refers to oled.o(i.OLED_W_SDA) for OLED_W_SDA
    oled.o(i.OLED_I2C_Start) refers to oled.o(i.OLED_W_SCL) for OLED_W_SCL
    oled.o(i.OLED_I2C_Stop) refers to oled.o(i.OLED_W_SDA) for OLED_W_SDA
    oled.o(i.OLED_I2C_Stop) refers to oled.o(i.OLED_W_SCL) for OLED_W_SCL
    oled.o(i.OLED_Init) refers to oled.o(i.OLED_GPIO_Init) for OLED_GPIO_Init
    oled.o(i.OLED_Init) refers to oled.o(i.OLED_WriteCommand) for OLED_WriteCommand
    oled.o(i.OLED_Init) refers to oled.o(i.OLED_Clear) for OLED_Clear
    oled.o(i.OLED_Init) refers to oled.o(i.OLED_Update) for OLED_Update
    oled.o(i.OLED_IsInAngle) refers to dflti.o(.text) for __aeabi_i2d
    oled.o(i.OLED_IsInAngle) refers to atan2.o(i.atan2) for atan2
    oled.o(i.OLED_IsInAngle) refers to ddiv.o(.text) for __aeabi_ddiv
    oled.o(i.OLED_IsInAngle) refers to dmul.o(.text) for __aeabi_dmul
    oled.o(i.OLED_IsInAngle) refers to dfixi.o(.text) for __aeabi_d2iz
    oled.o(i.OLED_Printf) refers to printfa.o(i.__0vsprintf) for vsprintf
    oled.o(i.OLED_Printf) refers to oled.o(i.OLED_ShowString) for OLED_ShowString
    oled.o(i.OLED_Reverse) refers to oled.o(.bss) for OLED_DisplayBuf
    oled.o(i.OLED_ReverseArea) refers to oled.o(.bss) for OLED_DisplayBuf
    oled.o(i.OLED_SetCursor) refers to oled.o(i.OLED_WriteCommand) for OLED_WriteCommand
    oled.o(i.OLED_ShowBinNum) refers to oled.o(i.OLED_Pow) for OLED_Pow
    oled.o(i.OLED_ShowBinNum) refers to oled.o(i.OLED_ShowChar) for OLED_ShowChar
    oled.o(i.OLED_ShowChar) refers to oled.o(i.OLED_ShowImage) for OLED_ShowImage
    oled.o(i.OLED_ShowChar) refers to oled_data.o(.constdata) for OLED_F8x16
    oled.o(i.OLED_ShowChinese) refers to strcmp.o(.text) for strcmp
    oled.o(i.OLED_ShowChinese) refers to oled.o(i.OLED_ShowImage) for OLED_ShowImage
    oled.o(i.OLED_ShowChinese) refers to oled_data.o(.constdata) for OLED_CF16x16
    oled.o(i.OLED_ShowFloatNum) refers to cdrcmple.o(.text) for __aeabi_cdrcmple
    oled.o(i.OLED_ShowFloatNum) refers to oled.o(i.OLED_ShowChar) for OLED_ShowChar
[...]
    uxSchedulerSuspended                     0x2000113c   Data           4  tasks.o(.data)
    .data                                    0x20001140   Section       20  timers.o(.data)
    pxCurrentTimerList                       0x20001140   Data           4  timers.o(.data)
    pxOverflowTimerList                      0x20001144   Data           4  timers.o(.data)
    xTimerQueue                              0x20001148   Data           4  timers.o(.data)
    xTimerTaskHandle                         0x2000114c   Data           4  timers.o(.data)
    xLastTime                                0x20001150   Data           4  timers.o(.data)
    .data                                    0x20001154   Section       28  heap_4.o(.data)
    xStart                                   0x20001154   Data           8  heap_4.o(.data)
    pxEnd                                    0x2000115c   Data           4  heap_4.o(.data)
    xFreeBytesRemaining                      0x20001160   Data           4  heap_4.o(.data)
    xMinimumEverFreeBytesRemaining           0x20001164   Data           4  heap_4.o(.data)
    xNumberOfSuccessfulAllocations           0x20001168   Data           4  heap_4.o(.data)
    xNumberOfSuccessfulFrees                 0x2000116c   Data           4  heap_4.o(.data)
    .data                                    0x20001170   Section        4  port.o(.data)
    uxCriticalNesting                        0x20001170   Data           4  port.o(.data)
    .bss                                     0x20001174   Section     1024  oled.o(.bss)
    .bss                                     0x20001574   Section       64  driver_as608.o(.bss)
    .bss                                     0x200015b4   Section      128  uart1.o(.bss)
    .bss                                     0x20001634   Section       80  uart2.o(.bss)
    .bss                                     0x20001684   Section      128  uart3.o(.bss)
    uart3_rx_buff                            0x20001684   Data         128  uart3.o(.bss)
    .bss                                     0x20001704   Section      240  menu.o(.bss)
    .bss                                     0x200017f4   Section       16  rfid.o(.bss)
    .bss                                     0x20001804   Section      200  esp01s_wifimoudle.o(.bss)
    .bss                                     0x200018cc   Section       80  queue.o(.bss)
    .bss                                     0x2000191c   Section      200  tasks.o(.bss)
    pxReadyTasksLists                        0x2000191c   Data         100  tasks.o(.bss)
    xDelayedTaskList1                        0x20001980   Data          20  tasks.o(.bss)
    xDelayedTaskList2                        0x20001994   Data          20  tasks.o(.bss)
    xPendingReadyList                        0x200019a8   Data          20  tasks.o(.bss)
    xTasksWaitingTermination                 0x200019bc   Data          20  tasks.o(.bss)
    xSuspendedTaskList                       0x200019d0   Data          20  tasks.o(.bss)
    .bss                                     0x200019e4   Section       40  timers.o(.bss)
    xActiveTimerList1                        0x200019e4   Data          20  timers.o(.bss)
    xActiveTimerList2                        0x200019f8   Data          20  timers.o(.bss)
    .bss                                     0x20001a0c   Section    10240  heap_4.o(.bss)
    ucHeap                                   0x20001a0c   Data       10240  heap_4.o(.bss)
    STACK                                    0x20004210   Section     1024  startup_stm32f10x_md.o(STACK)

    Global Symbols

    Symbol Name                              Value     Ov Type        Size  Object(Section)

    BuildAttributes$$THM_ISAv4$P$D$K$B$S$PE$A:L22UL41UL21$X:L11$S22US41US21$IEEE1$IW$USESV6$~STKCKD$USESV7$~SHL$OTIME$ROPI$IEEEX$EBA8$MICROLIB$REQ8$PRES8$EABIv2 0x00000000   Number         0  anon$$obj.o ABSOLUTE
    __ARM_use_no_argv                        0x00000000   Number         0  main.o ABSOLUTE
    _printf_a                                0x00000000   Number         0  stubs.o ABSOLUTE
    _printf_c                                0x00000000   Number         0  stubs.o ABSOLUTE
    _printf_charcount                        0x00000000   Number         0  stubs.o ABSOLUTE
    _printf_d                                0x00000000   Number         0  stubs.o ABSOLUTE
    _printf_e                                0x00000000   Number         0  stubs.o ABSOLUTE
    _printf_f                                0x00000000   Number         0  stubs.o ABSOLUTE
    _printf_flags                            0x00000000   Number         0  stubs.o ABSOLUTE
    _printf_fp_dec                           0x00000000   Number         0  stubs.o ABSOLUTE
    _printf_fp_hex                           0x00000000   Number         0  stubs.o ABSOLUTE
    _printf_g                                0x00000000   Number         0  stubs.o ABSOLUTE
    _printf_i                                0x00000000   Number         0  stubs.o ABSOLUTE
    _printf_int_dec                          0x00000000   Number         0  stubs.o ABSOLUTE
    _printf_l                                0x00000000   Number         0  stubs.o ABSOLUTE
    _printf_lc                               0x00000000   Number         0  stubs.o ABSOLUTE
    _printf_ll                               0x00000000   Number         0  stubs.o ABSOLUTE
    _printf_lld                              0x00000000   Number         0  stubs.o ABSOLUTE
    _printf_lli                              0x00000000   Number         0  stubs.o ABSOLUTE
    _printf_llo                              0x00000000   Number         0  stubs.o ABSOLUTE
    _printf_llu                              0x00000000   Number         0  stubs.o ABSOLUTE
    _printf_llx                              0x00000000   Number         0  stubs.o ABSOLUTE
    _printf_longlong_dec                     0x00000000   Number         0  stubs.o ABSOLUTE
    _printf_longlong_hex                     0x00000000   Number         0  stubs.o ABSOLUTE
    _printf_longlong_oct                     0x00000000   Number         0  stubs.o ABSOLUTE
    _printf_ls                               0x00000000   Number         0  stubs.o ABSOLUTE
    _printf_mbtowc                           0x00000000   Number         0  stubs.o ABSOLUTE
    _printf_n                                0x00000000   Number         0  stubs.o ABSOLUTE
    _printf_o                                0x00000000   Number         0  stubs.o ABSOLUTE
    _printf_p                                0x00000000   Number         0  stubs.o ABSOLUTE
    _printf_percent                          0x00000000   Number         0  stubs.o ABSOLUTE
    _printf_pre_padding                      0x00000000   Number         0  stubs.o ABSOLUTE
    _printf_return_value                     0x00000000   Number         0  stubs.o ABSOLUTE
    _printf_s                                0x00000000   Number         0  stubs.o ABSOLUTE
    _printf_sizespec                         0x00000000   Number         0  stubs.o ABSOLUTE
    _printf_str                              0x00000000   Number         0  stubs.o ABSOLUTE
    _printf_truncate_signed                  0x00000000   Number         0  stubs.o ABSOLUTE
    _printf_truncate_unsigned                0x00000000   Number         0  stubs.o ABSOLUTE
    _printf_u                                0x00000000   Number         0  stubs.o ABSOLUTE
    _printf_wc                               0x00000000   Number         0  stubs.o ABSOLUTE
    _printf_wctomb                           0x00000000   Number         0  stubs.o ABSOLUTE
    _printf_widthprec                        0x00000000   Number         0  stubs.o ABSOLUTE
    _printf_x                                0x00000000   Number         0  stubs.o ABSOLUTE
    __arm_fini_                               - Undefined Weak Reference
    __cpp_initialize__aeabi_                  - Undefined Weak Reference
    __cxa_finalize                            - Undefined Weak Reference
    _clock_init                               - Undefined Weak Reference
    _microlib_exit                            - Undefined Weak Reference
    __Vectors_Size                           0x000000ec   Number         0  startup_stm32f10x_md.o ABSOLUTE
    __Vectors                                0x08000000   Data           4  startup_stm32f10x_md.o(RESET)
    __Vectors_End                            0x080000ec   Data           0  startup_stm32f10x_md.o(RESET)
    __main                                   0x080000ed   Thumb Code     0  entry.o(.ARM.Collect$$$$00000000)
    _main_stk                                0x080000ed   Thumb Code     0  entry2.o(.ARM.Collect$$$$00000001)
    _main_scatterload                        0x080000f1   Thumb Code     0  entry5.o(.ARM.Collect$$$$00000004)
    __main_after_scatterload                 0x080000f5   Thumb Code     0  entry5.o(.ARM.Collect$$$$00000004)
    _main_clock                              0x080000f5   Thumb Code     0  entry7b.o(.ARM.Collect$$$$00000008)
    _main_cpp_init                           0x080000f5   Thumb Code     0  entry8b.o(.ARM.Collect$$$$0000000A)
    _main_init                               0x080000f5   Thumb Code     0  entry9a.o(.ARM.Collect$$$$0000000B)
    __rt_lib_shutdown_fini                   0x080000fd   Thumb Code     0  entry12b.o(.ARM.Collect$$$$0000000E)
    __rt_final_cpp                           0x08000101   Thumb Code     0  entry10a.o(.ARM.Collect$$$$0000000F)
    __rt_final_exit                          0x08000101   Thumb Code     0  entry11a.o(.ARM.Collect$$$$00000011)
    SVC_Handler                              0x08000105   Thumb Code    32  port.o(.emb_text)
    __asm___6_port_c_39a90d8d__prvStartFirstTask 0x08000129   Thumb Code    28  port.o(.emb_text)
    PendSV_Handler                           0x08000149   Thumb Code    72  port.o(.emb_text)
    vPortGetIPSR                             0x08000195   Thumb Code     6  port.o(.emb_text)
    Reset_Handler                            0x0800019d   Thumb Code     8  startup_stm32f10x_md.o(.text)
    ADC1_2_IRQHandler                        0x080001b7   Thumb Code     0  startup_stm32f10x_md.o(.text)
    CAN1_RX1_IRQHandler                      0x080001b7   Thumb Code     0  startup_stm32f10x_md.o(.text)
    CAN1_SCE_IRQHandler                      0x080001b7   Thumb Code     0  startup_stm32f10x_md.o(.text)
    DMA1_Channel1_IRQHandler                 0x080001b7   Thumb Code     0  startup_stm32f10x_md.o(.text)
    DMA1_Channel2_IRQHandler                 0x080001b7   Thumb Code     0  startup_stm32f10x_md.o(.text)
    DMA1_Channel3_IRQHandler                 0x080001b7   Thumb Code     0  startup_stm32f10x_md.o(.text)
    DMA1_Channel4_IRQHandler                 0x080001b7   Thumb Code     0  startup_stm32f10x_md.o(.text)
    DMA1_Channel5_IRQHandler                 0x080001b7   Thumb Code     0  startup_stm32f10x_md.o(.text)
    DMA1_Channel6_IRQHandler                 0x080001b7   Thumb Code     0  startup_stm32f10x_md.o(.text)
    DMA1_Channel7_IRQHandler                 0x080001b7   Thumb Code     0  startup_stm32f10x_md.o(.text)
    EXTI0_IRQHandler                         0x080001b7   Thumb Code     0  startup_stm32f10x_md.o(.text)
    EXTI15_10_IRQHandler                     0x080001b7   Thumb Code     0  startup_stm32f10x_md.o(.text)
    EXTI2_IRQHandler                         0x080001b7   Thumb Code     0  startup_stm32f10x_md.o(.text)
    EXTI3_IRQHandler                         0x080001b7   Thumb Code     0  startup_stm32f10x_md.o(.text)
    EXTI4_IRQHandler                         0x080001b7   Thumb Code     0  startup_stm32f10x_md.o(.text)
    EXTI9_5_IRQHandler                       0x080001b7   Thumb Code     0  startup_stm32f10x_md.o(.text)
    FLASH_IRQHandler                         0x080001b7   Thumb Code     0  startup_stm32f10x_md.o(.text)
    I2C1_ER_IRQHandler                       0x080001b7   Thumb Code     0  startup_stm32f10x_md.o(.text)
    I2C1_EV_IRQHandler                       0x080001b7   Thumb Code     0  startup_stm32f10x_md.o(.text)
    I2C2_ER_IRQHandler                       0x080001b7   Thumb Code     0  startup_stm32f10x_md.o(.text)
    I2C2_EV_IRQHandler                       0x080001b7   Thumb Code     0  startup_stm32f10x_md.o(.text)
    PVD_IRQHandler                           0x080001b7   Thumb Code     0  startup_stm32f10x_md.o(.text)
    RCC_IRQHandler                           0x080001b7   Thumb Code     0  startup_stm32f10x_md.o(.text)
    RTCAlarm_IRQHandler                      0x080001b7   Thumb Code     0  startup_stm32f10x_md.o(.text)
    RTC_IRQHandler                           0x080001b7   Thumb Code     0  startup_stm32f10x_md.o(.text)
    SPI1_IRQHandler                          0x080001b7   Thumb Code     0  startup_stm32f10x_md.o(.text)
    SPI2_IRQHandler                          0x080001b7   Thumb Code     0  startup_stm32f10x_md.o(.text)
    TAMPER_IRQHandler                        0x080001b7   Thumb Code     0  startup_stm32f10x_md.o(.text)
    TIM1_BRK_IRQHandler                      0x080001b7   Thumb Code     0  startup_stm32f10x_md.o(.text)
    TIM1_CC_IRQHandler                       0x080001b7   Thumb Code     0  startup_stm32f10x_md.o(.text)
    TIM1_TRG_COM_IRQHandler                  0x080001b7   Thumb Code     0  startup_stm32f10x_md.o(.text)
    TIM1_UP_IRQHandler                       0x080001b7   Thumb Code     0  startup_stm32f10x_md.o(.text)
    TIM2_IRQHandler                          0x080001b7   Thumb Code     0  startup_stm32f10x_md.o(.text)
    TIM3_IRQHandler                          0x080001b7   Thumb Code     0  startup_stm32f10x_md.o(.text)
    TIM4_IRQHandler                          0x080001b7   Thumb Code     0  startup_stm32f10x_md.o(.text)
    USBWakeUp_IRQHandler                     0x080001b7   Thumb Code     0  startup_stm32f10x_md.o(.text)
    USB_HP_CAN1_TX_IRQHandler                0x080001b7   Thumb Code     0  startup_stm32f10x_md.o(.text)
    USB_LP_CAN1_RX0_IRQHandler               0x080001b7   Thumb Code     0  startup_stm32f10x_md.o(.text)
    WWDG_IRQHandler                          0x080001b7   Thumb Code     0  startup_stm32f10x_md.o(.text)
    ___aeabi_memcpy4$move                    0x080001c1   Thumb Code     0  memmovea.o(.text)
    ___aeabi_memcpy8$move                    0x080001c1   Thumb Code     0  memmovea.o(.text)
    __aeabi_memcpy                           0x080001c1   Thumb Code    64  memmovea.o(.text)
    __aeabi_memmove                          0x080001c1   Thumb Code     0  memmovea.o(.text)
    __aeabi_memmove4                         0x080001c1   Thumb Code     0  memmovea.o(.text)
    __aeabi_memmove8                         0x080001c1   Thumb Code     0  memmovea.o(.text)
    __aeabi_memset                           0x08000201   Thumb Code    14  memseta.o(.text)
    __aeabi_memset4                          0x08000201   Thumb Code     0  memseta.o(.text)
    __aeabi_memset8                          0x08000201   Thumb Code     0  memseta.o(.text)
    __aeabi_memclr                           0x0800020f   Thumb Code     4  memseta.o(.text)
    __aeabi_memclr4                          0x0800020f   Thumb Code     0  memseta.o(.text)
    __aeabi_memclr8                          0x0800020f   Thumb Code     0  memseta.o(.text)
    _memset$wrapper                          0x08000213   Thumb Code    18  memseta.o(.text)
    strstr                                   0x08000225   Thumb Code    36  strstr.o(.text)
    memcmp                                   0x08000249   Thumb Code    26  memcmp.o(.text)
    strncmp                                  0x08000263   Thumb Code    30  strncmp.o(.text)
    __aeabi_dadd                             0x08000281   Thumb Code   322  dadd.o(.text)
    __aeabi_dsub                             0x080003c3   Thumb Code     6  dadd.o(.text)
    __aeabi_drsub                            0x080003c9   Thumb Code     6  dadd.o(.text)
    __aeabi_dmul                             0x080003cf   Thumb Code   228  dmul.o(.text)
    __aeabi_ddiv                             0x080004b3   Thumb Code   222  ddiv.o(.text)
    __aeabi_cdrcmple                         0x08000591   Thumb Code    48  cdrcmple.o(.text)
    __aeabi_uidiv                            0x080005c1   Thumb Code     0  uidiv.o(.text)
    __aeabi_uidivmod                         0x080005c1   Thumb Code    44  uidiv.o(.text)
    __aeabi_uldivmod                         0x080005ed   Thumb Code    98  uldiv.o(.text)
    __aeabi_llsl                             0x0800064f   Thumb Code    30  llshl.o(.text)
    _ll_shift_l                              0x0800064f   Thumb Code     0  llshl.o(.text)
    __aeabi_llsr                             0x0800066d   Thumb Code    32  llushr.o(.text)
    _ll_ushift_r                             0x0800066d   Thumb Code     0  llushr.o(.text)
    __aeabi_lasr                             0x0800068d   Thumb Code    36  llsshr.o(.text)
    _ll_sshift_r                             0x0800068d   Thumb Code     0  llsshr.o(.text)
    __I$use$fp                               0x080006b1   Thumb Code     0  iusefp.o(.text)
    _double_round                            0x080006b1   Thumb Code    30  depilogue.o(.text)
    _double_epilogue                         0x080006cf   Thumb Code   156  depilogue.o(.text)
    __aeabi_d2ulz                            0x0800076b   Thumb Code    48  dfixul.o(.text)
    __scatterload                            0x0800079d   Thumb Code    28  init.o(.text)
    __scatterload_rt2                        0x0800079d   Thumb Code     0  init.o(.text)
    __decompress                             0x080007c1   Thumb Code     0  __dczerorl2.o(.text)
    __decompress1                            0x080007c1   Thumb Code    86  __dczerorl2.o(.text)
    AS608Task                                0x08000819   Thumb Code   194  main.o(i.AS608Task)
    AS608_Init                               0x08000909   Thumb Code    12  driver_as608.o(i.AS608_Init)
    AS608_Read                               0x08000915   Thumb Code   188  driver_as608.o(i.AS608_Read)
    AS608_SendCommand                        0x080009dd   Thumb Code   132  driver_as608.o(i.AS608_SendCommand)
    Beep_Init                                0x08000a61   Thumb Code    48  beep.o(i.Beep_Init)
    Beep_On                                  0x08000a95   Thumb Code    66  beep.o(i.Beep_On)
    Body_Infra_GetData                       0x08000add   Thumb Code    18  body_infrared.o(i.Body_Infra_GetData)
    Body_Infra_Init                          0x08000af5   Thumb Code    34  body_infrared.o(i.Body_Infra_Init)
    BusFault_Handler                         0x08000b1d   Thumb Code     4  stm32f10x_it.o(i.BusFault_Handler)
    CalulateCRC                              0x08000b21   Thumb Code   108  driver_rc522.o(i.CalulateCRC)
    DMA_Cmd                                  0x08000b9d   Thumb Code    24  stm32f10x_dma.o(i.DMA_Cmd)
    DMA_GetCurrDataCounter                   0x08000bb5   Thumb Code     8  stm32f10x_dma.o(i.DMA_GetCurrDataCounter)
    DMA_SetCurrDataCounter                   0x08000bbd   Thumb Code     4  stm32f10x_dma.o(i.DMA_SetCurrDataCounter)
    DebugMon_Handler                         0x08000bc1   Thumb Code     2  stm32f10x_it.o(i.DebugMon_Handler)
    Delay_ms                                 0x08000bc3   Thumb Code    24  delay.o(i.Delay_ms)
    Delay_us                                 0x08000bdb   Thumb Code    12  delay.o(i.Delay_us)
    Display_Refresh                          0x08000be9   Thumb Code   128  menu.o(i.Display_Refresh)
    ESP01s_Delay_ms                          0x08000c9d   Thumb Code    24  esp01s_wifimoudle.o(i.ESP01s_Delay_ms)
    EXTI1_IRQHandler                         0x08000cb5   Thumb Code    36  finger.o(i.EXTI1_IRQHandler)
    EXTI_ClearITPendingBit                   0x08000cdd   Thumb Code     6  stm32f10x_exti.o(i.EXTI_ClearITPendingBit)
    EXTI_GetITStatus                         0x08000ce9   Thumb Code    34  stm32f10x_exti.o(i.EXTI_GetITStatus)
    EXTI_Init                                0x08000d11   Thumb Code   142  stm32f10x_exti.o(i.EXTI_Init)
    Esp01s_Delay_us                          0x08000da5   Thumb Code    46  esp01s_wifimoudle.o(i.Esp01s_Delay_us)
    Esp01s_SendCommand                       0x08000dd5   Thumb Code   192  esp01s_wifimoudle.o(i.Esp01s_SendCommand)
    Exit_Func                                0x08000ead   Thumb Code    50  menu.o(i.Exit_Func)
    Face_Init                                0x08000ef1   Thumb Code    18  face.o(i.Face_Init)
    Face_Regis_Handler                       0x08000f09   Thumb Code   218  face.o(i.Face_Regis_Handler)
    Face_Remove_Handler                      0x08001035   Thumb Code   218  face.o(i.Face_Remove_Handler)
    Face_Scan                                0x08001165   Thumb Code    44  face.o(i.Face_Scan)
    Finger_Flush                             0x080011a5   Thumb Code   114  finger.o(i.Finger_Flush)
    Finger_Init                              0x08001217   Thumb Code    74  finger.o(i.Finger_Init)
    Finger_Regis_Handler                     0x08001261   Thumb Code   298  finger.o(i.Finger_Regis_Handler)
    Finger_Register                          0x080013d5   Thumb Code   172  finger.o(i.Finger_Register)
    Finger_Remove_Handler                    0x08001481   Thumb Code   452  finger.o(i.Finger_Remove_Handler)
    GPIO_Init                                0x080016e9   Thumb Code   278  stm32f10x_gpio.o(i.GPIO_Init)
    GPIO_PinRemapConfig                      0x08001801   Thumb Code   138  stm32f10x_gpio.o(i.GPIO_PinRemapConfig)
    GPIO_ReadInputDataBit                    0x08001891   Thumb Code    18  stm32f10x_gpio.o(i.GPIO_ReadInputDataBit)
    GPIO_ResetBits                           0x080018a3   Thumb Code     4  stm32f10x_gpio.o(i.GPIO_ResetBits)
    GPIO_SetBits                             0x080018a7   Thumb Code     4  stm32f10x_gpio.o(i.GPIO_SetBits)
    GPIO_WriteBit                            0x080018ab   Thumb Code    10  stm32f10x_gpio.o(i.GPIO_WriteBit)
    HardFault_Handler                        0x080018b5   Thumb Code     4  stm32f10x_it.o(i.HardFault_Handler)
    K210Task                                 0x080018b9   Thumb Code    48  main.o(i.K210Task)
    KeyNum_Get                               0x080018f1   Thumb Code    20  key.o(i.KeyNum_Get)
    KeyNum_Get_Callback                      0x08001909   Thumb Code    62  key.o(i.KeyNum_Get_Callback)
    Key_Handler                              0x0800194d   Thumb Code   138  menu.o(i.Key_Handler)
    Key_Init                                 0x080019dd   Thumb Code    54  key.o(i.Key_Init)
    LightTask                                0x08001a1d   Thumb Code    32  main.o(i.LightTask)
    Light_Init                               0x08001a3d   Thumb Code    48  light.o(i.Light_Init)
    Light_Off                                0x08001a71   Thumb Code    14  light.o(i.Light_Off)
    Light_On                                 0x08001a85   Thumb Code    14  light.o(i.Light_On)
    MQTT_UploadState                         0x08001a99   Thumb Code    56  esp01s_wifimoudle.o(i.MQTT_UploadState)
    MemManage_Handler                        0x08001b25   Thumb Code     4  stm32f10x_it.o(i.MemManage_Handler)
    MenuTask                                 0x08001b29   Thumb Code   212  main.o(i.MenuTask)
    Menu_Init                                0x08001c1d   Thumb Code   238  menu.o(i.Menu_Init)
    MySPI_Init                               0x08001dd9   Thumb Code   178  w25q64bv.o(i.MySPI_Init)
    MySPI_Start                              0x08001e95   Thumb Code    10  w25q64bv.o(i.MySPI_Start)
    MySPI_StoP                               0x08001e9f   Thumb Code    10  w25q64bv.o(i.MySPI_StoP)
    MySPI_SwapByte                           0x08001ea9   Thumb Code    54  w25q64bv.o(i.MySPI_SwapByte)
    MySPI_W_SS                               0x08001ee5   Thumb Code    18  w25q64bv.o(i.MySPI_W_SS)
    NMI_Handler                              0x08001efd   Thumb Code     2  stm32f10x_it.o(i.NMI_Handler)
    NVIC_Init                                0x08001f01   Thumb Code   100  misc.o(i.NVIC_Init)
    NVIC_PriorityGroupConfig                 0x08001f71   Thumb Code    10  misc.o(i.NVIC_PriorityGroupConfig)
    OLED_Clear                               0x08001f85   Thumb Code    36  oled.o(i.OLED_Clear)
    OLED_ClearArea                           0x08001fad   Thumb Code   140  oled.o(i.OLED_ClearArea)
    OLED_GPIO_Init                           0x0800203d   Thumb Code    92  oled.o(i.OLED_GPIO_Init)
    OLED_I2C_SendByte                        0x0800209d   Thumb Code    62  oled.o(i.OLED_I2C_SendByte)
    OLED_I2C_Start                           0x080020db   Thumb Code    28  oled.o(i.OLED_I2C_Start)
    OLED_I2C_Stop                            0x080020f7   Thumb Code    22  oled.o(i.OLED_I2C_Stop)
    OLED_Init                                0x0800210d   Thumb Code   154  oled.o(i.OLED_Init)
    OLED_Pow                                 0x080021a7   Thumb Code    20  oled.o(i.OLED_Pow)
    OLED_SetCursor                           0x080021bb   Thumb Code    34  oled.o(i.OLED_SetCursor)
    OLED_ShowChar                            0x080021dd   Thumb Code    74  oled.o(i.OLED_ShowChar)
    OLED_ShowImage                           0x08002231   Thumb Code   248  oled.o(i.OLED_ShowImage)
    OLED_ShowNum                             0x0800232d   Thumb Code    76  oled.o(i.OLED_ShowNum)
    OLED_ShowString                          0x08002379   Thumb Code    46  oled.o(i.OLED_ShowString)
    OLED_Update                              0x080023a9   Thumb Code    36  oled.o(i.OLED_Update)
    OLED_UpdateArea                          0x080023d1   Thumb Code   120  oled.o(i.OLED_UpdateArea)
    OLED_W_SCL                               0x0800244d   Thumb Code    18  oled.o(i.OLED_W_SCL)
    OLED_W_SDA                               0x08002465   Thumb Code    18  oled.o(i.OLED_W_SDA)
    OLED_WriteCommand                        0x0800247d   Thumb Code    32  oled.o(i.OLED_WriteCommand)
    OLED_WriteData                           0x0800249d   Thumb Code    46  oled.o(i.OLED_WriteData)
    Operation_Face                           0x080024cd   Thumb Code    70  menu.o(i.Operation_Face)
    Operation_Finger                         0x08002529   Thumb Code    94  menu.o(i.Operation_Finger)
    Operation_RFID                           0x080025a1   Thumb Code    58  menu.o(i.Operation_RFID)
    PS_DeletChar                             0x080025f1   Thumb Code    88  driver_as608.o(i.PS_DeletChar)
    PS_GenChar                               0x0800264d   Thumb Code    72  driver_as608.o(i.PS_GenChar)
    PS_GetImage                              0x08002699   Thumb Code    44  driver_as608.o(i.PS_GetImage)
    PS_RegModel                              0x080026c9   Thumb Code    44  driver_as608.o(i.PS_RegModel)
    PS_Search                                0x080026f9   Thumb Code   142  driver_as608.o(i.PS_Search)
    PS_StaGPIO_Init                          0x0800278d   Thumb Code    46  driver_as608.o(i.PS_StaGPIO_Init)
    PS_StoreChar                             0x080027c1   Thumb Code    84  driver_as608.o(i.PS_StoreChar)
    PWM_Init                                 0x08002819   Thumb Code   148  pwm.o(i.PWM_Init)
    PWM_SetCompare1                          0x080028b1   Thumb Code    16  pwm.o(i.PWM_SetCompare1)
    Pass_Func                                0x080028c1   Thumb Code    12  menu.o(i.Pass_Func)
    Pass_handlle                             0x080028d1   Thumb Code   456  menu.o(i.Pass_handlle)
    PcdAnticoll                              0x08002af5   Thumb Code   114  driver_rc522.o(i.PcdAnticoll)
    PcdAuthState                             0x08002b67   Thumb Code   112  driver_rc522.o(i.PcdAuthState)
    PcdComMF522                              0x08002bd7   Thumb Code   306  driver_rc522.o(i.PcdComMF522)
    PcdRequest                               0x08002d09   Thumb Code    86  driver_rc522.o(i.PcdRequest)
    PcdSelect                                0x08002d5f   Thumb Code   114  driver_rc522.o(i.PcdSelect)
    PcdWrite                                 0x08002dd1   Thumb Code   152  driver_rc522.o(i.PcdWrite)
    RC522Task                                0x08002e69   Thumb Code    50  main.o(i.RC522Task)
    RC522_ClearBit_Register                  0x08002ea9   Thumb Code    26  driver_rc522.o(i.RC522_ClearBit_Register)
    RC522_Delete                             0x08002ec5   Thumb Code   212  storage.o(i.RC522_Delete)
    RC522_GPIO_Init                          0x08002fa1   Thumb Code   102  driver_rc522.o(i.RC522_GPIO_Init)
    RC522_GetSum                             0x08003011   Thumb Code    80  storage.o(i.RC522_GetSum)
    RC522_ID_IsExist                         0x08003061   Thumb Code    66  storage.o(i.RC522_ID_IsExist)
    RC522_Init                               0x080030a9   Thumb Code    12  driver_rc522.o(i.RC522_Init)
    RC522_ReadCardID                         0x080030b5   Thumb Code    56  storage.o(i.RC522_ReadCardID)
    RC522_Read_Register                      0x080030ed   Thumb Code    46  driver_rc522.o(i.RC522_Read_Register)
    RC522_Reset                              0x08003121   Thumb Code   130  driver_rc522.o(i.RC522_Reset)
    RC522_SPI_ReadByte                       0x080031a9   Thumb Code    72  driver_rc522.o(i.RC522_SPI_ReadByte)
    RC522_SPI_SendByte                       0x080031f5   Thumb Code    80  driver_rc522.o(i.RC522_SPI_SendByte)
    RC522_SetBit_Register                    0x08003249   Thumb Code    26  driver_rc522.o(i.RC522_SetBit_Register)
    RC522_WriteIDToFlash                     0x08003265   Thumb Code   124  storage.o(i.RC522_WriteIDToFlash)
    RC522_WriteSumToFlash                    0x080032e9   Thumb Code    48  storage.o(i.RC522_WriteSumToFlash)
    RC522_Write_Register                     0x08003319   Thumb Code    42  driver_rc522.o(i.RC522_Write_Register)
    RCC_APB1PeriphClockCmd                   0x08003349   Thumb Code    26  stm32f10x_rcc.o(i.RCC_APB1PeriphClockCmd)
    RCC_APB2PeriphClockCmd                   0x08003369   Thumb Code    26  stm32f10x_rcc.o(i.RCC_APB2PeriphClockCmd)
    RCC_GetClocksFreq                        0x08003389   Thumb Code   192  stm32f10x_rcc.o(i.RCC_GetClocksFreq)
    RFID_Init                                0x0800345d   Thumb Code    12  rfid.o(i.RFID_Init)
    RFID_Regis_Handler                       0x08003469   Thumb Code   166  rfid.o(i.RFID_Regis_Handler)
    RFID_Register                            0x08003535   Thumb Code    56  rfid.o(i.RFID_Register)
    RFID_Remove                              0x0800357d   Thumb Code   150  rfid.o(i.RFID_Remove)
    RFID_Remove_Handler                      0x08003625   Thumb Code   156  rfid.o(i.RFID_Remove_Handler)
    RFID_Scan                                0x080036e1   Thumb Code    54  rfid.o(i.RFID_Scan)
    RFID_Test                                0x08003721   Thumb Code    70  rfid.o(i.RFID_Test)
    Register_Func                            0x08003769   Thumb Code     8  menu.o(i.Register_Func)
    Remove_Func                              0x08003775   Thumb Code     8  menu.o(i.Remove_Func)
    SPI_Cmd                                  0x08003781   Thumb Code    24  stm32f10x_spi.o(i.SPI_Cmd)
    SPI_I2S_GetFlagStatus                    0x08003799   Thumb Code    18  stm32f10x_spi.o(i.SPI_I2S_GetFlagStatus)
    SPI_I2S_ReceiveData                      0x080037ab   Thumb Code     6  stm32f10x_spi.o(i.SPI_I2S_ReceiveData)
    SPI_I2S_SendData                         0x080037b1   Thumb Code     4  stm32f10x_spi.o(i.SPI_I2S_SendData)
    SPI_Init                                 0x080037b5   Thumb Code    60  stm32f10x_spi.o(i.SPI_Init)
    Serial1_SendString                       0x080037f1   Thumb Code    54  uart1.o(i.Serial1_SendString)
    Serial2_Init                             0x0800382d   Thumb Code    26  uart2.o(i.Serial2_Init)
    Serial2_SendBByte                        0x0800384d   Thumb Code    42  uart2.o(i.Serial2_SendBByte)
    Serial3_Init                             0x0800387d   Thumb Code   170  uart3.o(i.Serial3_Init)
    Serial3_SendString                       0x08003931   Thumb Code    54  uart3.o(i.Serial3_SendString)
    Servo_Angle_To_Pulse                     0x0800396d   Thumb Code    18  servo.o(i.Servo_Angle_To_Pulse)
    Servo_Control_Angle                      0x0800397f   Thumb Code    20  servo.o(i.Servo_Control_Angle)
    Servo_Init                               0x08003993   Thumb Code    16  servo.o(i.Servo_Init)
    Settings_Func                            0x08003a8d   Thumb Code     8  menu.o(i.Settings_Func)
    Show_SystemInfo                          0x08003a99   Thumb Code    36  menu.o(i.Show_SystemInfo)
    Storage_Init                             0x08003acd   Thumb Code    50  storage.o(i.Storage_Init)
    SysTick_Handler                          0x08003b09   Thumb Code    46  port.o(i.SysTick_Handler)
    SystemInit                               0x08003b3d   Thumb Code    78  system_stm32f10x.o(i.SystemInit)
    TIM_Cmd                                  0x08003b9d   Thumb Code    24  stm32f10x_tim.o(i.TIM_Cmd)
    TIM_InternalClockConfig                  0x08003bb5   Thumb Code    12  stm32f10x_tim.o(i.TIM_InternalClockConfig)
    TIM_OC1Init                              0x08003bc1   Thumb Code   132  stm32f10x_tim.o(i.TIM_OC1Init)
    TIM_OCStructInit                         0x08003c59   Thumb Code    20  stm32f10x_tim.o(i.TIM_OCStructInit)
    TIM_SetCompare1                          0x08003c6d   Thumb Code     4  stm32f10x_tim.o(i.TIM_SetCompare1)
    TIM_TimeBaseInit                         0x08003c71   Thumb Code   122  stm32f10x_tim.o(i.TIM_TimeBaseInit)
    Timer_Create                             0x08003d15   Thumb Code    62  tim.o(i.Timer_Create)
    USART1_GetRxData                         0x08003d71   Thumb Code    32  uart1.o(i.USART1_GetRxData)
    USART1_IRQHandler                        0x08003d9d   Thumb Code    66  uart1.o(i.USART1_IRQHandler)
    USART2_IRQHandler                        0x08003df1   Thumb Code    42  uart2.o(i.USART2_IRQHandler)
    USART3_IRQHandler                        0x08003e21   Thumb Code    42  uart3.o(i.USART3_IRQHandler)
    USART_ClearITPendingBit                  0x08003e51   Thumb Code    30  stm32f10x_usart.o(i.USART_ClearITPendingBit)
    USART_Cmd                                0x08003e6f   Thumb Code    24  stm32f10x_usart.o(i.USART_Cmd)
    USART_GetFlagStatus                      0x08003e87   Thumb Code    26  stm32f10x_usart.o(i.USART_GetFlagStatus)
    USART_GetITStatus                        0x08003ea1   Thumb Code    84  stm32f10x_usart.o(i.USART_GetITStatus)
    USART_ITConfig                           0x08003ef5   Thumb Code    74  stm32f10x_usart.o(i.USART_ITConfig)
    USART_Init                               0x08003f41   Thumb Code   210  stm32f10x_usart.o(i.USART_Init)
    USART_ReceiveData                        0x08004019   Thumb Code    10  stm32f10x_usart.o(i.USART_ReceiveData)
    USART_SendData                           0x08004023   Thumb Code     8  stm32f10x_usart.o(i.USART_SendData)
    Uart2_Init                               0x0800402d   Thumb Code   170  uart2.o(i.Uart2_Init)
    Uart2_Receiver_Init                      0x080040e1   Thumb Code    32  uart2.o(i.Uart2_Receiver_Init)
    Uart3_GetData                            0x08004109   Thumb Code    26  uart3.o(i.Uart3_GetData)
    UsageFault_Handler                       0x0800412d   Thumb Code     4  stm32f10x_it.o(i.UsageFault_Handler)
    W25Q64BV_Init                            0x08004131   Thumb Code     8  w25q64bv.o(i.W25Q64BV_Init)
    W25Q64BV_PageProgram                     0x08004139   Thumb Code    80  w25q64bv.o(i.W25Q64BV_PageProgram)
    W25Q64BV_ReadData                        0x08004189   Thumb Code    70  w25q64bv.o(i.W25Q64BV_ReadData)
    W25Q64BV_SectorErase                     0x080041cf   Thumb Code    54  w25q64bv.o(i.W25Q64BV_SectorErase)
    W25Q64BV_WaitBusy                        0x08004205   Thumb Code    44  w25q64bv.o(i.W25Q64BV_WaitBusy)
    W25Q64BV_WriteDisable                    0x08004235   Thumb Code    18  w25q64bv.o(i.W25Q64BV_WriteDisable)
    W25Q64BV_WriteEnable                     0x08004247   Thumb Code    18  w25q64bv.o(i.W25Q64BV_WriteEnable)
    __0snprintf                              0x080042a5   Thumb Code    48  printfa.o(i.__0snprintf)
    __1snprintf                              0x080042a5   Thumb Code     0  printfa.o(i.__0snprintf)
    __2snprintf                              0x080042a5   Thumb Code     0  printfa.o(i.__0snprintf)
    __c89snprintf                            0x080042a5   Thumb Code     0  printfa.o(i.__0snprintf)
    snprintf                                 0x080042a5   Thumb Code     0  printfa.o(i.__0snprintf)
    __scatterload_copy                       0x080042d9   Thumb Code    14  handlers.o(i.__scatterload_copy)
    __scatterload_null                       0x080042e7   Thumb Code     2  handlers.o(i.__scatterload_null)
    __scatterload_zeroinit                   0x080042e9   Thumb Code    14  handlers.o(i.__scatterload_zeroinit)
    main                                     0x08004b99   Thumb Code   172  main.o(i.main)
    pvPortMalloc                             0x080056dd   Thumb Code   208  heap_4.o(i.pvPortMalloc)
    pvTaskIncrementMutexHeldCount            0x080057c1   Thumb Code    26  tasks.o(i.pvTaskIncrementMutexHeldCount)
    pvTimerGetTimerID                        0x080057e1   Thumb Code    20  timers.o(i.pvTimerGetTimerID)
    pxPortInitialiseStack                    0x080057f5   Thumb Code    30  port.o(i.pxPortInitialiseStack)
    uxListRemove                             0x08005819   Thumb Code    40  list.o(i.uxListRemove)
    uxTaskGetNumberOfTasks                   0x08005841   Thumb Code     6  tasks.o(i.uxTaskGetNumberOfTasks)
    vApplicationStackOverflowHook            0x0800584d   Thumb Code     4  stm32f10x_it.o(i.vApplicationStackOverflowHook)
    vKeyScan                                 0x08005851   Thumb Code    80  key.o(i.vKeyScan)
    vListInitialise                          0x080058b1   Thumb Code    26  list.o(i.vListInitialise)
    vListInitialiseItem                      0x080058cb   Thumb Code     6  list.o(i.vListInitialiseItem)
    vListInsert                              0x080058d1   Thumb Code    52  list.o(i.vListInsert)
    vListInsertEnd                           0x08005905   Thumb Code    24  list.o(i.vListInsertEnd)
    vPortEnterCritical                       0x0800591d   Thumb Code    30  port.o(i.vPortEnterCritical)
    vPortExitCritical                        0x08005941   Thumb Code    28  port.o(i.vPortExitCritical)
    vPortFree                                0x08005961   Thumb Code    68  heap_4.o(i.vPortFree)
    vPortSetupTimerInterrupt                 0x080059ad   Thumb Code    20  port.o(i.vPortSetupTimerInterrupt)
    vProcessReceivedByte                     0x080059c5   Thumb Code   552  uart2.o(i.vProcessReceivedByte)
    vQueueAddToRegistry                      0x08005c99   Thumb Code    66  queue.o(i.vQueueAddToRegistry)
    vQueueWaitForMessageRestricted           0x08005ce1   Thumb Code    74  queue.o(i.vQueueWaitForMessageRestricted)
    vTaskDelay                               0x08005d2d   Thumb Code    46  tasks.o(i.vTaskDelay)
    vTaskInternalSetTimeOutState             0x08005d61   Thumb Code    14  tasks.o(i.vTaskInternalSetTimeOutState)
    vTaskMissedYield                         0x08005d79   Thumb Code     8  tasks.o(i.vTaskMissedYield)
    vTaskPlaceOnEventList                    0x08005d85   Thumb Code    28  tasks.o(i.vTaskPlaceOnEventList)
    vTaskPlaceOnEventListRestricted          0x08005da5   Thumb Code    70  tasks.o(i.vTaskPlaceOnEventListRestricted)
    vTaskPriorityDisinheritAfterTimeout      0x08005df1   Thumb Code   204  tasks.o(i.vTaskPriorityDisinheritAfterTimeout)
    vTaskResume                              0x08005ec5   Thumb Code   156  tasks.o(i.vTaskResume)
    vTaskStartScheduler                      0x08005f71   Thumb Code    86  tasks.o(i.vTaskStartScheduler)
    vTaskSuspend                             0x08005fe9   Thumb Code   188  tasks.o(i.vTaskSuspend)
    vTaskSuspendAll                          0x080060c1   Thumb Code    12  tasks.o(i.vTaskSuspendAll)
    vTaskSwitchContext                       0x080060d1   Thumb Code   106  tasks.o(i.vTaskSwitchContext)
    vTimerCallback                           0x08006151   Thumb Code    32  tim.o(i.vTimerCallback)
    xPortStartScheduler                      0x08006175   Thumb Code    42  port.o(i.xPortStartScheduler)
    xQueueCreateMutex                        0x080061a9   Thumb Code    34  queue.o(i.xQueueCreateMutex)
    xQueueGenericCreate                      0x080061cb   Thumb Code    76  queue.o(i.xQueueGenericCreate)
    xQueueGenericReset                       0x08006219   Thumb Code   156  queue.o(i.xQueueGenericReset)
    xQueueGenericSend                        0x080062b9   Thumb Code   322  queue.o(i.xQueueGenericSend)
    xQueueGenericSendFromISR                 0x08006401   Thumb Code   180  queue.o(i.xQueueGenericSendFromISR)
    xQueueReceive                            0x080064b5   Thumb Code   256  queue.o(i.xQueueReceive)
    xQueueSemaphoreTake                      0x080065b9   Thumb Code   300  queue.o(i.xQueueSemaphoreTake)
    xTaskCheckForTimeOut                     0x080066e9   Thumb Code    88  tasks.o(i.xTaskCheckForTimeOut)
    xTaskCreate                              0x08006749   Thumb Code   104  tasks.o(i.xTaskCreate)
    xTaskGenericNotify                       0x080067b1   Thumb Code   314  tasks.o(i.xTaskGenericNotify)
    xTaskGenericNotifyWait                   0x080068fd   Thumb Code   164  tasks.o(i.xTaskGenericNotifyWait)
    xTaskGetSchedulerState                   0x080069a9   Thumb Code    24  tasks.o(i.xTaskGetSchedulerState)
    xTaskGetTickCount                        0x080069c9   Thumb Code     6  tasks.o(i.xTaskGetTickCount)
    xTaskIncrementTick                       0x080069d5   Thumb Code   356  tasks.o(i.xTaskIncrementTick)
    xTaskPriorityDisinherit                  0x08006b65   Thumb Code   162  tasks.o(i.xTaskPriorityDisinherit)
    xTaskPriorityInherit                     0x08006c11   Thumb Code   224  tasks.o(i.xTaskPriorityInherit)
    xTaskRemoveFromEventList                 0x08006cfd   Thumb Code   240  tasks.o(i.xTaskRemoveFromEventList)
    xTaskResumeAll                           0x08006e05   Thumb Code   310  tasks.o(i.xTaskResumeAll)
    xTimerCreate                             0x08006f61   Thumb Code    54  timers.o(i.xTimerCreate)
    xTimerCreateTimerTask                    0x08006f99   Thumb Code    40  timers.o(i.xTimerCreateTimerTask)
    xTimerGenericCommand                     0x08006fd5   Thumb Code   104  timers.o(i.xTimerGenericCommand)
    OLED_F8x16                               0x08007040   Data        1520  oled_data.o(.constdata)
    OLED_F6x8                                0x08007630   Data         570  oled_data.o(.constdata)
    OLED_CF16x16                             0x0800786a   Data         252  oled_data.o(.constdata)
    Diode                                    0x08007966   Data          32  oled_data.o(.constdata)
    Lock32x32                                0x08007986   Data         128  oled_data.o(.constdata)
    Unlock32x32                              0x08007a06   Data         128  oled_data.o(.constdata)
    Region$$Table$$Base                      0x08007be8   Number         0  anon$$obj.o(Region$$Table)
    Region$$Table$$Limit                     0x08007c08   Number         0  anon$$obj.o(Region$$Table)
    g_ucKeyNum                               0x20000000   Data           1  key.o(.data)
    As608_Packet_t                           0x20000004   Data          44  driver_as608.o(.data)
    As608_Packet                             0x20000030   Data           4  driver_as608.o(.data)
    rx_data_ready                            0x20000048   Data           1  uart1.o(.data)
    rx_data_length                           0x2000004a   Data           2  uart1.o(.data)
    xQueueUart2                              0x2000004c   Data           4  uart2.o(.data)
    Uart2_Rx                                 0x20000050   Data           4  uart2.o(.data)
    g_xKeyScanTimer                          0x20000058   Data           4  tim.o(.data)
    g_xUpdateTimer                           0x2000005c   Data           4  tim.o(.data)
    g_xRC522Handle                           0x20000060   Data           4  main.o(.data)
    g_xMenuHandle                            0x20000064   Data           4  main.o(.data)
    g_xAs608Handle                           0x20000068   Data           4  main.o(.data)
    g_xLightHandle                           0x2000006c   Data           4  main.o(.data)
    g_xK210Handle                            0x20000070   Data           4  main.o(.data)
    g_xError                                 0x20000074   Data           2  main.o(.data)
    g_ucDoor_status                          0x20000076   Data           1  main.o(.data)
    g_xMutex_Wifi                            0x20000078   Data           4  main.o(.data)
    g_xMutex_Key                             0x2000007c   Data           4  main.o(.data)
    g_xOledMutex                             0x20000080   Data           4  main.o(.data)
    menuState                                0x20000084   Data           1  main.o(.data)
    g_ucaAdmin_pass                          0x20000085   Data           4  main.o(.data)
    g_usFaceId                               0x2000008a   Data           2  main.o(.data)
    g_uckey                                  0x2000008c   Data           1  main.o(.data)
    current_menu                             0x20000094   Data           4  menu.o(.data)
    menu_root                                0x20000098   Data           4  menu.o(.data)
    g_xMenu_Opera                            0x2000009c   Data           1  menu.o(.data)
    display_offset                           0x2000009d   Data           1  menu.o(.data)
    ucaControlB                              0x2000009e   Data          16  rfid.o(.data)
    ucaVertify                               0x200000ae   Data          16  rfid.o(.data)
    ucaCard_key                              0x200000be   Data           6  rfid.o(.data)
    ucaCard_defaultkey                       0x200000c4   Data           6  rfid.o(.data)
    ucaID                                    0x200000ca   Data           4  rfid.o(.data)
    g_usFingerId                             0x200000ce   Data           2  finger.o(.data)
    gSSID                                    0x200000d0   Data           4  esp01s_wifimoudle.o(.data)
    gSSID_PASS                               0x200000d4   Data           4  esp01s_wifimoudle.o(.data)
    gMQTT_CLIENTID                           0x200000d8   Data           4  esp01s_wifimoudle.o(.data)
    gMQTT_USERNAME                           0x200000dc   Data           4  esp01s_wifimoudle.o(.data)
    gMQTT_PASSWD                             0x200000e0   Data           4  esp01s_wifimoudle.o(.data)
    gMQTT_HOSTURL                            0x200000e4   Data           4  esp01s_wifimoudle.o(.data)
    gMQTT_PORT                               0x200000e8   Data           4  esp01s_wifimoudle.o(.data)
    gMQTT_SUBPATH                            0x200000ec   Data           4  esp01s_wifimoudle.o(.data)
    gMQTT_PUBPATH                            0x200000f0   Data           4  esp01s_wifimoudle.o(.data)
    g_xUart1_rx                              0x200000f4   Data           8  esp01s_wifimoudle.o(.data)
    rx_flag                                  0x200010fe   Data           1  face.o(.data)
    pxCurrentTCB                             0x20001100   Data           4  tasks.o(.data)
    uxTopUsedPriority                        0x20001138   Data           4  tasks.o(.data)
    OLED_DisplayBuf                          0x20001174   Data        1024  oled.o(.bss)
    buffer                                   0x20001574   Data          64  driver_as608.o(.bss)
    rx_buffer                                0x200015b4   Data         128  uart1.o(.bss)
    Packet                                   0x20001634   Data          64  uart2.o(.bss)
    Uart2Receiver                            0x20001674   Data          16  uart2.o(.bss)
    menu_main                                0x20001704   Data          24  menu.o(.bss)
    menu_exit                                0x2000171c   Data          24  menu.o(.bss)
    menu_settings                            0x20001734   Data          24  menu.o(.bss)
    menu_system_info                         0x2000174c   Data          24  menu.o(.bss)
    menu_pass_set                            0x20001764   Data          24  menu.o(.bss)
    menu_register                            0x2000177c   Data          24  menu.o(.bss)
    menu_remove                              0x20001794   Data          24  menu.o(.bss)
    menu_rfid                                0x200017ac   Data          24  menu.o(.bss)
    menu_finger                              0x200017c4   Data          24  menu.o(.bss)
    menu_face                                0x200017dc   Data          24  menu.o(.bss)
    ucaBuffer_wr                             0x200017f4   Data          16  rfid.o(.bss)
    gEsp01s_tx_buff                          0x20001804   Data         200  esp01s_wifimoudle.o(.bss)
    xQueueRegistry                           0x200018cc   Data          80  queue.o(.bss)
    __initial_sp                             0x20004610   Data           0  startup_stm32f10x_md.o(STACK)



==============================================================================

Memory Map of the image

  Image Entry point : 0x080000ed

  Load Region LR_IROM1 (Base: 0x08000000, Size: 0x00008d7c, Max: 0x00010000, ABSOLUTE, COMPRESSED[0x00007c98])

    Execution Region ER_IROM1 (Exec base: 0x08000000, Load base: 0x08000000, Size: 0x00007c08, Max: 0x00010000, ABSOLUTE)

    Exec Addr    Load Addr    Size         Type   Attr      Idx    E Section Name        Object

    0x08000000   0x08000000   0x000000ec   Data   RO           19    RESET               startup_stm32f10x_md.o
    0x080000ec   0x080000ec   0x00000000   Code   RO         5975  * .ARM.Collect$$$$00000000  mc_w.l(entry.o)
    0x080000ec   0x080000ec   0x00000004   Code   RO         6302    .ARM.Collect$$$$00000001  mc_w.l(entry2.o)
    0x080000f0   0x080000f0   0x00000004   Code   RO         6305    .ARM.Collect$$$$00000004  mc_w.l(entry5.o)
    0x080000f4   0x080000f4   0x00000000   Code   RO         6307    .ARM.Collect$$$$00000008  mc_w.l(entry7b.o)
    0x080000f4   0x080000f4   0x00000000   Code   RO         6309    .ARM.Collect$$$$0000000A  mc_w.l(entry8b.o)
    0x080000f4   0x080000f4   0x00000008   Code   RO         6310    .ARM.Collect$$$$0000000B  mc_w.l(entry9a.o)
    0x080000fc   0x080000fc   0x00000004   Code   RO         6317    .ARM.Collect$$$$0000000E  mc_w.l(entry12b.o)
    0x08000100   0x08000100   0x00000000   Code   RO         6312    .ARM.Collect$$$$0000000F  mc_w.l(entry10a.o)
    0x08000100   0x08000100   0x00000000   Code   RO         6314    .ARM.Collect$$$$00000011  mc_w.l(entry11a.o)
    0x08000100   0x08000100   0x00000004   Code   RO         6303    .ARM.Collect$$$$00002712  mc_w.l(entry2.o)
    0x08000104   0x08000104   0x00000096   Code   RO         5894    .emb_text           port.o
    0x0800019a   0x0800019a   0x00000002   PAD
    0x0800019c   0x0800019c   0x00000024   Code   RO           20    .text               startup_stm32f10x_md.o
    0x080001c0   0x080001c0   0x00000040   Code   RO         5980    .text               mc_w.l(memmovea.o)
    0x08000200   0x08000200   0x00000024   Code   RO         5982    .text               mc_w.l(memseta.o)
    0x08000224   0x08000224   0x00000024   Code   RO         5984    .text               mc_w.l(strstr.o)
    0x08000248   0x08000248   0x0000001a   Code   RO         5990    .text               mc_w.l(memcmp.o)
    0x08000262   0x08000262   0x0000001e   Code   RO         5994    .text               mc_w.l(strncmp.o)
    0x08000280   0x08000280   0x0000014e   Code   RO         6261    .text               mf_w.l(dadd.o)
    0x080003ce   0x080003ce   0x000000e4   Code   RO         6263    .text               mf_w.l(dmul.o)
    0x080004b2   0x080004b2   0x000000de   Code   RO         6265    .text               mf_w.l(ddiv.o)
    0x08000590   0x08000590   0x00000030   Code   RO         6275    .text               mf_w.l(cdrcmple.o)
    0x080005c0   0x080005c0   0x0000002c   Code   RO         6319    .text               mc_w.l(uidiv.o)
    0x080005ec   0x080005ec   0x00000062   Code   RO         6321    .text               mc_w.l(uldiv.o)
    0x0800064e   0x0800064e   0x0000001e   Code   RO         6323    .text               mc_w.l(llshl.o)
    0x0800066c   0x0800066c   0x00000020   Code   RO         6325    .text               mc_w.l(llushr.o)
    0x0800068c   0x0800068c   0x00000024   Code   RO         6327    .text               mc_w.l(llsshr.o)
    0x080006b0   0x080006b0   0x00000000   Code   RO         6336    .text               mc_w.l(iusefp.o)
    0x080006b0   0x080006b0   0x000000ba   Code   RO         6337    .text               mf_w.l(depilogue.o)
    0x0800076a   0x0800076a   0x00000030   Code   RO         6341    .text               mf_w.l(dfixul.o)
    0x0800079a   0x0800079a   0x00000002   PAD
    0x0800079c   0x0800079c   0x00000024   Code   RO         6349    .text               mc_w.l(init.o)
    0x080007c0   0x080007c0   0x00000056   Code   RO         6361    .text               mc_w.l(__dczerorl2.o)
    0x08000816   0x08000816   0x00000002   PAD
    0x08000818   0x08000818   0x000000f0   Code   RO         4150    i.AS608Task         main.o
    0x08000908   0x08000908   0x0000000c   Code   RO          631    i.AS608_Init        driver_as608.o
    0x08000914   0x08000914   0x000000c8   Code   RO          632    i.AS608_Read        driver_as608.o
    0x080009dc   0x080009dc   0x00000084   Code   RO          633    i.AS608_SendCommand  driver_as608.o
    0x08000a60   0x08000a60   0x00000034   Code   RO          753    i.Beep_Init         beep.o
    0x08000a94   0x08000a94   0x00000048   Code   RO          754    i.Beep_On           beep.o
    0x08000adc   0x08000adc   0x00000018   Code   RO          882    i.Body_Infra_GetData  body_infrared.o
    0x08000af4   0x08000af4   0x00000028   Code   RO          883    i.Body_Infra_Init   body_infrared.o
    0x08000b1c   0x08000b1c   0x00000004   Code   RO         4236    i.BusFault_Handler  stm32f10x_it.o
    0x08000b20   0x08000b20   0x0000006c   Code   RO          489    i.CalulateCRC       driver_rc522.o
    0x08000b8c   0x08000b8c   0x00000010   Code   RO         4601    i.CheckAddress      storage.o
    0x08000b9c   0x08000b9c   0x00000018   Code   RO         1630    i.DMA_Cmd           stm32f10x_dma.o
    0x08000bb4   0x08000bb4   0x00000008   Code   RO         1632    i.DMA_GetCurrDataCounter  stm32f10x_dma.o
    0x08000bbc   0x08000bbc   0x00000004   Code   RO         1637    i.DMA_SetCurrDataCounter  stm32f10x_dma.o
    0x08000bc0   0x08000bc0   0x00000002   Code   RO         4237    i.DebugMon_Handler  stm32f10x_it.o
    0x08000bc2   0x08000bc2   0x00000018   Code   RO         3870    i.Delay_ms          delay.o
    0x08000bda   0x08000bda   0x0000000c   Code   RO         3872    i.Delay_us          delay.o
    0x08000be6   0x08000be6   0x00000002   PAD
    0x08000be8   0x08000be8   0x000000b4   Code   RO         4287    i.Display_Refresh   menu.o
    0x08000c9c   0x08000c9c   0x00000018   Code   RO         4503    i.ESP01s_Delay_ms   esp01s_wifimoudle.o
    0x08000cb4   0x08000cb4   0x00000028   Code   RO         4450    i.EXTI1_IRQHandler  finger.o
    0x08000cdc   0x08000cdc   0x0000000c   Code   RO         1701    i.EXTI_ClearITPendingBit  stm32f10x_exti.o
    0x08000ce8   0x08000ce8   0x00000028   Code   RO         1705    i.EXTI_GetITStatus  stm32f10x_exti.o
    0x08000d10   0x08000d10   0x00000094   Code   RO         1706    i.EXTI_Init         stm32f10x_exti.o
    0x08000da4   0x08000da4   0x0000002e   Code   RO         4507    i.Esp01s_Delay_us   esp01s_wifimoudle.o
    0x08000dd2   0x08000dd2   0x00000002   PAD
    0x08000dd4   0x08000dd4   0x000000d8   Code   RO         4508    i.Esp01s_SendCommand  esp01s_wifimoudle.o
    0x08000eac   0x08000eac   0x00000044   Code   RO         4288    i.Exit_Func         menu.o
    0x08000ef0   0x08000ef0   0x00000018   Code   RO         4673    i.Face_Init         face.o
    0x08000f08   0x08000f08   0x0000012c   Code   RO         4674    i.Face_Regis_Handler  face.o
    0x08001034   0x08001034   0x00000130   Code   RO         4675    i.Face_Remove_Handler  face.o
    0x08001164   0x08001164   0x00000040   Code   RO         4676    i.Face_Scan         face.o
    0x080011a4   0x080011a4   0x00000072   Code   RO         4451    i.Finger_Flush      finger.o
    0x08001216   0x08001216   0x0000004a   Code   RO         4452    i.Finger_Init       finger.o
    0x08001260   0x08001260   0x00000174   Code   RO         4453    i.Finger_Regis_Handler  finger.o
    0x080013d4   0x080013d4   0x000000ac   Code   RO         4454    i.Finger_Register   finger.o
    0x08001480   0x08001480   0x00000268   Code   RO         4455    i.Finger_Remove_Handler  finger.o
    0x080016e8   0x080016e8   0x00000116   Code   RO         2054    i.GPIO_Init         stm32f10x_gpio.o
    0x080017fe   0x080017fe   0x00000002   PAD
    0x08001800   0x08001800   0x00000090   Code   RO         2056    i.GPIO_PinRemapConfig  stm32f10x_gpio.o
    0x08001890   0x08001890   0x00000012   Code   RO         2058    i.GPIO_ReadInputDataBit  stm32f10x_gpio.o
    0x080018a2   0x080018a2   0x00000004   Code   RO         2061    i.GPIO_ResetBits    stm32f10x_gpio.o
    0x080018a6   0x080018a6   0x00000004   Code   RO         2062    i.GPIO_SetBits      stm32f10x_gpio.o
    0x080018aa   0x080018aa   0x0000000a   Code   RO         2065    i.GPIO_WriteBit     stm32f10x_gpio.o
    0x080018b4   0x080018b4   0x00000004   Code   RO         4238    i.HardFault_Handler  stm32f10x_it.o
    0x080018b8   0x080018b8   0x00000038   Code   RO         4151    i.K210Task          main.o
    0x080018f0   0x080018f0   0x00000018   Code   RO          425    i.KeyNum_Get        key.o
    0x08001908   0x08001908   0x00000044   Code   RO          426    i.KeyNum_Get_Callback  key.o
    0x0800194c   0x0800194c   0x00000090   Code   RO         4289    i.Key_Handler       menu.o
    0x080019dc   0x080019dc   0x00000040   Code   RO          427    i.Key_Init          key.o
    0x08001a1c   0x08001a1c   0x00000020   Code   RO         4152    i.LightTask         main.o
    0x08001a3c   0x08001a3c   0x00000034   Code   RO          771    i.Light_Init        light.o
    0x08001a70   0x08001a70   0x00000014   Code   RO          772    i.Light_Off         light.o
    0x08001a84   0x08001a84   0x00000014   Code   RO          773    i.Light_On          light.o
    0x08001a98   0x08001a98   0x0000008c   Code   RO         4514    i.MQTT_UploadState  esp01s_wifimoudle.o
    0x08001b24   0x08001b24   0x00000004   Code   RO         4239    i.MemManage_Handler  stm32f10x_it.o
    0x08001b28   0x08001b28   0x000000f4   Code   RO         4153    i.MenuTask          main.o
    0x08001c1c   0x08001c1c   0x000001bc   Code   RO         4290    i.Menu_Init         menu.o
    0x08001dd8   0x08001dd8   0x000000bc   Code   RO          795    i.MySPI_Init        w25q64bv.o
    0x08001e94   0x08001e94   0x0000000a   Code   RO          796    i.MySPI_Start       w25q64bv.o
    0x08001e9e   0x08001e9e   0x0000000a   Code   RO          797    i.MySPI_StoP        w25q64bv.o
    0x08001ea8   0x08001ea8   0x0000003c   Code   RO          798    i.MySPI_SwapByte    w25q64bv.o
    0x08001ee4   0x08001ee4   0x00000018   Code   RO          799    i.MySPI_W_SS        w25q64bv.o
    0x08001efc   0x08001efc   0x00000002   Code   RO         4240    i.NMI_Handler       stm32f10x_it.o
    0x08001efe   0x08001efe   0x00000002   PAD
    0x08001f00   0x08001f00   0x00000070   Code   RO          903    i.NVIC_Init         misc.o
    0x08001f70   0x08001f70   0x00000014   Code   RO          904    i.NVIC_PriorityGroupConfig  misc.o
    0x08001f84   0x08001f84   0x00000028   Code   RO          137    i.OLED_Clear        oled.o
    0x08001fac   0x08001fac   0x00000090   Code   RO          138    i.OLED_ClearArea    oled.o
    0x0800203c   0x0800203c   0x00000060   Code   RO          142    i.OLED_GPIO_Init    oled.o
    0x0800209c   0x0800209c   0x0000003e   Code   RO          144    i.OLED_I2C_SendByte  oled.o
    0x080020da   0x080020da   0x0000001c   Code   RO          145    i.OLED_I2C_Start    oled.o
    0x080020f6   0x080020f6   0x00000016   Code   RO          146    i.OLED_I2C_Stop     oled.o
    0x0800210c   0x0800210c   0x0000009a   Code   RO          147    i.OLED_Init         oled.o
    0x080021a6   0x080021a6   0x00000014   Code   RO          149    i.OLED_Pow          oled.o
    0x080021ba   0x080021ba   0x00000022   Code   RO          153    i.OLED_SetCursor    oled.o
    0x080021dc   0x080021dc   0x00000054   Code   RO          155    i.OLED_ShowChar     oled.o
    0x08002230   0x08002230   0x000000fc   Code   RO          159    i.OLED_ShowImage    oled.o
    0x0800232c   0x0800232c   0x0000004c   Code   RO          160    i.OLED_ShowNum      oled.o
    0x08002378   0x08002378   0x0000002e   Code   RO          162    i.OLED_ShowString   oled.o
    0x080023a6   0x080023a6   0x00000002   PAD
    0x080023a8   0x080023a8   0x00000028   Code   RO          163    i.OLED_Update       oled.o
    0x080023d0   0x080023d0   0x0000007c   Code   RO          164    i.OLED_UpdateArea   oled.o
    0x0800244c   0x0800244c   0x00000018   Code   RO          165    i.OLED_W_SCL        oled.o
    0x08002464   0x08002464   0x00000018   Code   RO          166    i.OLED_W_SDA        oled.o
    0x0800247c   0x0800247c   0x00000020   Code   RO          167    i.OLED_WriteCommand  oled.o
    0x0800249c   0x0800249c   0x0000002e   Code   RO          168    i.OLED_WriteData    oled.o
    0x080024ca   0x080024ca   0x00000002   PAD
    0x080024cc   0x080024cc   0x0000005c   Code   RO         4291    i.Operation_Face    menu.o
    0x08002528   0x08002528   0x00000078   Code   RO         4292    i.Operation_Finger  menu.o
    0x080025a0   0x080025a0   0x00000050   Code   RO         4293    i.Operation_RFID    menu.o
    0x080025f0   0x080025f0   0x0000005c   Code   RO          634    i.PS_DeletChar      driver_as608.o
    0x0800264c   0x0800264c   0x0000004c   Code   RO          636    i.PS_GenChar        driver_as608.o
    0x08002698   0x08002698   0x00000030   Code   RO          637    i.PS_GetImage       driver_as608.o
    0x080026c8   0x080026c8   0x00000030   Code   RO          638    i.PS_RegModel       driver_as608.o
    0x080026f8   0x080026f8   0x00000094   Code   RO          639    i.PS_Search         driver_as608.o
    0x0800278c   0x0800278c   0x00000034   Code   RO          640    i.PS_StaGPIO_Init   driver_as608.o
    0x080027c0   0x080027c0   0x00000058   Code   RO          641    i.PS_StoreChar      driver_as608.o
    0x08002818   0x08002818   0x00000098   Code   RO         4066    i.PWM_Init          pwm.o
    0x080028b0   0x080028b0   0x00000010   Code   RO         4067    i.PWM_SetCompare1   pwm.o
    0x080028c0   0x080028c0   0x00000010   Code   RO         4294    i.Pass_Func         menu.o
    0x080028d0   0x080028d0   0x00000224   Code   RO         4295    i.Pass_handlle      menu.o
    0x08002af4   0x08002af4   0x00000072   Code   RO          490    i.PcdAnticoll       driver_rc522.o
    0x08002b66   0x08002b66   0x00000070   Code   RO          491    i.PcdAuthState      driver_rc522.o
    0x08002bd6   0x08002bd6   0x00000132   Code   RO          492    i.PcdComMF522       driver_rc522.o
    0x08002d08   0x08002d08   0x00000056   Code   RO          495    i.PcdRequest        driver_rc522.o
    0x08002d5e   0x08002d5e   0x00000072   Code   RO          496    i.PcdSelect         driver_rc522.o
    0x08002dd0   0x08002dd0   0x00000098   Code   RO          497    i.PcdWrite          driver_rc522.o
    0x08002e68   0x08002e68   0x00000040   Code   RO         4154    i.RC522Task         main.o
    0x08002ea8   0x08002ea8   0x0000001a   Code   RO          500    i.RC522_ClearBit_Register  driver_rc522.o
    0x08002ec2   0x08002ec2   0x00000002   PAD
    0x08002ec4   0x08002ec4   0x000000dc   Code   RO         4602    i.RC522_Delete      storage.o
    0x08002fa0   0x08002fa0   0x00000070   Code   RO          502    i.RC522_GPIO_Init   driver_rc522.o
    0x08003010   0x08003010   0x00000050   Code   RO         4604    i.RC522_GetSum      storage.o
    0x08003060   0x08003060   0x00000048   Code   RO         4605    i.RC522_ID_IsExist  storage.o
    0x080030a8   0x080030a8   0x0000000c   Code   RO          503    i.RC522_Init        driver_rc522.o
    0x080030b4   0x080030b4   0x00000038   Code   RO         4606    i.RC522_ReadCardID  storage.o
    0x080030ec   0x080030ec   0x00000034   Code   RO          504    i.RC522_Read_Register  driver_rc522.o
    0x08003120   0x08003120   0x00000088   Code   RO          505    i.RC522_Reset       driver_rc522.o
    0x080031a8   0x080031a8   0x0000004c   Code   RO          506    i.RC522_SPI_ReadByte  driver_rc522.o
    0x080031f4   0x080031f4   0x00000054   Code   RO          507    i.RC522_SPI_SendByte  driver_rc522.o
    0x08003248   0x08003248   0x0000001a   Code   RO          508    i.RC522_SetBit_Register  driver_rc522.o
    0x08003262   0x08003262   0x00000002   PAD
    0x08003264   0x08003264   0x00000084   Code   RO         4607    i.RC522_WriteIDToFlash  storage.o
    0x080032e8   0x080032e8   0x00000030   Code   RO         4608    i.RC522_WriteSumToFlash  storage.o
    0x08003318   0x08003318   0x00000030   Code   RO          509    i.RC522_Write_Register  driver_rc522.o
    0x08003348   0x08003348   0x00000020   Code   RO         2470    i.RCC_APB1PeriphClockCmd  stm32f10x_rcc.o
    0x08003368   0x08003368   0x00000020   Code   RO         2472    i.RCC_APB2PeriphClockCmd  stm32f10x_rcc.o
    0x08003388   0x08003388   0x000000d4   Code   RO         2480    i.RCC_GetClocksFreq  stm32f10x_rcc.o
    0x0800345c   0x0800345c   0x0000000c   Code   RO         4380    i.RFID_Init         rfid.o
    0x08003468   0x08003468   0x000000cc   Code   RO         4382    i.RFID_Regis_Handler  rfid.o
    0x08003534   0x08003534   0x00000048   Code   RO         4383    i.RFID_Register     rfid.o
    0x0800357c   0x0800357c   0x000000a8   Code   RO         4384    i.RFID_Remove       rfid.o
    0x08003624   0x08003624   0x000000bc   Code   RO         4385    i.RFID_Remove_Handler  rfid.o
    0x080036e0   0x080036e0   0x00000040   Code   RO         4386    i.RFID_Scan         rfid.o
    0x08003720   0x08003720   0x00000046   Code   RO         4387    i.RFID_Test         rfid.o
    0x08003766   0x08003766   0x00000002   PAD
    0x08003768   0x08003768   0x0000000c   Code   RO         4296    i.Register_Func     menu.o
    0x08003774   0x08003774   0x0000000c   Code   RO         4297    i.Remove_Func       menu.o
    0x08003780   0x08003780   0x00000018   Code   RO         2949    i.SPI_Cmd           stm32f10x_spi.o
    0x08003798   0x08003798   0x00000012   Code   RO         2957    i.SPI_I2S_GetFlagStatus  stm32f10x_spi.o
    0x080037aa   0x080037aa   0x00000006   Code   RO         2960    i.SPI_I2S_ReceiveData  stm32f10x_spi.o
    0x080037b0   0x080037b0   0x00000004   Code   RO         2961    i.SPI_I2S_SendData  stm32f10x_spi.o
    0x080037b4   0x080037b4   0x0000003c   Code   RO         2962    i.SPI_Init          stm32f10x_spi.o
    0x080037f0   0x080037f0   0x0000003c   Code   RO         3896    i.Serial1_SendString  uart1.o
    0x0800382c   0x0800382c   0x00000020   Code   RO         3951    i.Serial2_Init      uart2.o
    0x0800384c   0x0800384c   0x00000030   Code   RO         3953    i.Serial2_SendBByte  uart2.o
    0x0800387c   0x0800387c   0x000000b4   Code   RO         4016    i.Serial3_Init      uart3.o
    0x08003930   0x08003930   0x0000003c   Code   RO         4019    i.Serial3_SendString  uart3.o
    0x0800396c   0x0800396c   0x00000012   Code   RO          726    i.Servo_Angle_To_Pulse  servo.o
    0x0800397e   0x0800397e   0x00000014   Code   RO          727    i.Servo_Control_Angle  servo.o
    0x08003992   0x08003992   0x00000010   Code   RO          728    i.Servo_Init        servo.o
    0x080039a2   0x080039a2   0x00000008   Code   RO           24    i.SetSysClock       system_stm32f10x.o
    0x080039aa   0x080039aa   0x00000002   PAD
    0x080039ac   0x080039ac   0x000000e0   Code   RO           25    i.SetSysClockTo72   system_stm32f10x.o
    0x08003a8c   0x08003a8c   0x0000000c   Code   RO         4298    i.Settings_Func     menu.o
    0x08003a98   0x08003a98   0x00000034   Code   RO         4299    i.Show_SystemInfo   menu.o
    0x08003acc   0x08003acc   0x0000003c   Code   RO         4609    i.Storage_Init      storage.o
    0x08003b08   0x08003b08   0x00000034   Code   RO         5895    i.SysTick_Handler   port.o
    0x08003b3c   0x08003b3c   0x00000060   Code   RO           27    i.SystemInit        system_stm32f10x.o
    0x08003b9c   0x08003b9c   0x00000018   Code   RO         3104    i.TIM_Cmd           stm32f10x_tim.o
    0x08003bb4   0x08003bb4   0x0000000c   Code   RO         3131    i.TIM_InternalClockConfig  stm32f10x_tim.o
    0x08003bc0   0x08003bc0   0x00000098   Code   RO         3133    i.TIM_OC1Init       stm32f10x_tim.o
    0x08003c58   0x08003c58   0x00000014   Code   RO         3151    i.TIM_OCStructInit  stm32f10x_tim.o
    0x08003c6c   0x08003c6c   0x00000004   Code   RO         3165    i.TIM_SetCompare1   stm32f10x_tim.o
    0x08003c70   0x08003c70   0x000000a4   Code   RO         3175    i.TIM_TimeBaseInit  stm32f10x_tim.o
    0x08003d14   0x08003d14   0x0000005c   Code   RO         4084    i.Timer_Create      tim.o
    0x08003d70   0x08003d70   0x0000002c   Code   RO         3897    i.USART1_GetRxData  uart1.o
    0x08003d9c   0x08003d9c   0x00000054   Code   RO         3898    i.USART1_IRQHandler  uart1.o
    0x08003df0   0x08003df0   0x00000030   Code   RO         3954    i.USART2_IRQHandler  uart2.o
    0x08003e20   0x08003e20   0x00000030   Code   RO         4020    i.USART3_IRQHandler  uart3.o
    0x08003e50   0x08003e50   0x0000001e   Code   RO         3637    i.USART_ClearITPendingBit  stm32f10x_usart.o
    0x08003e6e   0x08003e6e   0x00000018   Code   RO         3640    i.USART_Cmd         stm32f10x_usart.o
    0x08003e86   0x08003e86   0x0000001a   Code   RO         3643    i.USART_GetFlagStatus  stm32f10x_usart.o
    0x08003ea0   0x08003ea0   0x00000054   Code   RO         3644    i.USART_GetITStatus  stm32f10x_usart.o
    0x08003ef4   0x08003ef4   0x0000004a   Code   RO         3646    i.USART_ITConfig    stm32f10x_usart.o
    0x08003f3e   0x08003f3e   0x00000002   PAD
    0x08003f40   0x08003f40   0x000000d8   Code   RO         3647    i.USART_Init        stm32f10x_usart.o
    0x08004018   0x08004018   0x0000000a   Code   RO         3654    i.USART_ReceiveData  stm32f10x_usart.o
    0x08004022   0x08004022   0x00000008   Code   RO         3657    i.USART_SendData    stm32f10x_usart.o
    0x0800402a   0x0800402a   0x00000002   PAD
    0x0800402c   0x0800402c   0x000000b4   Code   RO         3955    i.Uart2_Init        uart2.o
    0x080040e0   0x080040e0   0x00000028   Code   RO         3956    i.Uart2_Receiver_Init  uart2.o
    0x08004108   0x08004108   0x00000024   Code   RO         4021    i.Uart3_GetData     uart3.o
    0x0800412c   0x0800412c   0x00000004   Code   RO         4241    i.UsageFault_Handler  stm32f10x_it.o
    0x08004130   0x08004130   0x00000008   Code   RO          801    i.W25Q64BV_Init     w25q64bv.o
    0x08004138   0x08004138   0x00000050   Code   RO          802    i.W25Q64BV_PageProgram  w25q64bv.o
    0x08004188   0x08004188   0x00000046   Code   RO          803    i.W25Q64BV_ReadData  w25q64bv.o
    0x080041ce   0x080041ce   0x00000036   Code   RO          804    i.W25Q64BV_SectorErase  w25q64bv.o
    0x08004204   0x08004204   0x00000030   Code   RO          805    i.W25Q64BV_WaitBusy  w25q64bv.o
    0x08004234   0x08004234   0x00000012   Code   RO          806    i.W25Q64BV_WriteDisable  w25q64bv.o
    0x08004246   0x08004246   0x00000012   Code   RO          807    i.W25Q64BV_WriteEnable  w25q64bv.o
    0x08004258   0x08004258   0x0000004c   Code   RO         4610    i.WriteToSector     storage.o
    0x080042a4   0x080042a4   0x00000034   Code   RO         6234    i.__0snprintf       mc_w.l(printfa.o)
    0x080042d8   0x080042d8   0x0000000e   Code   RO         6355    i.__scatterload_copy  mc_w.l(handlers.o)
    0x080042e6   0x080042e6   0x00000002   Code   RO         6356    i.__scatterload_null  mc_w.l(handlers.o)
    0x080042e8   0x080042e8   0x0000000e   Code   RO         6357    i.__scatterload_zeroinit  mc_w.l(handlers.o)
    0x080042f6   0x080042f6   0x00000002   PAD
    0x080042f8   0x080042f8   0x00000184   Code   RO         6240    i._fp_digits        mc_w.l(printfa.o)
    0x0800447c   0x0800447c   0x000006b4   Code   RO         6241    i._printf_core      mc_w.l(printfa.o)
    0x08004b30   0x08004b30   0x00000024   Code   RO         6242    i._printf_post_padding  mc_w.l(printfa.o)
    0x08004b54   0x08004b54   0x0000002e   Code   RO         6243    i._printf_pre_padding  mc_w.l(printfa.o)
    0x08004b82   0x08004b82   0x00000016   Code   RO         6244    i._snputc           mc_w.l(printfa.o)
    0x08004b98   0x08004b98   0x00000104   Code   RO         4155    i.main              main.o
    0x08004c9c   0x08004c9c   0x000000c0   Code   RO         5277    i.prvAddCurrentTaskToDelayedList  tasks.o
    0x08004d5c   0x08004d5c   0x000000ec   Code   RO         5278    i.prvAddNewTaskToReadyList  tasks.o
    0x08004e48   0x08004e48   0x00000064   Code   RO         5665    i.prvCheckForValidListAndQueue  timers.o
    0x08004eac   0x08004eac   0x00000048   Code   RO         5279    i.prvCheckTasksWaitingTermination  tasks.o
    0x08004ef4   0x08004ef4   0x0000002a   Code   RO         4874    i.prvCopyDataFromQueue  queue.o
    0x08004f1e   0x08004f1e   0x0000007e   Code   RO         4875    i.prvCopyDataToQueue  queue.o
    0x08004f9c   0x08004f9c   0x00000012   Code   RO         5280    i.prvDeleteTCB      tasks.o
    0x08004fae   0x08004fae   0x00000014   Code   RO         4876    i.prvGetDisinheritPriorityAfterTimeout  queue.o
    0x08004fc2   0x08004fc2   0x00000002   PAD
    0x08004fc4   0x08004fc4   0x00000028   Code   RO         5666    i.prvGetNextExpireTime  timers.o
    0x08004fec   0x08004fec   0x00000070   Code   RO         5833    i.prvHeapInit       heap_4.o
    0x0800505c   0x0800505c   0x00000028   Code   RO         5281    i.prvIdleTask       tasks.o
    0x08005084   0x08005084   0x0000001e   Code   RO         4877    i.prvInitialiseMutex  queue.o
    0x080050a2   0x080050a2   0x0000002e   Code   RO         4878    i.prvInitialiseNewQueue  queue.o
    0x080050d0   0x080050d0   0x00000086   Code   RO         5282    i.prvInitialiseNewTask  tasks.o
    0x08005156   0x08005156   0x00000038   Code   RO         5667    i.prvInitialiseNewTimer  timers.o
    0x0800518e   0x0800518e   0x00000002   PAD
    0x08005190   0x08005190   0x00000068   Code   RO         5283    i.prvInitialiseTaskLists  tasks.o
    0x080051f8   0x080051f8   0x00000068   Code   RO         5834    i.prvInsertBlockIntoFreeList  heap_4.o
    0x08005260   0x08005260   0x00000058   Code   RO         5668    i.prvInsertTimerInActiveList  timers.o
    0x080052b8   0x080052b8   0x0000001a   Code   RO         4879    i.prvIsQueueEmpty   queue.o
    0x080052d2   0x080052d2   0x0000001e   Code   RO         4880    i.prvIsQueueFull    queue.o
    0x080052f0   0x080052f0   0x00000058   Code   RO         4881    i.prvNotifyQueueSetContainer  queue.o
    0x08005348   0x08005348   0x00000044   Code   RO         5669    i.prvProcessExpiredTimer  timers.o
    0x0800538c   0x0800538c   0x00000110   Code   RO         5670    i.prvProcessReceivedCommands  timers.o
    0x0800549c   0x0800549c   0x00000074   Code   RO         5671    i.prvProcessTimerOrBlockTask  timers.o
    0x08005510   0x08005510   0x00000028   Code   RO         5672    i.prvReloadTimer    timers.o
    0x08005538   0x08005538   0x00000030   Code   RO         5285    i.prvResetNextTaskUnblockTime  tasks.o
    0x08005568   0x08005568   0x0000002c   Code   RO         5673    i.prvSampleTimeNow  timers.o
    0x08005594   0x08005594   0x00000044   Code   RO         5674    i.prvSwitchTimerLists  timers.o
    0x080055d8   0x080055d8   0x00000016   Code   RO         5896    i.prvTaskExitError  port.o
    0x080055ee   0x080055ee   0x00000002   PAD
    0x080055f0   0x080055f0   0x00000040   Code   RO         5287    i.prvTaskIsTaskSuspended  tasks.o
    0x08005630   0x08005630   0x0000001a   Code   RO         5675    i.prvTimerTask      timers.o
    0x0800564a   0x0800564a   0x00000090   Code   RO         4882    i.prvUnlockQueue    queue.o
    0x080056da   0x080056da   0x00000002   PAD
    0x080056dc   0x080056dc   0x000000e4   Code   RO         5836    i.pvPortMalloc      heap_4.o
    0x080057c0   0x080057c0   0x00000020   Code   RO         5289    i.pvTaskIncrementMutexHeldCount  tasks.o
    0x080057e0   0x080057e0   0x00000014   Code   RO         5676    i.pvTimerGetTimerID  timers.o
    0x080057f4   0x080057f4   0x00000024   Code   RO         5897    i.pxPortInitialiseStack  port.o
    0x08005818   0x08005818   0x00000028   Code   RO         4834    i.uxListRemove      list.o
    0x08005840   0x08005840   0x0000000c   Code   RO         5292    i.uxTaskGetNumberOfTasks  tasks.o
    0x0800584c   0x0800584c   0x00000004   Code   RO         4242    i.vApplicationStackOverflowHook  stm32f10x_it.o
    0x08005850   0x08005850   0x00000060   Code   RO          428    i.vKeyScan          key.o
    0x080058b0   0x080058b0   0x0000001a   Code   RO         4835    i.vListInitialise   list.o
    0x080058ca   0x080058ca   0x00000006   Code   RO         4836    i.vListInitialiseItem  list.o
    0x080058d0   0x080058d0   0x00000034   Code   RO         4837    i.vListInsert       list.o
    0x08005904   0x08005904   0x00000018   Code   RO         4838    i.vListInsertEnd    list.o
    0x0800591c   0x0800591c   0x00000024   Code   RO         5899    i.vPortEnterCritical  port.o
    0x08005940   0x08005940   0x00000020   Code   RO         5900    i.vPortExitCritical  port.o
    0x08005960   0x08005960   0x0000004c   Code   RO         5837    i.vPortFree         heap_4.o
    0x080059ac   0x080059ac   0x00000018   Code   RO         5901    i.vPortSetupTimerInterrupt  port.o
    0x080059c4   0x080059c4   0x00000238   Code   RO         3957    i.vProcessReceivedByte  uart2.o
    0x08005bfc   0x08005bfc   0x0000009c   Code   RO         4022    i.vProcessReceivedByte  uart3.o
    0x08005c98   0x08005c98   0x00000048   Code   RO         4888    i.vQueueAddToRegistry  queue.o
    0x08005ce0   0x08005ce0   0x0000004a   Code   RO         4892    i.vQueueWaitForMessageRestricted  queue.o
    0x08005d2a   0x08005d2a   0x00000002   PAD
    0x08005d2c   0x08005d2c   0x00000034   Code   RO         5298    i.vTaskDelay        tasks.o
    0x08005d60   0x08005d60   0x00000018   Code   RO         5303    i.vTaskInternalSetTimeOutState  tasks.o
    0x08005d78   0x08005d78   0x0000000c   Code   RO         5305    i.vTaskMissedYield  tasks.o
    0x08005d84   0x08005d84   0x00000020   Code   RO         5306    i.vTaskPlaceOnEventList  tasks.o
    0x08005da4   0x08005da4   0x0000004c   Code   RO         5307    i.vTaskPlaceOnEventListRestricted  tasks.o
    0x08005df0   0x08005df0   0x000000d4   Code   RO         5309    i.vTaskPriorityDisinheritAfterTimeout  tasks.o
    0x08005ec4   0x08005ec4   0x000000ac   Code   RO         5312    i.vTaskResume       tasks.o
    0x08005f70   0x08005f70   0x00000078   Code   RO         5315    i.vTaskStartScheduler  tasks.o
    0x08005fe8   0x08005fe8   0x000000d8   Code   RO         5316    i.vTaskSuspend      tasks.o
    0x080060c0   0x080060c0   0x00000010   Code   RO         5317    i.vTaskSuspendAll   tasks.o
    0x080060d0   0x080060d0   0x00000080   Code   RO         5318    i.vTaskSwitchContext  tasks.o
    0x08006150   0x08006150   0x00000024   Code   RO         4085    i.vTimerCallback    tim.o
    0x08006174   0x08006174   0x00000034   Code   RO         5902    i.xPortStartScheduler  port.o
    0x080061a8   0x080061a8   0x00000022   Code   RO         4895    i.xQueueCreateMutex  queue.o
    0x080061ca   0x080061ca   0x0000004c   Code   RO         4897    i.xQueueGenericCreate  queue.o
    0x08006216   0x08006216   0x00000002   PAD
    0x08006218   0x08006218   0x000000a0   Code   RO         4898    i.xQueueGenericReset  queue.o
    0x080062b8   0x080062b8   0x00000148   Code   RO         4899    i.xQueueGenericSend  queue.o
    0x08006400   0x08006400   0x000000b4   Code   RO         4900    i.xQueueGenericSendFromISR  queue.o
    0x080064b4   0x080064b4   0x00000104   Code   RO         4907    i.xQueueReceive     queue.o
    0x080065b8   0x080065b8   0x00000130   Code   RO         4912    i.xQueueSemaphoreTake  queue.o
    0x080066e8   0x080066e8   0x00000060   Code   RO         5320    i.xTaskCheckForTimeOut  tasks.o
    0x08006748   0x08006748   0x00000068   Code   RO         5321    i.xTaskCreate       tasks.o
    0x080067b0   0x080067b0   0x0000014c   Code   RO         5323    i.xTaskGenericNotify  tasks.o
    0x080068fc   0x080068fc   0x000000ac   Code   RO         5326    i.xTaskGenericNotifyWait  tasks.o
    0x080069a8   0x080069a8   0x00000020   Code   RO         5328    i.xTaskGetSchedulerState  tasks.o
    0x080069c8   0x080069c8   0x0000000c   Code   RO         5329    i.xTaskGetTickCount  tasks.o
    0x080069d4   0x080069d4   0x00000190   Code   RO         5331    i.xTaskIncrementTick  tasks.o
    0x08006b64   0x08006b64   0x000000ac   Code   RO         5332    i.xTaskPriorityDisinherit  tasks.o
    0x08006c10   0x08006c10   0x000000ec   Code   RO         5333    i.xTaskPriorityInherit  tasks.o
    0x08006cfc   0x08006cfc   0x00000108   Code   RO         5334    i.xTaskRemoveFromEventList  tasks.o
    0x08006e04   0x08006e04   0x0000015c   Code   RO         5335    i.xTaskResumeAll    tasks.o
    0x08006f60   0x08006f60   0x00000036   Code   RO         5682    i.xTimerCreate      timers.o
    0x08006f96   0x08006f96   0x00000002   PAD
    0x08006f98   0x08006f98   0x0000003c   Code   RO         5683    i.xTimerCreateTimerTask  timers.o
    0x08006fd4   0x08006fd4   0x0000006c   Code   RO         5684    i.xTimerGenericCommand  timers.o
    0x08007040   0x08007040   0x00000a46   Data   RO          477    .constdata          oled_data.o
    0x08007a86   0x08007a86   0x00000002   PAD
    0x08007a88   0x08007a88   0x00000008   Data   RO         4086    .constdata          tim.o
    0x08007a90   0x08007a90   0x00000155   Data   RO         4516    .conststring        esp01s_wifimoudle.o
    0x08007be5   0x08007be5   0x00000003   PAD
    0x08007be8   0x08007be8   0x00000020   Data   RO         6353    Region$$Table       anon$$obj.o


    Execution Region RW_IRAM1 (Exec base: 0x20000000, Load base: 0x08007c08, Size: 0x00004610, Max: 0x00005000, ABSOLUTE, COMPRESSED[0x00000090])

    Exec Addr    Load Addr    Size         Type   Attr      Idx    E Section Name        Object

    0x20000000   COMPRESSED   0x00000003   Data   RW          429    .data               key.o
    0x20000003   COMPRESSED   0x00000001   PAD
    0x20000004   COMPRESSED   0x00000030   Data   RW          643    .data               driver_as608.o
    0x20000034   COMPRESSED   0x00000014   Data   RW         2500    .data               stm32f10x_rcc.o
    0x20000048   COMPRESSED   0x00000004   Data   RW         3901    .data               uart1.o
    0x2000004c   COMPRESSED   0x00000008   Data   RW         3959    .data               uart2.o
    0x20000054   COMPRESSED   0x00000004   Data   RW         4024    .data               uart3.o
    0x20000058   COMPRESSED   0x00000008   Data   RW         4087    .data               tim.o
    0x20000060   COMPRESSED   0x00000033   Data   RW         4156    .data               main.o
    0x20000093   COMPRESSED   0x00000001   PAD
    0x20000094   COMPRESSED   0x0000000a   Data   RW         4301    .data               menu.o
    0x2000009e   COMPRESSED   0x00000030   Data   RW         4389    .data               rfid.o
    0x200000ce   COMPRESSED   0x00000002   Data   RW         4457    .data               finger.o
    0x200000d0   COMPRESSED   0x0000002c   Data   RW         4517    .data               esp01s_wifimoudle.o
    0x200000fc   COMPRESSED   0x00001002   Data   RW         4611    .data               storage.o
    0x200010fe   COMPRESSED   0x00000001   Data   RW         4677    .data               face.o
    0x200010ff   COMPRESSED   0x00000001   PAD
    0x20001100   COMPRESSED   0x00000040   Data   RW         5338    .data               tasks.o
    0x20001140   COMPRESSED   0x00000014   Data   RW         5693    .data               timers.o
    0x20001154   COMPRESSED   0x0000001c   Data   RW         5843    .data               heap_4.o
    0x20001170   COMPRESSED   0x00000004   Data   RW         5903    .data               port.o
    0x20001174        -       0x00000400   Zero   RW          170    .bss                oled.o
    0x20001574        -       0x00000040   Zero   RW          642    .bss                driver_as608.o
    0x200015b4        -       0x00000080   Zero   RW         3900    .bss                uart1.o
    0x20001634        -       0x00000050   Zero   RW         3958    .bss                uart2.o
    0x20001684        -       0x00000080   Zero   RW         4023    .bss                uart3.o
    0x20001704        -       0x000000f0   Zero   RW         4300    .bss                menu.o
    0x200017f4        -       0x00000010   Zero   RW         4388    .bss                rfid.o
    0x20001804        -       0x000000c8   Zero   RW         4515    .bss                esp01s_wifimoudle.o
    0x200018cc        -       0x00000050   Zero   RW         4914    .bss                queue.o
    0x2000191c        -       0x000000c8   Zero   RW         5337    .bss                tasks.o
    0x200019e4        -       0x00000028   Zero   RW         5692    .bss                timers.o
    0x20001a0c        -       0x00002800   Zero   RW         5842    .bss                heap_4.o
    0x2000420c   COMPRESSED   0x00000004   PAD
    0x20004210        -       0x00000400   Zero   RW           17    STACK               startup_stm32f10x_md.o


==============================================================================

Image component sizes


      Code (inc. data)   RO Data    RW Data    ZI Data      Debug   Object Name

       124         10          0          0          0        938   beep.o
        64         12          0          0          0        979   body_infrared.o
         0          0          0          0          0       4564   core_cm3.o
        36          0          0          0          0        902   delay.o
       896         44          0         48         64      12158   driver_as608.o
      1564         36          0          0          0      11335   driver_rc522.o
       426        108        341         44        200       4083   esp01s_wifimoudle.o
         0          0          0          0          0      14412   event_groups.o
       692        194          0          1          0       2669   face.o
      1388        248          0          2          0       4457   finger.o
       520         58          0         28      10240       4383   heap_4.o
       252         36          0          3          0       4538   key.o
        92         16          0          0          0       1288   light.o
       148          0          0          0          0       3002   list.o
       896        188          0         51          0       6077   main.o
      1780        476          0         10        240      23154   menu.o
       132         22          0          0          0       1551   misc.o
      1348         46          0          0       1024     235494   oled.o
         0          0       2630          0          0       1172   oled_data.o
       404         48          0          4          0       8584   port.o
       168          4          0          0          0       1177   pwm.o
      2040         24          0          0         80      18384   queue.o
       778        114          0         48         16       5916   rfid.o
        54          0          0          0          0       1422   servo.o
        36          8        236          0       1024        784   startup_stm32f10x_md.o
        36          0          0          0          0       3312   stm32f10x_dma.o
       200         18          0          0          0       2132   stm32f10x_exti.o
       458          6          0          0          0       5098   stm32f10x_gpio.o
        24          0          0          0          0       2905   stm32f10x_it.o
       276         32          0         20          0       4450   stm32f10x_rcc.o
       112          0          0          0          0       3858   stm32f10x_spi.o
       376         62          0          0          0       4070   stm32f10x_tim.o
       472          6          0          0          0       6835   stm32f10x_usart.o
       760         32          0       4098          0       6614   storage.o
       328         28          0          0          0      62105   system_stm32f10x.o
      4180        464          0         64        200      37449   tasks.o
       128         34          8          8          0       1695   tim.o
      1160        112          0         20         40      13410   timers.o
       188         36          0          4        128       2609   uart1.o
       916         58          0          8         80       9353   uart2.o
       480         50          0          4        128       3312   uart3.o
       588         26          0          0          0       6599   w25q64bv.o

    ----------------------------------------------------------------------
     24560       2656       3252       4468      13468     549229   Object Totals
         0          0         32          0          0          0   (incl. Generated)
        40          0          5          3          4          0   (incl. Padding)

    ----------------------------------------------------------------------

      Code (inc. data)   RO Data    RW Data    ZI Data      Debug   Library Member Name

        86          0          0          0          0          0   __dczerorl2.o
         0          0          0          0          0          0   entry.o
         0          0          0          0          0          0   entry10a.o
         0          0          0          0          0          0   entry11a.o
         4          0          0          0          0          0   entry12b.o
         8          4          0          0          0          0   entry2.o
         4          0          0          0          0          0   entry5.o
         0          0          0          0          0          0   entry7b.o
         0          0          0          0          0          0   entry8b.o
         8          4          0          0          0          0   entry9a.o
        30          0          0          0          0          0   handlers.o
        36          8          0          0          0         68   init.o
         0          0          0          0          0          0   iusefp.o
        30          0          0          0          0         68   llshl.o
        36          0          0          0          0         68   llsshr.o
        32          0          0          0          0         68   llushr.o
        26          0          0          0          0         80   memcmp.o
        64          0          0          0          0         76   memmovea.o
        36          0          0          0          0        108   memseta.o
      2260         84          0          0          0        536   printfa.o
        30          0          0          0          0         80   strncmp.o
        36          0          0          0          0         80   strstr.o
        44          0          0          0          0         80   uidiv.o
        98          0          0          0          0         92   uldiv.o
        48          0          0          0          0         68   cdrcmple.o
       334          0          0          0          0        148   dadd.o
       222          0          0          0          0        100   ddiv.o
       186          0          0          0          0        176   depilogue.o
        48          0          0          0          0         68   dfixul.o
       228          0          0          0          0         96   dmul.o

    ----------------------------------------------------------------------
      3940        100          0          0          0       2060   Library Totals
         6          0          0          0          0          0   (incl. Padding)

    ----------------------------------------------------------------------

      Code (inc. data)   RO Data    RW Data    ZI Data      Debug   Library Name

      2868        100          0          0          0       1404   mc_w.l
      1066          0          0          0          0        656   mf_w.l

    ----------------------------------------------------------------------
      3940        100          0          0          0       2060   Library Totals

    ----------------------------------------------------------------------

==============================================================================


      Code (inc. data)   RO Data    RW Data    ZI Data      Debug   

     28500       2756       3252       4468      13468     536649   Grand Totals
     28500       2756       3252        144      13468     536649   ELF Image Totals (compressed)
     28500       2756       3252        144          0          0   ROM Totals

==============================================================================

    Total RO  Size (Code + RO Data)                31752 (  31.01kB)
    Total RW  Size (RW Data + ZI Data)             17936 (  17.52kB)
    Total ROM Size (Code + RO Data + RW Data)      31896 (  31.15kB)

==============================================================================

